<html>
<body>
<pre>
<h1>µVision Build Log</h1>
<h2>Tool Versions:</h2>
IDE-Version: ¦ÌVision V5.25.3.0
Copyright (C) 2018 ARM Ltd and ARM Germany GmbH. All rights reserved.
License Information: 1 Microsoft, Microsoft, LIC=S5ITG-V5G2Q-BXVUY-I5T0J-4HUEL-MI8C5
 
Tool Versions:
Toolchain:       MDK-ARM Professional  Version: 5.25.2.0
Toolchain Path:  D:\Keil_v5\ARM\ARMCC\Bin
C Compiler:      Armcc.exe V5.06 update 6 (build 750)
Assembler:       Armasm.exe V5.06 update 6 (build 750)
Linker/Locator:  ArmLink.exe V5.06 update 6 (build 750)
Library Manager: ArmAr.exe V5.06 update 6 (build 750)
Hex Converter:   FromElf.exe V5.06 update 6 (build 750)
CPU DLL:         SARMCM3.DLL V5.25.2.0
Dialog DLL:      DARMP1.DLL V1.27.0.0
Target DLL:      Segger\JL2CM3.dll V2.99.29.0
Dialog DLL:      TARMP1.DLL V1.26.0.0
 
<h2>Project:</h2>
F:\1788IAP\Project\project.uvproj
Project File Date:  05/05/2021

<h2>Output:</h2>
*** Using Compiler 'V5.06 update 6 (build 750)', folder: 'D:\Keil_v5\ARM\ARMCC\Bin'
Build target 'Open1788'
compiling test.c...
..\User\Test\test.c(216): warning:  #223-D: function "RecHandle" declared implicitly
          RecHandle();
..\User\Test\test.c(147): warning:  #177-D: variable "addr"  was declared but never referenced
        uint16_t addr;
..\User\Test\test.c(148): warning:  #177-D: variable "crc1"  was declared but never referenced
        static uint16_t crc1;
..\User\Test\test.c(270): warning:  #223-D: function "ExceuteApplication" declared implicitly
          ExceuteApplication();
..\User\Test\test.c(275): warning:  #177-D: variable "bytes_read"  was declared but never referenced
       uint32_t  bytes_read,writelen;
..\User\Test\test.c(313): warning:  #177-D: variable "bytes_read"  was declared but never referenced
        uint32_t  bytes_read,writelen;
..\User\Test\test.c(313): warning:  #177-D: variable "writelen"  was declared but never referenced
        uint32_t  bytes_read,writelen;
..\User\Test\test.c(314): warning:  #177-D: variable "dstaddr"  was declared but never referenced
        static uint32_t dstaddr;
..\User\Test\test.c(315): warning:  #177-D: variable "j"  was declared but never referenced
        uint16_t i,j;
..\User\Test\test.c(338): warning:  #167-D: argument of type "uint8_t *" is incompatible with parameter of type "char *restrict"
        strcpy(USART_TX_BUF,CmdStr[0]);
..\User\Test\test.c(334): warning:  #177-D: variable "i"  was declared but never referenced
        u8 i,len;
..\User\Test\test.c(335): warning:  #177-D: variable "buf"  was declared but never referenced
        char buf[200];
..\User\Test\test.c(355): warning:  #177-D: variable "Debug_Cood"  was declared but never referenced
        Disp_Coordinates_Typedef Debug_Cood;
..\User\Test\test.c(512): warning:  #177-D: variable "lock_flag"  was declared but never referenced
        vu8 lock_flag=0;
..\User\Test\test.c(516): warning:  #177-D: variable "sendtest"  was declared but never referenced
      vu8 sendtest[5] ={1,2,3,4,5};
..\User\Test\test.c(3948): warning:  #550-D: variable "kind"  was set but never used
        u8 kind=0xff;
..\User\Test\test.c(4050): warning:  #177-D: variable "i"  was declared but never referenced
        vu8 i;
..\User\Test\test.c(5378): warning:  #550-D: variable "bytes_written"  was set but never used
      uint32_t  bytes_written;
..\User\Test\test.c: 18 warnings, 0 errors
linking...
Program Size: Code=62458 RO-data=23326 RW-data=504 ZI-data=21712  
FromELF: creating hex file...
".\Output\project.axf" - 0 Error(s), 18 Warning(s).
Build Time Elapsed:  00:00:01
</pre>
</body>
</html>
