<html>
<body>
<pre>
<h1>µVision Build Log</h1>
<h2>Tool Versions:</h2>
IDE-Version: ¦ÌVision V5.25.3.0
Copyright (C) 2018 ARM Ltd and ARM Germany GmbH. All rights reserved.
License Information: 1 Microsoft, Microsoft, LIC=03C6R-KIDXE-2Z1W4-FI5SL-E8BHU-R7F4D
 
Tool Versions:
Toolchain:       MDK-ARM Plus  Version: 5.25.2.0
Toolchain Path:  E:\Keil_v5\ARM\ARMCC\Bin
C Compiler:      Armcc.exe V5.06 update 6 (build 750)
Assembler:       Armasm.exe V5.06 update 6 (build 750)
Linker/Locator:  ArmLink.exe V5.06 update 6 (build 750)
Library Manager: ArmAr.exe V5.06 update 6 (build 750)
Hex Converter:   FromElf.exe V5.06 update 6 (build 750)
CPU DLL:         SARMCM3.DLL V5.25.2.0
Dialog DLL:      DARMP1.DLL V1.27.0.0
Target DLL:      Segger\JL2CM3.dll V2.99.29.0
Dialog DLL:      TARMP1.DLL V1.26.0.0
 
<h2>Project:</h2>
F:\1788IAP\Project\project.uvproj
Project File Date:  05/05/2021

<h2>Output:</h2>
*** Using Compiler 'V5.06 update 6 (build 750)', folder: 'E:\Keil_v5\ARM\ARMCC\Bin'
Build target 'Open1788'
compiling test.c...
..\User\Test\test.c(171): warning:  #223-D: function "RecHandle" declared implicitly
          RecHandle();
..\User\Test\test.c(102): warning:  #177-D: variable "addr"  was declared but never referenced
        uint16_t addr;
..\User\Test\test.c(103): warning:  #177-D: variable "crc1"  was declared but never referenced
        static uint16_t crc1;
..\User\Test\test.c(219): warning:  #223-D: function "ExceuteApplication" declared implicitly
          ExceuteApplication();
..\User\Test\test.c(224): warning:  #177-D: variable "bytes_read"  was declared but never referenced
       uint32_t  bytes_read,writelen;
..\User\Test\test.c(268): warning:  #177-D: variable "Debug_Cood"  was declared but never referenced
        Disp_Coordinates_Typedef Debug_Cood;
..\User\Test\test.c(418): warning:  #177-D: variable "lock_flag"  was declared but never referenced
        vu8 lock_flag=0;
..\User\Test\test.c(422): warning:  #177-D: variable "sendtest"  was declared but never referenced
      vu8 sendtest[5] ={1,2,3,4,5};
..\User\Test\test.c(3853): warning:  #550-D: variable "kind"  was set but never used
        u8 kind=0xff;
..\User\Test\test.c(3955): warning:  #177-D: variable "i"  was declared but never referenced
        vu8 i;
..\User\Test\test.c(5283): warning:  #550-D: variable "bytes_written"  was set but never used
      uint32_t  bytes_written;
..\User\Test\test.c: 11 warnings, 0 errors
linking...
Program Size: Code=62586 RO-data=23126 RW-data=292 ZI-data=21516  
FromELF: creating hex file...
".\Output\project.axf" - 0 Error(s), 11 Warning(s).
Build Time Elapsed:  00:00:02
</pre>
</body>
</html>
