Component: ARM Compiler 5.06 update 6 (build 750) Tool: armlink [4d35ed]

==============================================================================

Section Cross References

    ex_sdram.o(.text) refers to timer.o(.text) for delayMs
    ex_sdram.o(.text) refers to system_lpc177x_8x.o(.data) for SystemCoreClock
    main.o(.text) refers to _printf_pad.o(.text) for _printf_pre_padding
    main.o(.text) refers to _printf_percent.o(.ARM.Collect$$_printf_percent$$00000000) for _printf_percent
    main.o(.text) refers to _printf_d.o(.ARM.Collect$$_printf_percent$$00000009) for _printf_d
    main.o(.text) refers to _printf_dec.o(.text) for _printf_int_dec
    main.o(.text) refers to lpc177x_8x_gpio.o(.text) for GPIO_GetIntStatus
    main.o(.text) refers to lpc177x_8x_clkpwr.o(.text) for CLKPWR_GetCLK
    main.o(.text) refers to key.o(.text) for HW_keyInt
    main.o(.text) refers to debug_frmwrk.o(.text) for debug_frmwrk_init
    main.o(.text) refers to ex_sdram.o(.text) for SDRAM_Init
    main.o(.text) refers to lpc177x_8x_lcd.o(.text) for GLCD_Ctrl
    main.o(.text) refers to __2sprintf.o(.text) for __2sprintf
    main.o(.text) refers to test.o(.text) for Soft_Turnon
    main.o(.text) refers to usbhost_fat.o(.text) for FILE_Open
    main.o(.text) refers to globalvalue.o(.data) for softswitch
    main.o(.text) refers to globalvalue.o(.data) for SystemStatus
    main.o(.text) refers to logo.o(.data) for LogoPic
    main.o(.text) refers to test.o(.data) for keynum
    main.o(.text) refers to usbhost_lpc17xx.o(.data) for UserBuffer
    timer.o(.text) refers to system_lpc177x_8x.o(.data) for PeripheralClock
    timer.o(.text) refers to timer.o(.data) for .data
    lpc177x_8x_lcd.o(.text) refers to asciilib.o(.text) for GetASCIICode
    lpc177x_8x_lcd.o(.text) refers to system_lpc177x_8x.o(.data) for PeripheralClock
    lpc177x_8x_lcd.o(.text) refers to lpc177x_8x_lcd.o(.constdata) for .constdata
    lpc177x_8x_lcd.o(.text) refers to lpc177x_8x_lcd.o(.data) for .data
    lpc177x_8x_lcd.o(.text) refers to asciilib.o(.constdata) for _num
    lpc177x_8x_lcd.o(.text) refers to globalvalue.o(.bss) for DispBuf
    logo.o(.data) refers to logo.o(.constdata) for LogoStream
    logo.o(.data) refers to logo.o(.conststring) for .conststring
    asciilib.o(.text) refers to rt_memcpy_v6.o(.text) for __aeabi_memcpy
    asciilib.o(.text) refers to asciilib.o(.constdata) for .constdata
    touchpanel.o(.text) refers to lpc177x_8x_ssp.o(.text) for SSP_ReadWrite
    touchpanel.o(.text) refers to lpc177x_8x_pinsel.o(.text) for PINSEL_ConfigPin
    touchpanel.o(.text) refers to lpc177x_8x_gpio.o(.text) for GPIO_SetDir
    touchpanel.o(.text) refers to rt_memclr_w.o(.text) for __aeabi_memclr4
    touchpanel.o(.text) refers to dflt_clz.o(x$fpl$dflt) for __aeabi_i2d
    touchpanel.o(.text) refers to deqf.o(x$fpl$deqf) for __aeabi_cdcmpeq
    touchpanel.o(.text) refers to dflt_clz.o(x$fpl$dfltu) for __aeabi_ui2d
    touchpanel.o(.text) refers to dmul.o(x$fpl$dmul) for __aeabi_dmul
    touchpanel.o(.text) refers to daddsub_clz.o(x$fpl$dadd) for __aeabi_dadd
    touchpanel.o(.text) refers to ddiv.o(x$fpl$ddiv) for __aeabi_ddiv
    touchpanel.o(.text) refers to dfixu.o(x$fpl$dfixu) for __aeabi_d2uiz
    touchpanel.o(.text) refers to touchpanel.o(.bss) for .bss
    touchpanel.o(.text) refers to touchpanel.o(.data) for .data
    touchpanel.o(.text) refers to lpc177x_8x_lcd.o(.text) for lcd_Clear
    use_disp.o(.text) refers to lpc177x_8x_lcd.o(.text) for LCD_DrawRect
    use_disp.o(.text) refers to lpc177x_8x_lcd.o(.data) for Colour
    use_disp.o(.text) refers to use_disp.o(.constdata) for .constdata
    use_disp.o(.text) refers to globalvalue.o(.bss) for Save_Res
    use_disp.o(.text) refers to asciilib.o(.constdata) for Out_Assic
    use_disp.o(.text) refers to globalvalue.o(.bss) for SaveData
    use_disp.o(.text) refers to globalvalue.o(.bss) for DispBuf
    use_disp.o(.text) refers to ffix.o(x$fpl$ffix) for __aeabi_f2iz
    use_disp.o(.text) refers to test.o(.text) for V_BCD_Int
    use_disp.o(.text) refers to globalvalue.o(.bss) for RTC_TIME_DISP
    use_disp.o(.text) refers to fflt_clz.o(x$fpl$ffltu) for __aeabi_ui2f
    use_disp.o(.text) refers to fmul.o(x$fpl$fmul) for __aeabi_fmul
    use_disp.o(.text) refers to dflt_clz.o(x$fpl$dfltu) for __aeabi_ui2d
    use_disp.o(.text) refers to pow.o(i.pow) for pow
    use_disp.o(.text) refers to f2d.o(x$fpl$f2d) for __aeabi_f2d
    use_disp.o(.text) refers to ddiv.o(x$fpl$ddiv) for __aeabi_ddiv
    use_disp.o(.text) refers to d2f.o(x$fpl$d2f) for __aeabi_d2f
    use_disp.o(.text) refers to fdiv.o(x$fpl$fdiv) for __aeabi_fdiv
    use_disp.o(.text) refers to ffixu.o(x$fpl$ffixu) for __aeabi_f2uiz
    use_disp.o(.text) refers to rt_memcpy_w.o(.text) for __aeabi_memcpy4
    use_disp.o(.text) refers to dfixu.o(x$fpl$dfixu) for __aeabi_d2uiz
    use_disp.o(.text) refers to asciilib.o(.constdata) for _C
    use_disp.o(.text) refers to asciilib.o(.constdata) for _p
[...]
    Range_CountProcess                       0x00007075   Thumb Code   322  test.o(.text)
    ItemProcess                              0x000071b7   Thumb Code   346  test.o(.text)
    Freq_Set_Num                             0x00007311   Thumb Code    40  test.o(.text)
    Use_ITEMSetProcess                       0x00007339   Thumb Code   544  test.o(.text)
    Input_compvalue                          0x00007559   Thumb Code   824  test.o(.text)
    Disp_Set_InputpreNum                     0x00007891   Thumb Code    94  test.o(.text)
    Disp_Set_InputNum                        0x000078ef   Thumb Code    74  test.o(.text)
    Use_LimitSetProcess                      0x00007939   Thumb Code   700  test.o(.text)
    Sys_Process                              0x00007bf5   Thumb Code   168  test.o(.text)
    Soft_Turnon                              0x00007c9d   Thumb Code   110  test.o(.text)
    Use_SysSetProcess                        0x00007d0b   Thumb Code  1214  test.o(.text)
    input_num                                0x000081c9   Thumb Code   552  test.o(.text)
    Use_DebugProcess                         0x000083f1   Thumb Code   640  test.o(.text)
    Fac_DebugProcess                         0x00008671   Thumb Code    40  test.o(.text)
    Uart3_Process                            0x00008699   Thumb Code    54  test.o(.text)
    PackStandFrame                           0x000086cf   Thumb Code    36  test.o(.text)
    Avg_Set_Num                              0x000086f3   Thumb Code   154  test.o(.text)
    Set_daot                                 0x0000878d   Thumb Code    50  test.o(.text)
    Input_int                                0x000087bf   Thumb Code    36  test.o(.text)
    V_BCD_Int                                0x000087e3   Thumb Code    60  test.o(.text)
    input_password                           0x0000881f   Thumb Code   738  test.o(.text)
    SelSector                                0x00008b75   Thumb Code    30  iap.o(.text)
    RamToFlash                               0x00008b93   Thumb Code    34  iap.o(.text)
    EraseSector                              0x00008bb5   Thumb Code    36  iap.o(.text)
    BlankCHK                                 0x00008bd9   Thumb Code    36  iap.o(.text)
    ReadParID                                0x00008bfd   Thumb Code    30  iap.o(.text)
    BootCodeID                               0x00008c1b   Thumb Code    30  iap.o(.text)
    Compare                                  0x00008c39   Thumb Code    30  iap.o(.text)
    Reinvoke_ISP                             0x00008c57   Thumb Code    14  iap.o(.text)
    WriteFlash                               0x00008c65   Thumb Code    86  iap.o(.text)
    SystemCoreClockUpdate                    0x00008cc5   Thumb Code   284  system_lpc177x_8x.o(.text)
    SystemInit                               0x00008de1   Thumb Code   136  system_lpc177x_8x.o(.text)
    GPIO_SetDir                              0x00008f13   Thumb Code    28  lpc177x_8x_gpio.o(.text)
    GPIO_SetValue                            0x00008f2f   Thumb Code    16  lpc177x_8x_gpio.o(.text)
    GPIO_ClearValue                          0x00008f3f   Thumb Code    16  lpc177x_8x_gpio.o(.text)
    GPIO_OutputValue                         0x00008f4f   Thumb Code     6  lpc177x_8x_gpio.o(.text)
    GPIO_ReadValue                           0x00008f55   Thumb Code    14  lpc177x_8x_gpio.o(.text)
    GPIO_IntCmd                              0x00008f63   Thumb Code    56  lpc177x_8x_gpio.o(.text)
    GPIO_GetIntStatus                        0x00008f9b   Thumb Code    62  lpc177x_8x_gpio.o(.text)
    GPIO_ClearInt                            0x00008fd9   Thumb Code    22  lpc177x_8x_gpio.o(.text)
    FIO_SetDir                               0x00008fef   Thumb Code     2  lpc177x_8x_gpio.o(.text)
    FIO_SetValue                             0x00008ff1   Thumb Code     2  lpc177x_8x_gpio.o(.text)
    FIO_ClearValue                           0x00008ff3   Thumb Code     2  lpc177x_8x_gpio.o(.text)
    FIO_ReadValue                            0x00008ff5   Thumb Code     2  lpc177x_8x_gpio.o(.text)
    FIO_IntCmd                               0x00008ff7   Thumb Code     2  lpc177x_8x_gpio.o(.text)
    FIO_GetIntStatus                         0x00008ff9   Thumb Code     2  lpc177x_8x_gpio.o(.text)
    FIO_ClearInt                             0x00008ffb   Thumb Code     2  lpc177x_8x_gpio.o(.text)
    FIO_SetMask                              0x00008ffd   Thumb Code    28  lpc177x_8x_gpio.o(.text)
    FIO_HalfWordSetDir                       0x00009019   Thumb Code    50  lpc177x_8x_gpio.o(.text)
    FIO_HalfWordSetMask                      0x0000904b   Thumb Code    50  lpc177x_8x_gpio.o(.text)
    FIO_HalfWordSetValue                     0x0000907d   Thumb Code    24  lpc177x_8x_gpio.o(.text)
    FIO_HalfWordClearValue                   0x00009095   Thumb Code    24  lpc177x_8x_gpio.o(.text)
    FIO_HalfWordReadValue                    0x000090ad   Thumb Code    22  lpc177x_8x_gpio.o(.text)
    FIO_ByteSetDir                           0x000090c3   Thumb Code    40  lpc177x_8x_gpio.o(.text)
    FIO_ByteSetMask                          0x000090eb   Thumb Code    44  lpc177x_8x_gpio.o(.text)
    FIO_ByteSetValue                         0x00009117   Thumb Code    24  lpc177x_8x_gpio.o(.text)
    FIO_ByteClearValue                       0x0000912f   Thumb Code    24  lpc177x_8x_gpio.o(.text)
    FIO_ByteReadValue                        0x00009147   Thumb Code    24  lpc177x_8x_gpio.o(.text)
    CLKPWR_SetCLKDiv                         0x00009169   Thumb Code    62  lpc177x_8x_clkpwr.o(.text)
    CLKPWR_GetCLK                            0x000091a7   Thumb Code    34  lpc177x_8x_clkpwr.o(.text)
    CLKPWR_ConfigPPWR                        0x000091c9   Thumb Code    28  lpc177x_8x_clkpwr.o(.text)
    CLKPWR_Sleep                             0x000091e5   Thumb Code    12  lpc177x_8x_clkpwr.o(.text)
    CLKPWR_DeepSleep                         0x000091f1   Thumb Code    18  lpc177x_8x_clkpwr.o(.text)
    CLKPWR_PowerDown                         0x00009203   Thumb Code    18  lpc177x_8x_clkpwr.o(.text)
    CLKPWR_DeepPowerDown                     0x00009215   Thumb Code    18  lpc177x_8x_clkpwr.o(.text)
    UART_Init                                0x0000935d   Thumb Code   234  lpc177x_8x_uart.o(.text)
    UART_TxCmd                               0x00009447   Thumb Code    26  lpc177x_8x_uart.o(.text)
    UART_DeInit                              0x00009461   Thumb Code    74  lpc177x_8x_uart.o(.text)
    UART_ConfigStructInit                    0x000094ab   Thumb Code    12  lpc177x_8x_uart.o(.text)
    UART_SendByte                            0x000094b7   Thumb Code     6  lpc177x_8x_uart.o(.text)
    UART_ReceiveByte                         0x000094bd   Thumb Code     6  lpc177x_8x_uart.o(.text)
    UART_Send                                0x000094c3   Thumb Code   114  lpc177x_8x_uart.o(.text)
    UART_Receive                             0x00009535   Thumb Code    82  lpc177x_8x_uart.o(.text)
    UART_ForceBreak                          0x00009587   Thumb Code    12  lpc177x_8x_uart.o(.text)
    UART_IntConfig                           0x00009593   Thumb Code    84  lpc177x_8x_uart.o(.text)
    UART_GetLineStatus                       0x000095e7   Thumb Code    14  lpc177x_8x_uart.o(.text)
    UART_GetIntId                            0x000095f5   Thumb Code    10  lpc177x_8x_uart.o(.text)
    UART_CheckBusy                           0x000095ff   Thumb Code    14  lpc177x_8x_uart.o(.text)
    UART_FIFOConfig                          0x0000960d   Thumb Code    64  lpc177x_8x_uart.o(.text)
    UART_FIFOConfigStructInit                0x0000964d   Thumb Code    14  lpc177x_8x_uart.o(.text)
    UART_ABCmd                               0x0000965b   Thumb Code   102  lpc177x_8x_uart.o(.text)
    UART_ABClearIntPending                   0x000096c1   Thumb Code    10  lpc177x_8x_uart.o(.text)
    UART_IrDAInvtInputCmd                    0x000096cb   Thumb Code    30  lpc177x_8x_uart.o(.text)
    UART_IrDACmd                             0x000096e9   Thumb Code    38  lpc177x_8x_uart.o(.text)
    UART_IrDAPulseDivConfig                  0x0000970f   Thumb Code    24  lpc177x_8x_uart.o(.text)
    UART_FullModemForcePinState              0x00009727   Thumb Code    36  lpc177x_8x_uart.o(.text)
    UART_FullModemConfigMode                 0x0000974b   Thumb Code    42  lpc177x_8x_uart.o(.text)
    UART_FullModemGetStatus                  0x00009775   Thumb Code     4  lpc177x_8x_uart.o(.text)
    UART_RS485Config                         0x00009779   Thumb Code    88  lpc177x_8x_uart.o(.text)
    UART_RS485ReceiverCmd                    0x000097d1   Thumb Code    22  lpc177x_8x_uart.o(.text)
    UART_RS485Send                           0x000097e7   Thumb Code    46  lpc177x_8x_uart.o(.text)
    UART_RS485SendSlvAddr                    0x00009815   Thumb Code    14  lpc177x_8x_uart.o(.text)
    UART_RS485SendData                       0x00009823   Thumb Code     4  lpc177x_8x_uart.o(.text)
    UARTPutChar                              0x0000982d   Thumb Code    14  debug_frmwrk.o(.text)
    UARTGetChar                              0x0000983b   Thumb Code    24  debug_frmwrk.o(.text)
    UARTPuts                                 0x00009853   Thumb Code    30  debug_frmwrk.o(.text)
    UARTGetValue                             0x00009871   Thumb Code   244  debug_frmwrk.o(.text)
    UART3SEND                                0x00009965   Thumb Code    28  debug_frmwrk.o(.text)
    UARTPuts_                                0x00009981   Thumb Code    18  debug_frmwrk.o(.text)
    UARTPutDec                               0x00009993   Thumb Code    72  debug_frmwrk.o(.text)
    UARTPutDec16                             0x000099db   Thumb Code   126  debug_frmwrk.o(.text)
    UARTPutDec32                             0x00009a59   Thumb Code   258  debug_frmwrk.o(.text)
    UARTPutHex_                              0x00009b5b   Thumb Code    42  debug_frmwrk.o(.text)
    UARTPutHex                               0x00009b85   Thumb Code    48  debug_frmwrk.o(.text)
    UARTPutHex16_                            0x00009bb5   Thumb Code    42  debug_frmwrk.o(.text)
    UARTPutHex16                             0x00009bdf   Thumb Code    48  debug_frmwrk.o(.text)
    UARTPutHex32_                            0x00009c0f   Thumb Code    42  debug_frmwrk.o(.text)
    UARTPutHex32                             0x00009c39   Thumb Code    48  debug_frmwrk.o(.text)
    _printf                                  0x00009c69   Thumb Code    30  debug_frmwrk.o(.text)
    debug_frmwrk_init                        0x00009c87   Thumb Code   290  debug_frmwrk.o(.text)
    Uart3_init                               0x00009da9   Thumb Code   108  debug_frmwrk.o(.text)
    Uart0RecTimeOut                          0x00009e15   Thumb Code    36  debug_frmwrk.o(.text)
    UART0_IRQHandler                         0x00009e39   Thumb Code   108  debug_frmwrk.o(.text)
    BEBufToUint16                            0x00009ea5   Thumb Code     6  debug_frmwrk.o(.text)
    CRC16                                    0x00009eab   Thumb Code    38  debug_frmwrk.o(.text)
    MODS_SendWithCRC                         0x00009ed1   Thumb Code    52  debug_frmwrk.o(.text)
    UART3_IRQHandler                         0x00009f05   Thumb Code    50  debug_frmwrk.o(.text)
    RecHandle                                0x0000a0ab   Thumb Code    36  debug_frmwrk.o(.text)
    PINSEL_ConfigPin                         0x0000a111   Thumb Code    20  lpc177x_8x_pinsel.o(.text)
    PINSEL_SetPinMode                        0x0000a125   Thumb Code    20  lpc177x_8x_pinsel.o(.text)
    PINSEL_SetHysMode                        0x0000a139   Thumb Code    26  lpc177x_8x_pinsel.o(.text)
    PINSEL_SetSlewMode                       0x0000a153   Thumb Code    26  lpc177x_8x_pinsel.o(.text)
    PINSEL_SetInBufMode                      0x0000a16d   Thumb Code    26  lpc177x_8x_pinsel.o(.text)
    PINSEL_SetI2CMode                        0x0000a187   Thumb Code    22  lpc177x_8x_pinsel.o(.text)
    PINSEL_SetOpenDrainMode                  0x0000a19d   Thumb Code    26  lpc177x_8x_pinsel.o(.text)
    PINSEL_SetAnalogPinMode                  0x0000a1b7   Thumb Code    90  lpc177x_8x_pinsel.o(.text)
    PINSEL_DacEnable                         0x0000a211   Thumb Code    36  lpc177x_8x_pinsel.o(.text)
    PINSEL_SetFilter                         0x0000a235   Thumb Code    48  lpc177x_8x_pinsel.o(.text)
    EEPROM_Init                              0x0000a275   Thumb Code   100  lpc177x_8x_eeprom.o(.text)
    EEPROM_Write                             0x0000a2d9   Thumb Code   238  lpc177x_8x_eeprom.o(.text)
    EEPROM_Read                              0x0000a3c7   Thumb Code   208  lpc177x_8x_eeprom.o(.text)
    EEPROM_Erase                             0x0000a497   Thumb Code    72  lpc177x_8x_eeprom.o(.text)
    EEPROM_PowerDown                         0x0000a4df   Thumb Code    16  lpc177x_8x_eeprom.o(.text)
    RTC_Init                                 0x0000a4fd   Thumb Code    28  lpc177x_8x_rtc.o(.text)
    RTC_DeInit                               0x0000a519   Thumb Code    12  lpc177x_8x_rtc.o(.text)
    RTC_ResetClockTickCounter                0x0000a525   Thumb Code    18  lpc177x_8x_rtc.o(.text)
    RTC_Cmd                                  0x0000a537   Thumb Code    20  lpc177x_8x_rtc.o(.text)
    RTC_CntIncrIntConfig                     0x0000a54b   Thumb Code   166  lpc177x_8x_rtc.o(.text)
    RTC_AlarmIntConfig                       0x0000a5f1   Thumb Code   166  lpc177x_8x_rtc.o(.text)
    RTC_SetTime                              0x0000a697   Thumb Code   198  lpc177x_8x_rtc.o(.text)
    RTC_GetTime                              0x0000a75d   Thumb Code    88  lpc177x_8x_rtc.o(.text)
    RTC_SetFullTime                          0x0000a7b5   Thumb Code    76  lpc177x_8x_rtc.o(.text)
    RTC_GetFullTime                          0x0000a801   Thumb Code    76  lpc177x_8x_rtc.o(.text)
    RTC_SetAlarmTime                         0x0000a84d   Thumb Code   200  lpc177x_8x_rtc.o(.text)
    RTC_GetAlarmTime                         0x0000a915   Thumb Code    92  lpc177x_8x_rtc.o(.text)
    RTC_SetFullAlarmTime                     0x0000a971   Thumb Code    78  lpc177x_8x_rtc.o(.text)
    RTC_GetFullAlarmTime                     0x0000a9bf   Thumb Code    78  lpc177x_8x_rtc.o(.text)
    RTC_GetIntPending                        0x0000aa0d   Thumb Code    10  lpc177x_8x_rtc.o(.text)
    RTC_ClearIntPending                      0x0000aa17   Thumb Code     8  lpc177x_8x_rtc.o(.text)
    RTC_CalibCounterCmd                      0x0000aa1f   Thumb Code    20  lpc177x_8x_rtc.o(.text)
    RTC_CalibConfig                          0x0000aa33   Thumb Code    24  lpc177x_8x_rtc.o(.text)
    RTC_WriteGPREG                           0x0000aa4b   Thumb Code     8  lpc177x_8x_rtc.o(.text)
    RTC_ReadGPREG                            0x0000aa53   Thumb Code     8  lpc177x_8x_rtc.o(.text)
    FAT_GetFATType                           0x0000aa5d   Thumb Code    32  usbhost_fat.o(.text)
    FAT_Init                                 0x0000aa7d   Thumb Code   240  usbhost_fat.o(.text)
    FAT_PutSFN                               0x0000ab6d   Thumb Code   142  usbhost_fat.o(.text)
    FAT_ChkEntType                           0x0000abfb   Thumb Code    32  usbhost_fat.o(.text)
    FAT_GetFreeEntry                         0x0000ac1b   Thumb Code    90  usbhost_fat.o(.text)
    FAT_StrCaseCmp                           0x0000ac75   Thumb Code    52  usbhost_fat.o(.text)
    FAT_GetSfnExt                            0x0000aca9   Thumb Code    40  usbhost_fat.o(.text)
    FAT_GetSfnName                           0x0000acd1   Thumb Code    32  usbhost_fat.o(.text)
    FAT_GetSFN                               0x0000acf1   Thumb Code    62  usbhost_fat.o(.text)
    FAT_FindEntry                            0x0000ad2f   Thumb Code   146  usbhost_fat.o(.text)
    FAT_CreateEntry                          0x0000adc1   Thumb Code    36  usbhost_fat.o(.text)
    FILE_Open                                0x0000ade5   Thumb Code    66  usbhost_fat.o(.text)
    FAT_ClusRead                             0x0000ae27   Thumb Code   202  usbhost_fat.o(.text)
    FAT_GetNextClus                          0x0000aef1   Thumb Code    56  usbhost_fat.o(.text)
    FILE_Read                                0x0000af29   Thumb Code   162  usbhost_fat.o(.text)
    FAT_UpdateFAT                            0x0000afcb   Thumb Code    64  usbhost_fat.o(.text)
    FAT_GetFreeClus                          0x0000b00b   Thumb Code    84  usbhost_fat.o(.text)
    FAT_ClusWrite                            0x0000b05f   Thumb Code   218  usbhost_fat.o(.text)
    FAT_GetEndClus                           0x0000b139   Thumb Code    22  usbhost_fat.o(.text)
    FILE_Write                               0x0000b14f   Thumb Code   220  usbhost_fat.o(.text)
    FAT_UpdateEntry                          0x0000b22b   Thumb Code    48  usbhost_fat.o(.text)
    FILE_Close                               0x0000b25b   Thumb Code    70  usbhost_fat.o(.text)
    FILE_Size                                0x0000b2a1   Thumb Code    18  usbhost_fat.o(.text)
    Host_DelayUS                             0x0000b2bd   Thumb Code    18  usbhost_lpc17xx.o(.text)
    Host_DelayMS                             0x0000b2cf   Thumb Code    32  usbhost_lpc17xx.o(.text)
    Host_HCCAInit                            0x0000b2ef   Thumb Code    26  usbhost_lpc17xx.o(.text)
    Host_TDInit                              0x0000b309   Thumb Code    12  usbhost_lpc17xx.o(.text)
    Host_EDInit                              0x0000b315   Thumb Code    12  usbhost_lpc17xx.o(.text)
    Host_Init                                0x0000b321   Thumb Code   342  usbhost_lpc17xx.o(.text)
    USB_IRQHandler                           0x0000b477   Thumb Code   208  usbhost_lpc17xx.o(.text)
    Host_WDHWait                             0x0000b547   Thumb Code    14  usbhost_lpc17xx.o(.text)
    Host_ProcessTD                           0x0000b555   Thumb Code   146  usbhost_lpc17xx.o(.text)
    WriteLE16U                               0x0000b5e7   Thumb Code    16  usbhost_lpc17xx.o(.text)
    Host_FillSetup                           0x0000b5f7   Thumb Code    62  usbhost_lpc17xx.o(.text)
    Host_CtrlSend                            0x0000b635   Thumb Code    68  usbhost_lpc17xx.o(.text)
    ReadLE16U                                0x0000b679   Thumb Code    20  usbhost_lpc17xx.o(.text)
    Host_CtrlRecv                            0x0000b68d   Thumb Code    68  usbhost_lpc17xx.o(.text)
    Host_EnumDev                             0x0000b6d1   Thumb Code   316  usbhost_lpc17xx.o(.text)
    ReadLE32U                                0x0000b80d   Thumb Code    28  usbhost_lpc17xx.o(.text)
    WriteLE32U                               0x0000b829   Thumb Code    16  usbhost_lpc17xx.o(.text)
    ReadBE32U                                0x0000b839   Thumb Code    28  usbhost_lpc17xx.o(.text)
    WriteBE32U                               0x0000b855   Thumb Code    16  usbhost_lpc17xx.o(.text)
    ReadBE16U                                0x0000b865   Thumb Code    20  usbhost_lpc17xx.o(.text)
    WriteBE16U                               0x0000b879   Thumb Code    16  usbhost_lpc17xx.o(.text)
    Fill_MSCommand                           0x0000b889   Thumb Code   144  usbhost_ms.o(.text)
    MS_Inquire                               0x0000b919   Thumb Code   124  usbhost_ms.o(.text)
    MS_ReadCapacity                          0x0000b995   Thumb Code   124  usbhost_ms.o(.text)
    MS_GetSenseInfo                          0x0000ba11   Thumb Code    96  usbhost_ms.o(.text)
    MS_TestUnitReady                         0x0000ba71   Thumb Code    76  usbhost_ms.o(.text)
    MS_GetMaxLUN                             0x0000babd   Thumb Code    26  usbhost_ms.o(.text)
    MS_Init                                  0x0000bad7   Thumb Code    66  usbhost_ms.o(.text)
    MS_ParseConfiguration                    0x0000bb19   Thumb Code   170  usbhost_ms.o(.text)
    MS_BulkRecv                              0x0000bbc3   Thumb Code   126  usbhost_ms.o(.text)
    MS_BulkSend                              0x0000bc41   Thumb Code   128  usbhost_ms.o(.text)
    RTC_IRQHandler                           0x0000bcc1   Thumb Code    44  rtc.o(.text)
    RTC_INT                                  0x0000bced   Thumb Code    48  rtc.o(.text)
    __aeabi_uldivmod                         0x0000bd29   Thumb Code     0  lludivv7m.o(.text)
    _ll_udiv                                 0x0000bd29   Thumb Code   238  lludivv7m.o(.text)
    __2sprintf                               0x0000be19   Thumb Code    38  __2sprintf.o(.text)
    _printf_pre_padding                      0x0000be45   Thumb Code    44  _printf_pad.o(.text)
    _printf_post_padding                     0x0000be71   Thumb Code    34  _printf_pad.o(.text)
    _printf_int_dec                          0x0000be95   Thumb Code   104  _printf_dec.o(.text)
    __printf                                 0x0000bf0d   Thumb Code   388  __printf_flags_ss_wp.o(.text)
    strcpy                                   0x0000c095   Thumb Code    72  strcpy.o(.text)
    strlen                                   0x0000c0dd   Thumb Code    62  strlen.o(.text)
    strcat                                   0x0000c11b   Thumb Code    24  strcat.o(.text)
    __aeabi_memcpy                           0x0000c133   Thumb Code     0  rt_memcpy_v6.o(.text)
    __rt_memcpy                              0x0000c133   Thumb Code   138  rt_memcpy_v6.o(.text)
    _memcpy_lastbytes                        0x0000c199   Thumb Code     0  rt_memcpy_v6.o(.text)
    __aeabi_memcpy4                          0x0000c1bd   Thumb Code     0  rt_memcpy_w.o(.text)
    __aeabi_memcpy8                          0x0000c1bd   Thumb Code     0  rt_memcpy_w.o(.text)
    __rt_memcpy_w                            0x0000c1bd   Thumb Code   100  rt_memcpy_w.o(.text)
    _memcpy_lastbytes_aligned                0x0000c205   Thumb Code     0  rt_memcpy_w.o(.text)
    __aeabi_memclr4                          0x0000c221   Thumb Code     0  rt_memclr_w.o(.text)
    __aeabi_memclr8                          0x0000c221   Thumb Code     0  rt_memclr_w.o(.text)
    __rt_memclr_w                            0x0000c221   Thumb Code    78  rt_memclr_w.o(.text)
    _memset_w                                0x0000c225   Thumb Code     0  rt_memclr_w.o(.text)
    strcmp                                   0x0000c271   Thumb Code   128  strcmpv7m.o(.text)
    __use_two_region_memory                  0x0000c2f1   Thumb Code     2  heapauxi.o(.text)
    __rt_heap_escrow$2region                 0x0000c2f3   Thumb Code     2  heapauxi.o(.text)
    __rt_heap_expand$2region                 0x0000c2f5   Thumb Code     2  heapauxi.o(.text)
    __read_errno                             0x0000c2f7   Thumb Code    10  _rserrno.o(.text)
    __set_errno                              0x0000c301   Thumb Code    12  _rserrno.o(.text)
    _printf_truncate_signed                  0x0000c30d   Thumb Code    18  _printf_truncate.o(.text)
    _printf_truncate_unsigned                0x0000c31f   Thumb Code    18  _printf_truncate.o(.text)
    _printf_str                              0x0000c331   Thumb Code    82  _printf_str.o(.text)
    _printf_int_common                       0x0000c383   Thumb Code   178  _printf_intcommon.o(.text)
    _printf_charcount                        0x0000c435   Thumb Code    40  _printf_charcount.o(.text)
    _printf_char_common                      0x0000c467   Thumb Code    32  _printf_char_common.o(.text)
    _sputc                                   0x0000c48d   Thumb Code    10  _sputc.o(.text)
    _printf_wctomb                           0x0000c499   Thumb Code   182  _printf_wctomb.o(.text)
    _printf_longlong_dec                     0x0000c555   Thumb Code   108  _printf_longlong_dec.o(.text)
    _printf_longlong_oct                     0x0000c5d1   Thumb Code    66  _printf_oct_int_ll.o(.text)
    _printf_int_oct                          0x0000c613   Thumb Code    24  _printf_oct_int_ll.o(.text)
    _printf_ll_oct                           0x0000c62b   Thumb Code    12  _printf_oct_int_ll.o(.text)
    _printf_longlong_hex                     0x0000c641   Thumb Code    86  _printf_hex_int_ll_ptr.o(.text)
    _printf_int_hex                          0x0000c697   Thumb Code    28  _printf_hex_int_ll_ptr.o(.text)
    _printf_ll_hex                           0x0000c6b3   Thumb Code    12  _printf_hex_int_ll_ptr.o(.text)
    _printf_hex_ptr                          0x0000c6bf   Thumb Code    18  _printf_hex_int_ll_ptr.o(.text)
    __aeabi_errno_addr                       0x0000c6d5   Thumb Code     8  rt_errno_addr_intlibspace.o(.text)
    __errno$intlibspace                      0x0000c6d5   Thumb Code     0  rt_errno_addr_intlibspace.o(.text)
    __rt_errno_addr$intlibspace              0x0000c6d5   Thumb Code     0  rt_errno_addr_intlibspace.o(.text)
    _ll_udiv10                               0x0000c6dd   Thumb Code   138  lludiv10.o(.text)
    __lib_sel_fp_printf                      0x0000c767   Thumb Code     2  _printf_fp_dec.o(.text)
    _printf_fp_dec_real                      0x0000c919   Thumb Code   620  _printf_fp_dec.o(.text)
    _printf_cs_common                        0x0000cb85   Thumb Code    20  _printf_char.o(.text)
    _printf_char                             0x0000cb99   Thumb Code    16  _printf_char.o(.text)
    _printf_string                           0x0000cba9   Thumb Code     8  _printf_char.o(.text)
    _printf_lcs_common                       0x0000cbb1   Thumb Code    20  _printf_wchar.o(.text)
    _printf_wchar                            0x0000cbc5   Thumb Code    16  _printf_wchar.o(.text)
    _printf_wstring                          0x0000cbd5   Thumb Code     8  _printf_wchar.o(.text)
    _wcrtomb                                 0x0000cbdd   Thumb Code    64  _wcrtomb.o(.text)
    __user_libspace                          0x0000cc1d   Thumb Code     8  libspace.o(.text)
    __user_perproc_libspace                  0x0000cc1d   Thumb Code     0  libspace.o(.text)
    __user_perthread_libspace                0x0000cc1d   Thumb Code     0  libspace.o(.text)
    __user_setup_stackheap                   0x0000cc25   Thumb Code    74  sys_stackheap_outer.o(.text)
    __rt_ctype_table                         0x0000cc71   Thumb Code    16  rt_ctype_table.o(.text)
    __rt_locale                              0x0000cc81   Thumb Code     8  rt_locale_intlibspace.o(.text)
    _printf_fp_infnan                        0x0000cc89   Thumb Code   112  _printf_fp_infnan.o(.text)
    _btod_etento                             0x0000cd09   Thumb Code   224  bigflt0.o(.text)
    exit                                     0x0000cded   Thumb Code    18  exit.o(.text)
    _sys_exit                                0x0000ce01   Thumb Code     8  sys_exit.o(.text)
    __I$use$semihosting                      0x0000ce0d   Thumb Code     0  use_no_semi.o(.text)
    __use_no_semihosting_swi                 0x0000ce0d   Thumb Code     2  use_no_semi.o(.text)
    __semihosting_library_function           0x0000ce0f   Thumb Code     0  indicate_semi.o(.text)
    _btod_d2e                                0x0000ce0f   Thumb Code    62  btod.o(CL$$btod_d2e)
    _d2e_denorm_low                          0x0000ce4d   Thumb Code    70  btod.o(CL$$btod_d2e_denorm_low)
    _d2e_norm_op1                            0x0000ce93   Thumb Code    96  btod.o(CL$$btod_d2e_norm_op1)
    __btod_div_common                        0x0000cef3   Thumb Code   696  btod.o(CL$$btod_div_common)
    _e2e                                     0x0000d22b   Thumb Code   220  btod.o(CL$$btod_e2e)
    _btod_ediv                               0x0000d307   Thumb Code    42  btod.o(CL$$btod_ediv)
    _btod_emul                               0x0000d331   Thumb Code    42  btod.o(CL$$btod_emul)
    __btod_mult_common                       0x0000d35b   Thumb Code   580  btod.o(CL$$btod_mult_common)
    __ARM_fpclassify                         0x0000d59f   Thumb Code    40  fpclassify.o(i.__ARM_fpclassify)
    __kernel_poly                            0x0000d5c7   Thumb Code   170  poly.o(i.__kernel_poly)
    __mathlib_dbl_divzero                    0x0000d671   Thumb Code    12  dunder.o(i.__mathlib_dbl_divzero)
    __mathlib_dbl_infnan2                    0x0000d681   Thumb Code     4  dunder.o(i.__mathlib_dbl_infnan2)
    __mathlib_dbl_invalid                    0x0000d685   Thumb Code    12  dunder.o(i.__mathlib_dbl_invalid)
    __mathlib_dbl_overflow                   0x0000d691   Thumb Code    14  dunder.o(i.__mathlib_dbl_overflow)
    __mathlib_dbl_underflow                  0x0000d6a1   Thumb Code    10  dunder.o(i.__mathlib_dbl_underflow)
    _is_digit                                0x0000d6b1   Thumb Code    14  __printf_wp.o(i._is_digit)
    pow                                      0x0000d6c1   Thumb Code  2512  pow.o(i.pow)
    sqrt                                     0x0000e099   Thumb Code    76  sqrt.o(i.sqrt)
    _get_lc_numeric                          0x0000e0e5   Thumb Code    44  lc_numeric_c.o(locale$$code)
    _get_lc_ctype                            0x0000e111   Thumb Code    44  lc_ctype_c.o(locale$$code)
    __aeabi_d2f                              0x0000e13d   Thumb Code     0  d2f.o(x$fpl$d2f)
    _d2f                                     0x0000e13d   Thumb Code    98  d2f.o(x$fpl$d2f)
    __aeabi_dadd                             0x0000e1a1   Thumb Code     0  daddsub_clz.o(x$fpl$dadd)
    _dadd                                    0x0000e1a1   Thumb Code   332  daddsub_clz.o(x$fpl$dadd)
    __fpl_dcheck_NaN1                        0x0000e2f1   Thumb Code    10  dcheck1.o(x$fpl$dcheck1)
    __fpl_dcmp_Inf                           0x0000e301   Thumb Code    24  dcmpi.o(x$fpl$dcmpinf)
    __aeabi_ddiv                             0x0000e319   Thumb Code     0  ddiv.o(x$fpl$ddiv)
    _ddiv                                    0x0000e319   Thumb Code   552  ddiv.o(x$fpl$ddiv)
    __aeabi_d2uiz                            0x0000e5c9   Thumb Code     0  dfixu.o(x$fpl$dfixu)
    _dfixu                                   0x0000e5c9   Thumb Code    90  dfixu.o(x$fpl$dfixu)
    __aeabi_i2d                              0x0000e623   Thumb Code     0  dflt_clz.o(x$fpl$dflt)
    _dflt                                    0x0000e623   Thumb Code    46  dflt_clz.o(x$fpl$dflt)
    __aeabi_ui2d                             0x0000e651   Thumb Code     0  dflt_clz.o(x$fpl$dfltu)
    _dfltu                                   0x0000e651   Thumb Code    38  dflt_clz.o(x$fpl$dfltu)
    __aeabi_cdcmple                          0x0000e679   Thumb Code     0  dleqf.o(x$fpl$dleqf)
    _dcmple                                  0x0000e679   Thumb Code   120  dleqf.o(x$fpl$dleqf)
    __fpl_dcmple_InfNaN                      0x0000e6db   Thumb Code     0  dleqf.o(x$fpl$dleqf)
    __aeabi_dmul                             0x0000e6f1   Thumb Code     0  dmul.o(x$fpl$dmul)
    _dmul                                    0x0000e6f1   Thumb Code   332  dmul.o(x$fpl$dmul)
    __fpl_dnaninf                            0x0000e845   Thumb Code   156  dnaninf.o(x$fpl$dnaninf)
    __fpl_dretinf                            0x0000e8e1   Thumb Code    12  dretinf.o(x$fpl$dretinf)
    __aeabi_cdrcmple                         0x0000e8ed   Thumb Code     0  drleqf.o(x$fpl$drleqf)
    _drcmple                                 0x0000e8ed   Thumb Code   108  drleqf.o(x$fpl$drleqf)
    __aeabi_drsub                            0x0000e959   Thumb Code     0  daddsub_clz.o(x$fpl$drsb)
    _drsb                                    0x0000e959   Thumb Code    22  daddsub_clz.o(x$fpl$drsb)
    _dsqrt                                   0x0000e971   Thumb Code   456  dsqrt_noumaal.o(x$fpl$dsqrt)
    __aeabi_dsub                             0x0000eb3d   Thumb Code     0  daddsub_clz.o(x$fpl$dsub)
    _dsub                                    0x0000eb3d   Thumb Code   464  daddsub_clz.o(x$fpl$dsub)
    __aeabi_f2d                              0x0000ed11   Thumb Code     0  f2d.o(x$fpl$f2d)
    _f2d                                     0x0000ed11   Thumb Code    86  f2d.o(x$fpl$f2d)
    __aeabi_fadd                             0x0000ed69   Thumb Code     0  faddsub_clz.o(x$fpl$fadd)
    _fadd                                    0x0000ed69   Thumb Code   196  faddsub_clz.o(x$fpl$fadd)
    __fpl_fcmp_Inf                           0x0000ee2d   Thumb Code    24  fcmpi.o(x$fpl$fcmpinf)
    __aeabi_fdiv                             0x0000ee45   Thumb Code     0  fdiv.o(x$fpl$fdiv)
    _fdiv                                    0x0000ee45   Thumb Code   384  fdiv.o(x$fpl$fdiv)
    __aeabi_f2iz                             0x0000efc9   Thumb Code     0  ffix.o(x$fpl$ffix)
    _ffix                                    0x0000efc9   Thumb Code    54  ffix.o(x$fpl$ffix)
    __aeabi_f2uiz                            0x0000f001   Thumb Code     0  ffixu.o(x$fpl$ffixu)
    _ffixu                                   0x0000f001   Thumb Code    62  ffixu.o(x$fpl$ffixu)
    __aeabi_i2f                              0x0000f041   Thumb Code     0  fflt_clz.o(x$fpl$fflt)
    _fflt                                    0x0000f041   Thumb Code    48  fflt_clz.o(x$fpl$fflt)
    __aeabi_ui2f                             0x0000f071   Thumb Code     0  fflt_clz.o(x$fpl$ffltu)
    _ffltu                                   0x0000f071   Thumb Code    38  fflt_clz.o(x$fpl$ffltu)
    __aeabi_cfcmple                          0x0000f099   Thumb Code     0  fleqf.o(x$fpl$fleqf)
    _fcmple                                  0x0000f099   Thumb Code   104  fleqf.o(x$fpl$fleqf)
    __fpl_fcmple_InfNaN                      0x0000f0eb   Thumb Code     0  fleqf.o(x$fpl$fleqf)
    __aeabi_fmul                             0x0000f101   Thumb Code     0  fmul.o(x$fpl$fmul)
    _fmul                                    0x0000f101   Thumb Code   258  fmul.o(x$fpl$fmul)
    __fpl_fnaninf                            0x0000f203   Thumb Code   140  fnaninf.o(x$fpl$fnaninf)
    __fpl_fretinf                            0x0000f28f   Thumb Code    10  fretinf.o(x$fpl$fretinf)
    __aeabi_cfrcmple                         0x0000f299   Thumb Code     0  frleqf.o(x$fpl$frleqf)
    _frcmple                                 0x0000f299   Thumb Code    98  frleqf.o(x$fpl$frleqf)
    __aeabi_fsub                             0x0000f2fd   Thumb Code     0  faddsub_clz.o(x$fpl$fsub)
    _fsub                                    0x0000f2fd   Thumb Code   234  faddsub_clz.o(x$fpl$fsub)
    _printf_fp_dec                           0x0000f3e7   Thumb Code     4  printf1.o(x$fpl$printf1)
    __fpl_return_NaN                         0x0000f3eb   Thumb Code   100  retnan.o(x$fpl$retnan)
    __ARM_scalbn                             0x0000f44f   Thumb Code    92  scalbn.o(x$fpl$scalbn)
    __fpl_cmpreturn                          0x0000f4ab   Thumb Code    48  trapv.o(x$fpl$trapveneer)
    GB_21                                    0x0000f4da   Data          65  lpc177x_8x_lcd.o(.constdata)
    __I$use$fp                               0x0000f4da   Number         0  usenofp.o(x$fpl$usenofp)
    GB_16                                    0x0000f51b   Data        2244  lpc177x_8x_lcd.o(.constdata)
    LogoStream                               0x0000fde0   Data        1440  logo.o(.constdata)
    _C                                       0x00010df0   Data         280  asciilib.o(.constdata)
    _p                                       0x00010f08   Data         280  asciilib.o(.constdata)
    _num                                     0x00011020   Data        2944  asciilib.o(.constdata)
    Out_Assic                                0x00011ba0   Data        7720  asciilib.o(.constdata)
    nBitmapDot                               0x000139c8   Data         144  asciilib.o(.constdata)
    Debug_Dot                                0x00013a60   Data           6  use_disp.o(.constdata)
    User_LimitList_Value                     0x00013a66   Data           8  use_disp.o(.constdata)
    Num_1                                    0x00013a6e   Data          81  use_disp.o(.constdata)
    Test_Setitem                             0x00013abf   Data          60  use_disp.o(.constdata)
    Test_Setitem_E                           0x00013afb   Data          90  use_disp.o(.constdata)
    Test_Tirpvalue                           0x00013b55   Data          14  use_disp.o(.constdata)
    Test_Tirpvalue_E                         0x00013b63   Data          14  use_disp.o(.constdata)
    Test_Speedvalue                          0x00013b71   Data          14  use_disp.o(.constdata)
    Test_Speedvalue_E                        0x00013b7f   Data          14  use_disp.o(.constdata)
    Test_Compvalue                           0x00013b8d   Data          14  use_disp.o(.constdata)
    Test_Compvalue_E                         0x00013b9b   Data          14  use_disp.o(.constdata)
    Disp_VR                                  0x00013ba9   Data          21  use_disp.o(.constdata)
    Disp_VR_E                                0x00013bbe   Data          21  use_disp.o(.constdata)
    User_FUNC                                0x00013bd3   Data         216  use_disp.o(.constdata)
    RangeDisp_Main                           0x00013cab   Data          92  use_disp.o(.constdata)
    RangeDisp_Second                         0x00013d07   Data          92  use_disp.o(.constdata)
    Fun_SelectValue                          0x00013d63   Data          28  use_disp.o(.constdata)
    User_Freq                                0x00013d7f   Data         451  use_disp.o(.constdata)
    Setup_Beep                               0x00013f42   Data          28  use_disp.o(.constdata)
    Setup_Beep_E                             0x00013f5e   Data          48  use_disp.o(.constdata)
    Setup_Beep1                              0x00013f8e   Data          32  use_disp.o(.constdata)
    Setup_Beep1_E                            0x00013fae   Data          48  use_disp.o(.constdata)
    User_Level                               0x00013fde   Data          33  use_disp.o(.constdata)
    User_Range                               0x00013fff   Data          66  use_disp.o(.constdata)
    BiasButton_Tip                           0x00014041   Data          16  use_disp.o(.constdata)
    User_Speed                               0x00014051   Data          33  use_disp.o(.constdata)
    User_Comp                                0x00014072   Data          22  use_disp.o(.constdata)
    Limit_Scan_Fun                           0x00014088   Data          10  use_disp.o(.constdata)
    Limit_Scan_Page                          0x00014092   Data          14  use_disp.o(.constdata)
    Limit_Scan_Page_E                        0x000140a0   Data          14  use_disp.o(.constdata)
    Switch_Value                             0x000140ae   Data          10  use_disp.o(.constdata)
    Range_Item                               0x000140b8   Data          56  use_disp.o(.constdata)
    Range_Item_E                             0x000140f0   Data          56  use_disp.o(.constdata)
    Set_testitem                             0x00014128   Data         180  use_disp.o(.constdata)
    Set_testitem_E                           0x000141dc   Data         180  use_disp.o(.constdata)
    Sys_Sys                                  0x00014290   Data          84  use_disp.o(.constdata)
    Sys_Sys_E                                0x000142e4   Data          84  use_disp.o(.constdata)
    Sys_Sys1                                 0x00014338   Data          84  use_disp.o(.constdata)
    Sys_Sys1_E                               0x0001438c   Data          84  use_disp.o(.constdata)
    Sys_Setitem                              0x000143e0   Data          88  use_disp.o(.constdata)
    Sys_Setitem_E                            0x00014438   Data          88  use_disp.o(.constdata)
    All_TopName                              0x00014490   Data         242  use_disp.o(.constdata)
    All_TopName_E                            0x00014582   Data         242  use_disp.o(.constdata)
    Range_Count_Item                         0x00014674   Data          21  use_disp.o(.constdata)
    Range_Count_Item_E                       0x00014689   Data          21  use_disp.o(.constdata)
    User_Check_main                          0x0001469e   Data          39  use_disp.o(.constdata)
    User_Check_main_E                        0x000146c5   Data          39  use_disp.o(.constdata)
    User_Check_Item                          0x000146ec   Data          78  use_disp.o(.constdata)
    User_LimitList_Item                      0x0001473a   Data          48  use_disp.o(.constdata)
    User_LimitList_Item_E                    0x0001476a   Data          48  use_disp.o(.constdata)
    User_LimitList_Item2                     0x0001479a   Data          44  use_disp.o(.constdata)
    User_ListScan_Item                       0x000147c6   Data          63  use_disp.o(.constdata)
    User_ListScan_Item_E                     0x00014805   Data          63  use_disp.o(.constdata)
    Sys_Language_Value                       0x00014844   Data          16  use_disp.o(.constdata)
    Sys_Buard_Value                          0x00014854   Data          56  use_disp.o(.constdata)
    Set_Unit                                 0x0001488c   Data          60  use_disp.o(.constdata)
    Disp_Unit                                0x000148c8   Data          21  use_disp.o(.constdata)
    Disp_Range_Main_NUm                      0x000148dd   Data          24  use_disp.o(.constdata)
    Disp_Range_Main_Disp                     0x000148f5   Data          18  use_disp.o(.constdata)
    Debug_Comp_ad                            0x00014908   Data          24  use_disp.o(.constdata)
    Debug_Comp                               0x00014920   Data          24  use_disp.o(.constdata)
    Scan_Value                               0x0001495a   Data           8  key.o(.constdata)
    USB_dISPVALUE                            0x00014962   Data          54  test.o(.constdata)
    Disp_Main_Ord                            0x00014998   Data          81  test.o(.constdata)
    s_CRCLo                                  0x00014ae9   Data         256  debug_frmwrk.o(.constdata)
    __mathlib_zero                           0x00014cb8   Data           8  qnan.o(.constdata)
    Region$$Table$$Base                      0x00014dcc   Number         0  anon$$obj.o(Region$$Table)
    Region$$Table$$Limit                     0x00014dec   Number         0  anon$$obj.o(Region$$Table)
    __ctype                                  0x00014e15   Data           0  lc_ctype_c.o(locale$$data)
    timer0_counter                           0x10000000   Data           4  timer.o(.data)
    timer1_counter                           0x10000004   Data           4  timer.o(.data)
    timer2_counter                           0x10000008   Data           4  timer.o(.data)
    timer3_counter                           0x1000000c   Data           4  timer.o(.data)
    stable_counter                           0x10000010   Data           4  timer.o(.data)
    Colour                                   0x10000014   Data           8  lpc177x_8x_lcd.o(.data)
    LogoPic                                  0x1000001c   Data          28  logo.o(.data)
    negvalm                                  0x10000038   Data           1  use_disp.o(.data)
    SysTickCnt                               0x10000040   Data           4  key.o(.data)
    nodisp_v_flag                            0x10000044   Data           1  test.o(.data)
    u3sendflag                               0x10000045   Data           1  test.o(.data)
    g_mods_timeout                           0x10000046   Data           1  test.o(.data)
    powerontest                              0x10000047   Data           1  test.o(.data)
    upflag                                   0x10000048   Data           1  test.o(.data)
    stabletime                               0x1000004c   Data           2  test.o(.data)
    PASSWORD                                 0x10000050   Data           4  test.o(.data)
    Tick_10ms                                0x10000054   Data           4  test.o(.data)
    rwatch                                   0x10000068   Data           4  test.o(.data)
    vwatch                                   0x1000006c   Data           4  test.o(.data)
    OldTick                                  0x10000070   Data           4  test.o(.data)
    keynum                                   0x10000074   Data           4  test.o(.data)
    returnwatch                              0x10000078   Data           4  test.o(.data)
    filesize                                 0x1000007c   Data           4  test.o(.data)
    CmdStr                                   0x10000080   Data         204  test.o(.data)
    Rtc_intflag                              0x1000014c   Data           1  globalvalue.o(.data)
    Test_Unit                                0x1000014d   Data           3  globalvalue.o(.data)
    clear_flag                               0x10000150   Data           4  globalvalue.o(.data)
    Usb_Open_flag                            0x10000154   Data           4  globalvalue.o(.data)
    softswitch                               0x10000158   Data           4  globalvalue.o(.data)
    Uart_Send_Flag                           0x1000015c   Data           1  globalvalue.o(.data)
    usb_oenflag                              0x1000015d   Data           1  globalvalue.o(.data)
    SystemStatus                             0x10000160   Data           4  globalvalue.o(.data)
    SystemCoreClock                          0x10000164   Data           4  system_lpc177x_8x.o(.data)
    PeripheralClock                          0x10000168   Data           4  system_lpc177x_8x.o(.data)
    EMCClock                                 0x1000016c   Data           4  system_lpc177x_8x.o(.data)
    USBClock                                 0x10000170   Data           4  system_lpc177x_8x.o(.data)
    vflag                                    0x10000175   Data           1  debug_frmwrk.o(.data)
    _db_msg                                  0x10000180   Data           4  debug_frmwrk.o(.data)
    _db_msg_                                 0x10000184   Data           4  debug_frmwrk.o(.data)
    _db_char                                 0x10000188   Data           4  debug_frmwrk.o(.data)
    _db_dec                                  0x1000018c   Data           4  debug_frmwrk.o(.data)
    _db_dec_16                               0x10000190   Data           4  debug_frmwrk.o(.data)
    _db_dec_32                               0x10000194   Data           4  debug_frmwrk.o(.data)
    _db_hex                                  0x10000198   Data           4  debug_frmwrk.o(.data)
    _db_hex_16                               0x1000019c   Data           4  debug_frmwrk.o(.data)
    _db_hex_32                               0x100001a0   Data           4  debug_frmwrk.o(.data)
    _db_hex_                                 0x100001a4   Data           4  debug_frmwrk.o(.data)
    _db_hex_16_                              0x100001a8   Data           4  debug_frmwrk.o(.data)
    _db_hex_32_                              0x100001ac   Data           4  debug_frmwrk.o(.data)
    _db_get_char                             0x100001b0   Data           4  debug_frmwrk.o(.data)
    _db_get_val                              0x100001b4   Data           4  debug_frmwrk.o(.data)
    HOST_TDControlStatus                     0x100001b8   Data           1  usbhost_lpc17xx.o(.data)
    HOST_RhscIntr                            0x100001bc   Data           4  usbhost_lpc17xx.o(.data)
    HOST_WdhIntr                             0x100001c0   Data           4  usbhost_lpc17xx.o(.data)
    UnrecoverableIntCount                    0x100001c4   Data           4  usbhost_lpc17xx.o(.data)
    gUSBConnected                            0x100001c8   Data           4  usbhost_lpc17xx.o(.data)
    EDCtrl                                   0x100001cc   Data           4  usbhost_lpc17xx.o(.data)
    EDBulkIn                                 0x100001d0   Data           4  usbhost_lpc17xx.o(.data)
    EDBulkOut                                0x100001d4   Data           4  usbhost_lpc17xx.o(.data)
    TDHead                                   0x100001d8   Data           4  usbhost_lpc17xx.o(.data)
    TDTail                                   0x100001dc   Data           4  usbhost_lpc17xx.o(.data)
    Hcca                                     0x100001e0   Data           4  usbhost_lpc17xx.o(.data)
    TDBuffer                                 0x100001e4   Data           4  usbhost_lpc17xx.o(.data)
    FATBuffer                                0x100001e8   Data           4  usbhost_lpc17xx.o(.data)
    UserBuffer                               0x100001ec   Data           4  usbhost_lpc17xx.o(.data)
    MS_BlkSize                               0x100001f4   Data           4  usbhost_ms.o(.data)
    USART_TX_BUF                             0x100001f8   Data         200  test.o(.bss)
    g_tModS                                  0x100002c0   Data         163  test.o(.bss)
    testwatch                                0x10000364   Data        2000  test.o(.bss)
    Save_Res                                 0x10000b34   Data         256  globalvalue.o(.bss)
    SaveData                                 0x10000c34   Data       16068  globalvalue.o(.bss)
    Saveeeprom                               0x10004af8   Data         676  globalvalue.o(.bss)
    Test_Dispvalue                           0x10004d9c   Data         172  globalvalue.o(.bss)
    Comp_Testvalue                           0x10004e48   Data          96  globalvalue.o(.bss)
    Comp_Change                              0x10004ea8   Data          80  globalvalue.o(.bss)
    Send_buff2                               0x10004ef8   Data          30  globalvalue.o(.bss)
    RTC_TIME_DISP                            0x10004f18   Data          32  globalvalue.o(.bss)
    Count_buff                               0x10004f38   Data          48  globalvalue.o(.bss)
    DispBuf                                  0x10004f68   Data          12  globalvalue.o(.bss)
    paramin                                  0x10004f74   Data          32  iap.o(.bss)
    paramout                                 0x10004f94   Data          32  iap.o(.bss)
    ComBuf                                   0x100051b5   Data          85  debug_frmwrk.o(.bss)
    ComBuf3                                  0x1000520a   Data          85  debug_frmwrk.o(.bss)
    __libspace_start                         0x10005468   Data          96  libspace.o(.bss)
    __temporary_stack_top$libspace           0x100054c8   Data           0  libspace.o(.bss)



==============================================================================

Memory Map of the image

  Image Entry point : 0x000000e5

  Load Region LR_IROM1 (Base: 0x00000000, Size: 0x00015110, Max: 0x00018000, ABSOLUTE, COMPRESSED[0x00014f4c])

    Execution Region ER_IROM1 (Exec base: 0x00000000, Load base: 0x00000000, Size: 0x00014f18, Max: 0x00018000, ABSOLUTE)

    Exec Addr    Load Addr    Size         Type   Attr      Idx    E Section Name        Object

    0x00000000   0x00000000   0x000000e4   Data   RO          547    RESET               startup_lpc177x_8x.o
    0x000000e4   0x000000e4   0x00000008   Code   RO          900  * !!!main             c_w.l(__main.o)
    0x000000ec   0x000000ec   0x00000034   Code   RO         1320    !!!scatter          c_w.l(__scatter.o)
    0x00000120   0x00000120   0x0000003a   Code   RO         1318    !!dczerorl          c_w.l(__dczerorl.o)
    0x0000015a   0x0000015a   0x00000002   PAD
    0x0000015c   0x0000015c   0x0000001c   Code   RO         1322    !!handler_zi        c_w.l(__scatter_zi.o)
    0x00000178   0x00000178   0x00000000   Code   RO          883    .ARM.Collect$$_printf_percent$$00000000  c_w.l(_printf_percent.o)
    0x00000178   0x00000178   0x00000006   Code   RO         1023    .ARM.Collect$$_printf_percent$$00000001  c_w.l(_printf_n.o)
    0x0000017e   0x0000017e   0x00000006   Code   RO         1025    .ARM.Collect$$_printf_percent$$00000002  c_w.l(_printf_p.o)
    0x00000184   0x00000184   0x00000006   Code   RO         1029    .ARM.Collect$$_printf_percent$$00000003  c_w.l(_printf_f.o)
    0x0000018a   0x0000018a   0x00000006   Code   RO         1030    .ARM.Collect$$_printf_percent$$00000004  c_w.l(_printf_e.o)
    0x00000190   0x00000190   0x00000006   Code   RO         1031    .ARM.Collect$$_printf_percent$$00000005  c_w.l(_printf_g.o)
    0x00000196   0x00000196   0x00000006   Code   RO         1032    .ARM.Collect$$_printf_percent$$00000006  c_w.l(_printf_a.o)
    0x0000019c   0x0000019c   0x0000000a   Code   RO         1037    .ARM.Collect$$_printf_percent$$00000007  c_w.l(_printf_ll.o)
    0x000001a6   0x000001a6   0x00000006   Code   RO         1027    .ARM.Collect$$_printf_percent$$00000008  c_w.l(_printf_i.o)
    0x000001ac   0x000001ac   0x00000006   Code   RO          882    .ARM.Collect$$_printf_percent$$00000009  c_w.l(_printf_d.o)
    0x000001b2   0x000001b2   0x00000006   Code   RO         1028    .ARM.Collect$$_printf_percent$$0000000A  c_w.l(_printf_u.o)
    0x000001b8   0x000001b8   0x00000006   Code   RO         1026    .ARM.Collect$$_printf_percent$$0000000B  c_w.l(_printf_o.o)
    0x000001be   0x000001be   0x00000006   Code   RO         1024    .ARM.Collect$$_printf_percent$$0000000C  c_w.l(_printf_x.o)
    0x000001c4   0x000001c4   0x00000006   Code   RO         1034    .ARM.Collect$$_printf_percent$$0000000D  c_w.l(_printf_lli.o)
    0x000001ca   0x000001ca   0x00000006   Code   RO         1035    .ARM.Collect$$_printf_percent$$0000000E  c_w.l(_printf_lld.o)
    0x000001d0   0x000001d0   0x00000006   Code   RO         1036    .ARM.Collect$$_printf_percent$$0000000F  c_w.l(_printf_llu.o)
    0x000001d6   0x000001d6   0x00000006   Code   RO         1041    .ARM.Collect$$_printf_percent$$00000010  c_w.l(_printf_llo.o)
    0x000001dc   0x000001dc   0x00000006   Code   RO         1042    .ARM.Collect$$_printf_percent$$00000011  c_w.l(_printf_llx.o)
    0x000001e2   0x000001e2   0x0000000a   Code   RO         1038    .ARM.Collect$$_printf_percent$$00000012  c_w.l(_printf_l.o)
    0x000001ec   0x000001ec   0x00000006   Code   RO         1021    .ARM.Collect$$_printf_percent$$00000013  c_w.l(_printf_c.o)
    0x000001f2   0x000001f2   0x00000006   Code   RO         1022    .ARM.Collect$$_printf_percent$$00000014  c_w.l(_printf_s.o)
    0x000001f8   0x000001f8   0x00000006   Code   RO         1039    .ARM.Collect$$_printf_percent$$00000015  c_w.l(_printf_lc.o)
    0x000001fe   0x000001fe   0x00000006   Code   RO         1040    .ARM.Collect$$_printf_percent$$00000016  c_w.l(_printf_ls.o)
    0x00000204   0x00000204   0x00000004   Code   RO         1033    .ARM.Collect$$_printf_percent$$00000017  c_w.l(_printf_percent_end.o)
    0x00000208   0x00000208   0x00000002   Code   RO         1182    .ARM.Collect$$libinit$$00000000  c_w.l(libinit.o)
    0x0000020a   0x0000020a   0x00000000   Code   RO         1199    .ARM.Collect$$libinit$$00000002  c_w.l(libinit2.o)
    0x0000020a   0x0000020a   0x00000000   Code   RO         1201    .ARM.Collect$$libinit$$00000004  c_w.l(libinit2.o)
    0x0000020a   0x0000020a   0x00000000   Code   RO         1204    .ARM.Collect$$libinit$$0000000A  c_w.l(libinit2.o)
    0x0000020a   0x0000020a   0x00000000   Code   RO         1206    .ARM.Collect$$libinit$$0000000C  c_w.l(libinit2.o)
    0x0000020a   0x0000020a   0x00000000   Code   RO         1208    .ARM.Collect$$libinit$$0000000E  c_w.l(libinit2.o)
    0x0000020a   0x0000020a   0x00000006   Code   RO         1209    .ARM.Collect$$libinit$$0000000F  c_w.l(libinit2.o)
    0x00000210   0x00000210   0x00000000   Code   RO         1211    .ARM.Collect$$libinit$$00000011  c_w.l(libinit2.o)
    0x00000210   0x00000210   0x0000000c   Code   RO         1212    .ARM.Collect$$libinit$$00000012  c_w.l(libinit2.o)
    0x0000021c   0x0000021c   0x00000000   Code   RO         1213    .ARM.Collect$$libinit$$00000013  c_w.l(libinit2.o)
    0x0000021c   0x0000021c   0x00000000   Code   RO         1215    .ARM.Collect$$libinit$$00000015  c_w.l(libinit2.o)
    0x0000021c   0x0000021c   0x0000000a   Code   RO         1216    .ARM.Collect$$libinit$$00000016  c_w.l(libinit2.o)
    0x00000226   0x00000226   0x00000000   Code   RO         1217    .ARM.Collect$$libinit$$00000017  c_w.l(libinit2.o)
    0x00000226   0x00000226   0x00000000   Code   RO         1219    .ARM.Collect$$libinit$$00000019  c_w.l(libinit2.o)
    0x00000226   0x00000226   0x00000000   Code   RO         1221    .ARM.Collect$$libinit$$0000001B  c_w.l(libinit2.o)
    0x00000226   0x00000226   0x00000000   Code   RO         1223    .ARM.Collect$$libinit$$0000001D  c_w.l(libinit2.o)
    0x00000226   0x00000226   0x00000000   Code   RO         1225    .ARM.Collect$$libinit$$0000001F  c_w.l(libinit2.o)
    0x00000226   0x00000226   0x00000000   Code   RO         1227    .ARM.Collect$$libinit$$00000021  c_w.l(libinit2.o)
    0x00000226   0x00000226   0x00000000   Code   RO         1229    .ARM.Collect$$libinit$$00000023  c_w.l(libinit2.o)
    0x00000226   0x00000226   0x00000000   Code   RO         1231    .ARM.Collect$$libinit$$00000025  c_w.l(libinit2.o)
    0x00000226   0x00000226   0x00000000   Code   RO         1235    .ARM.Collect$$libinit$$0000002C  c_w.l(libinit2.o)
    0x00000226   0x00000226   0x00000000   Code   RO         1237    .ARM.Collect$$libinit$$0000002E  c_w.l(libinit2.o)
    0x00000226   0x00000226   0x00000000   Code   RO         1239    .ARM.Collect$$libinit$$00000030  c_w.l(libinit2.o)
    0x00000226   0x00000226   0x00000000   Code   RO         1241    .ARM.Collect$$libinit$$00000032  c_w.l(libinit2.o)
    0x00000226   0x00000226   0x00000002   Code   RO         1242    .ARM.Collect$$libinit$$00000033  c_w.l(libinit2.o)
    0x00000228   0x00000228   0x00000002   Code   RO         1275    .ARM.Collect$$libshutdown$$00000000  c_w.l(libshutdown.o)
    0x0000022a   0x0000022a   0x00000000   Code   RO         1301    .ARM.Collect$$libshutdown$$00000002  c_w.l(libshutdown2.o)
    0x0000022a   0x0000022a   0x00000000   Code   RO         1303    .ARM.Collect$$libshutdown$$00000004  c_w.l(libshutdown2.o)
    0x0000022a   0x0000022a   0x00000000   Code   RO         1306    .ARM.Collect$$libshutdown$$00000007  c_w.l(libshutdown2.o)
    0x0000022a   0x0000022a   0x00000000   Code   RO         1309    .ARM.Collect$$libshutdown$$0000000A  c_w.l(libshutdown2.o)
    0x0000022a   0x0000022a   0x00000000   Code   RO         1311    .ARM.Collect$$libshutdown$$0000000C  c_w.l(libshutdown2.o)
    0x0000022a   0x0000022a   0x00000000   Code   RO         1314    .ARM.Collect$$libshutdown$$0000000F  c_w.l(libshutdown2.o)
    0x0000022a   0x0000022a   0x00000002   Code   RO         1315    .ARM.Collect$$libshutdown$$00000010  c_w.l(libshutdown2.o)
    0x0000022c   0x0000022c   0x00000000   Code   RO          970    .ARM.Collect$$rtentry$$00000000  c_w.l(__rtentry.o)
    0x0000022c   0x0000022c   0x00000000   Code   RO         1090    .ARM.Collect$$rtentry$$00000002  c_w.l(__rtentry2.o)
    0x0000022c   0x0000022c   0x00000006   Code   RO         1102    .ARM.Collect$$rtentry$$00000004  c_w.l(__rtentry4.o)
    0x00000232   0x00000232   0x00000000   Code   RO         1092    .ARM.Collect$$rtentry$$00000009  c_w.l(__rtentry2.o)
    0x00000232   0x00000232   0x00000004   Code   RO         1093    .ARM.Collect$$rtentry$$0000000A  c_w.l(__rtentry2.o)
    0x00000236   0x00000236   0x00000000   Code   RO         1095    .ARM.Collect$$rtentry$$0000000C  c_w.l(__rtentry2.o)
    0x00000236   0x00000236   0x00000008   Code   RO         1096    .ARM.Collect$$rtentry$$0000000D  c_w.l(__rtentry2.o)
    0x0000023e   0x0000023e   0x00000002   Code   RO         1187    .ARM.Collect$$rtexit$$00000000  c_w.l(rtexit.o)
    0x00000240   0x00000240   0x00000000   Code   RO         1248    .ARM.Collect$$rtexit$$00000002  c_w.l(rtexit2.o)
    0x00000240   0x00000240   0x00000004   Code   RO         1249    .ARM.Collect$$rtexit$$00000003  c_w.l(rtexit2.o)
    0x00000244   0x00000244   0x00000006   Code   RO         1250    .ARM.Collect$$rtexit$$00000004  c_w.l(rtexit2.o)
    0x0000024a   0x0000024a   0x00000002   PAD
    0x0000024c   0x0000024c   0x0000001c   Code   RO          516    .emb_text           iap.o
    0x00000268   0x00000268   0x00000034   Code   RO          240    .text               asciilib.o
    0x0000029c   0x0000029c   0x0000003c   Code   RO          549    .text               startup_lpc177x_8x.o
    0x000002d8   0x000002d8   0x00000024   Code   RO          850    .text               c_w.l(c89vsprintf.o)
    0x000002fc   0x000002fc   0x00000004   Code   RO          548    .ARM.__at_0x02FC    startup_lpc177x_8x.o
    0x00000300   0x00000300   0x00000228   Code   RO            2    .text               ex_sdram.o
    0x00000528   0x00000528   0x00000230   Code   RO           54    .text               main.o
    0x00000758   0x00000758   0x00000228   Code   RO          159    .text               timer.o
    0x00000980   0x00000980   0x00000b2c   Code   RO          185    .text               lpc177x_8x_lcd.o
    0x000014ac   0x000014ac   0x000040a8   Code   RO          286    .text               use_disp.o
    0x00005554   0x00005554   0x00000444   Code   RO          382    .text               key.o
    0x00005998   0x00005998   0x000031dc   Code   RO          406    .text               test.o
    0x00008b74   0x00008b74   0x00000150   Code   RO          517    .text               iap.o
    0x00008cc4   0x00008cc4   0x000001b8   Code   RO          556    .text               system_lpc177x_8x.o
    0x00008e7c   0x00008e7c   0x000002ec   Code   RO          584    .text               lpc177x_8x_gpio.o
    0x00009168   0x00009168   0x000000d8   Code   RO          620    .text               lpc177x_8x_clkpwr.o
    0x00009240   0x00009240   0x000005ec   Code   RO          657    .text               lpc177x_8x_uart.o
    0x0000982c   0x0000982c   0x000008e4   Code   RO          674    .text               debug_frmwrk.o
    0x0000a110   0x0000a110   0x00000164   Code   RO          704    .text               lpc177x_8x_pinsel.o
    0x0000a274   0x0000a274   0x00000288   Code   RO          720    .text               lpc177x_8x_eeprom.o
    0x0000a4fc   0x0000a4fc   0x0000055e   Code   RO          736    .text               lpc177x_8x_rtc.o
    0x0000aa5a   0x0000aa5a   0x00000002   PAD
    0x0000aa5c   0x0000aa5c   0x00000860   Code   RO          752    .text               usbhost_fat.o
    0x0000b2bc   0x0000b2bc   0x000005cc   Code   RO          771    .text               usbhost_lpc17xx.o
    0x0000b888   0x0000b888   0x00000438   Code   RO          805    .text               usbhost_ms.o
    0x0000bcc0   0x0000bcc0   0x00000068   Code   RO          828    .text               rtc.o
    0x0000bd28   0x0000bd28   0x000000ee   Code   RO          848    .text               c_w.l(lludivv7m.o)
    0x0000be16   0x0000be16   0x00000002   PAD
    0x0000be18   0x0000be18   0x0000002c   Code   RO          852    .text               c_w.l(__2sprintf.o)
    0x0000be44   0x0000be44   0x0000004e   Code   RO          858    .text               c_w.l(_printf_pad.o)
    0x0000be92   0x0000be92   0x00000002   PAD
    0x0000be94   0x0000be94   0x00000078   Code   RO          860    .text               c_w.l(_printf_dec.o)
    0x0000bf0c   0x0000bf0c   0x00000188   Code   RO          879    .text               c_w.l(__printf_flags_ss_wp.o)
    0x0000c094   0x0000c094   0x00000048   Code   RO          884    .text               c_w.l(strcpy.o)
    0x0000c0dc   0x0000c0dc   0x0000003e   Code   RO          886    .text               c_w.l(strlen.o)
    0x0000c11a   0x0000c11a   0x00000018   Code   RO          888    .text               c_w.l(strcat.o)
    0x0000c132   0x0000c132   0x0000008a   Code   RO          890    .text               c_w.l(rt_memcpy_v6.o)
    0x0000c1bc   0x0000c1bc   0x00000064   Code   RO          892    .text               c_w.l(rt_memcpy_w.o)
    0x0000c220   0x0000c220   0x0000004e   Code   RO          894    .text               c_w.l(rt_memclr_w.o)
    0x0000c26e   0x0000c26e   0x00000002   PAD
    0x0000c270   0x0000c270   0x00000080   Code   RO          896    .text               c_w.l(strcmpv7m.o)
    0x0000c2f0   0x0000c2f0   0x00000006   Code   RO          898    .text               c_w.l(heapauxi.o)
    0x0000c2f6   0x0000c2f6   0x00000016   Code   RO          975    .text               c_w.l(_rserrno.o)
    0x0000c30c   0x0000c30c   0x00000024   Code   RO          977    .text               c_w.l(_printf_truncate.o)
    0x0000c330   0x0000c330   0x00000052   Code   RO          979    .text               c_w.l(_printf_str.o)
    0x0000c382   0x0000c382   0x000000b2   Code   RO          981    .text               c_w.l(_printf_intcommon.o)
    0x0000c434   0x0000c434   0x00000028   Code   RO          983    .text               c_w.l(_printf_charcount.o)
    0x0000c45c   0x0000c45c   0x00000030   Code   RO          985    .text               c_w.l(_printf_char_common.o)
    0x0000c48c   0x0000c48c   0x0000000a   Code   RO          987    .text               c_w.l(_sputc.o)
    0x0000c496   0x0000c496   0x00000002   PAD
    0x0000c498   0x0000c498   0x000000bc   Code   RO          989    .text               c_w.l(_printf_wctomb.o)
    0x0000c554   0x0000c554   0x0000007c   Code   RO          992    .text               c_w.l(_printf_longlong_dec.o)
    0x0000c5d0   0x0000c5d0   0x00000070   Code   RO          998    .text               c_w.l(_printf_oct_int_ll.o)
    0x0000c640   0x0000c640   0x00000094   Code   RO         1018    .text               c_w.l(_printf_hex_int_ll_ptr.o)
    0x0000c6d4   0x0000c6d4   0x00000008   Code   RO         1109    .text               c_w.l(rt_errno_addr_intlibspace.o)
    0x0000c6dc   0x0000c6dc   0x0000008a   Code   RO         1111    .text               c_w.l(lludiv10.o)
    0x0000c766   0x0000c766   0x0000041e   Code   RO         1113    .text               c_w.l(_printf_fp_dec.o)
    0x0000cb84   0x0000cb84   0x0000002c   Code   RO         1117    .text               c_w.l(_printf_char.o)
    0x0000cbb0   0x0000cbb0   0x0000002c   Code   RO         1119    .text               c_w.l(_printf_wchar.o)
    0x0000cbdc   0x0000cbdc   0x00000040   Code   RO         1121    .text               c_w.l(_wcrtomb.o)
    0x0000cc1c   0x0000cc1c   0x00000008   Code   RO         1129    .text               c_w.l(libspace.o)
    0x0000cc24   0x0000cc24   0x0000004a   Code   RO         1132    .text               c_w.l(sys_stackheap_outer.o)
    0x0000cc6e   0x0000cc6e   0x00000002   PAD
    0x0000cc70   0x0000cc70   0x00000010   Code   RO         1134    .text               c_w.l(rt_ctype_table.o)
    0x0000cc80   0x0000cc80   0x00000008   Code   RO         1139    .text               c_w.l(rt_locale_intlibspace.o)
    0x0000cc88   0x0000cc88   0x00000080   Code   RO         1141    .text               c_w.l(_printf_fp_infnan.o)
    0x0000cd08   0x0000cd08   0x000000e4   Code   RO         1143    .text               c_w.l(bigflt0.o)
    0x0000cdec   0x0000cdec   0x00000012   Code   RO         1171    .text               c_w.l(exit.o)
    0x0000cdfe   0x0000cdfe   0x00000002   PAD
    0x0000ce00   0x0000ce00   0x0000000c   Code   RO         1245    .text               c_w.l(sys_exit.o)
    0x0000ce0c   0x0000ce0c   0x00000002   Code   RO         1264    .text               c_w.l(use_no_semi.o)
    0x0000ce0e   0x0000ce0e   0x00000000   Code   RO         1266    .text               c_w.l(indicate_semi.o)
    0x0000ce0e   0x0000ce0e   0x0000003e   Code   RO         1146    CL$$btod_d2e        c_w.l(btod.o)
    0x0000ce4c   0x0000ce4c   0x00000046   Code   RO         1148    CL$$btod_d2e_denorm_low  c_w.l(btod.o)
    0x0000ce92   0x0000ce92   0x00000060   Code   RO         1147    CL$$btod_d2e_norm_op1  c_w.l(btod.o)
    0x0000cef2   0x0000cef2   0x00000338   Code   RO         1156    CL$$btod_div_common  c_w.l(btod.o)
    0x0000d22a   0x0000d22a   0x000000dc   Code   RO         1153    CL$$btod_e2e        c_w.l(btod.o)
    0x0000d306   0x0000d306   0x0000002a   Code   RO         1150    CL$$btod_ediv       c_w.l(btod.o)
    0x0000d330   0x0000d330   0x0000002a   Code   RO         1149    CL$$btod_emul       c_w.l(btod.o)
    0x0000d35a   0x0000d35a   0x00000244   Code   RO         1155    CL$$btod_mult_common  c_w.l(btod.o)
    0x0000d59e   0x0000d59e   0x00000028   Code   RO         1076    i.__ARM_fpclassify  m_ws.l(fpclassify.o)
    0x0000d5c6   0x0000d5c6   0x000000aa   Code   RO         1078    i.__kernel_poly     m_ws.l(poly.o)
    0x0000d670   0x0000d670   0x00000010   Code   RO         1062    i.__mathlib_dbl_divzero  m_ws.l(dunder.o)
    0x0000d680   0x0000d680   0x00000004   Code   RO         1064    i.__mathlib_dbl_infnan2  m_ws.l(dunder.o)
    0x0000d684   0x0000d684   0x0000000c   Code   RO         1065    i.__mathlib_dbl_invalid  m_ws.l(dunder.o)
    0x0000d690   0x0000d690   0x0000000e   Code   RO         1066    i.__mathlib_dbl_overflow  m_ws.l(dunder.o)
    0x0000d69e   0x0000d69e   0x00000002   PAD
    0x0000d6a0   0x0000d6a0   0x00000010   Code   RO         1068    i.__mathlib_dbl_underflow  m_ws.l(dunder.o)
    0x0000d6b0   0x0000d6b0   0x0000000e   Code   RO          872    i._is_digit         c_w.l(__printf_wp.o)
    0x0000d6be   0x0000d6be   0x00000002   PAD
    0x0000d6c0   0x0000d6c0   0x000009d8   Code   RO          961    i.pow               m_ws.l(pow.o)
    0x0000e098   0x0000e098   0x0000004c   Code   RO         1082    i.sqrt              m_ws.l(sqrt.o)
    0x0000e0e4   0x0000e0e4   0x0000002c   Code   RO         1169    locale$$code        c_w.l(lc_numeric_c.o)
    0x0000e110   0x0000e110   0x0000002c   Code   RO         1192    locale$$code        c_w.l(lc_ctype_c.o)
    0x0000e13c   0x0000e13c   0x00000062   Code   RO          902    x$fpl$d2f           fz_ws.l(d2f.o)
    0x0000e19e   0x0000e19e   0x00000002   PAD
    0x0000e1a0   0x0000e1a0   0x00000150   Code   RO          904    x$fpl$dadd          fz_ws.l(daddsub_clz.o)
    0x0000e2f0   0x0000e2f0   0x00000010   Code   RO         1123    x$fpl$dcheck1       fz_ws.l(dcheck1.o)
    0x0000e300   0x0000e300   0x00000018   Code   RO         1043    x$fpl$dcmpinf       fz_ws.l(dcmpi.o)
    0x0000e318   0x0000e318   0x000002b0   Code   RO          911    x$fpl$ddiv          fz_ws.l(ddiv.o)
    0x0000e5c8   0x0000e5c8   0x0000005a   Code   RO          916    x$fpl$dfixu         fz_ws.l(dfixu.o)
    0x0000e622   0x0000e622   0x0000002e   Code   RO          921    x$fpl$dflt          fz_ws.l(dflt_clz.o)
    0x0000e650   0x0000e650   0x00000026   Code   RO          920    x$fpl$dfltu         fz_ws.l(dflt_clz.o)
    0x0000e676   0x0000e676   0x00000002   PAD
    0x0000e678   0x0000e678   0x00000078   Code   RO         1125    x$fpl$dleqf         fz_ws.l(dleqf.o)
    0x0000e6f0   0x0000e6f0   0x00000154   Code   RO          926    x$fpl$dmul          fz_ws.l(dmul.o)
    0x0000e844   0x0000e844   0x0000009c   Code   RO         1045    x$fpl$dnaninf       fz_ws.l(dnaninf.o)
    0x0000e8e0   0x0000e8e0   0x0000000c   Code   RO         1047    x$fpl$dretinf       fz_ws.l(dretinf.o)
    0x0000e8ec   0x0000e8ec   0x0000006c   Code   RO         1049    x$fpl$drleqf        fz_ws.l(drleqf.o)
    0x0000e958   0x0000e958   0x00000016   Code   RO          905    x$fpl$drsb          fz_ws.l(daddsub_clz.o)
    0x0000e96e   0x0000e96e   0x00000002   PAD
    0x0000e970   0x0000e970   0x000001cc   Code   RO         1127    x$fpl$dsqrt         fz_ws.l(dsqrt_noumaal.o)
    0x0000eb3c   0x0000eb3c   0x000001d4   Code   RO          906    x$fpl$dsub          fz_ws.l(daddsub_clz.o)
    0x0000ed10   0x0000ed10   0x00000056   Code   RO          928    x$fpl$f2d           fz_ws.l(f2d.o)
    0x0000ed66   0x0000ed66   0x00000002   PAD
    0x0000ed68   0x0000ed68   0x000000c4   Code   RO          930    x$fpl$fadd          fz_ws.l(faddsub_clz.o)
    0x0000ee2c   0x0000ee2c   0x00000018   Code   RO         1051    x$fpl$fcmpinf       fz_ws.l(fcmpi.o)
    0x0000ee44   0x0000ee44   0x00000184   Code   RO          937    x$fpl$fdiv          fz_ws.l(fdiv.o)
    0x0000efc8   0x0000efc8   0x00000036   Code   RO          940    x$fpl$ffix          fz_ws.l(ffix.o)
    0x0000effe   0x0000effe   0x00000002   PAD
    0x0000f000   0x0000f000   0x0000003e   Code   RO          944    x$fpl$ffixu         fz_ws.l(ffixu.o)
    0x0000f03e   0x0000f03e   0x00000002   PAD
    0x0000f040   0x0000f040   0x00000030   Code   RO          949    x$fpl$fflt          fz_ws.l(fflt_clz.o)
    0x0000f070   0x0000f070   0x00000026   Code   RO          948    x$fpl$ffltu         fz_ws.l(fflt_clz.o)
    0x0000f096   0x0000f096   0x00000002   PAD
    0x0000f098   0x0000f098   0x00000068   Code   RO          954    x$fpl$fleqf         fz_ws.l(fleqf.o)
    0x0000f100   0x0000f100   0x00000102   Code   RO          956    x$fpl$fmul          fz_ws.l(fmul.o)
    0x0000f202   0x0000f202   0x0000008c   Code   RO         1053    x$fpl$fnaninf       fz_ws.l(fnaninf.o)
    0x0000f28e   0x0000f28e   0x0000000a   Code   RO         1055    x$fpl$fretinf       fz_ws.l(fretinf.o)
    0x0000f298   0x0000f298   0x00000062   Code   RO          958    x$fpl$frleqf        fz_ws.l(frleqf.o)
    0x0000f2fa   0x0000f2fa   0x00000002   PAD
    0x0000f2fc   0x0000f2fc   0x000000ea   Code   RO          932    x$fpl$fsub          fz_ws.l(faddsub_clz.o)
    0x0000f3e6   0x0000f3e6   0x00000004   Code   RO         1057    x$fpl$printf1       fz_ws.l(printf1.o)
    0x0000f3ea   0x0000f3ea   0x00000064   Code   RO         1185    x$fpl$retnan        fz_ws.l(retnan.o)
    0x0000f44e   0x0000f44e   0x0000005c   Code   RO         1059    x$fpl$scalbn        fz_ws.l(scalbn.o)
    0x0000f4aa   0x0000f4aa   0x00000030   Code   RO         1243    x$fpl$trapveneer    fz_ws.l(trapv.o)
    0x0000f4da   0x0000f4da   0x00000000   Code   RO         1061    x$fpl$usenofp       fz_ws.l(usenofp.o)
    0x0000f4da   0x0000f4da   0x00000905   Data   RO          186    .constdata          lpc177x_8x_lcd.o
    0x0000fddf   0x0000fddf   0x00000001   PAD
    0x0000fde0   0x0000fde0   0x000005a0   Data   RO          223    .constdata          logo.o
    0x00010380   0x00010380   0x00000a70   Data   RO          241    .constdata          asciilib.o
    0x00010df0   0x00010df0   0x00000118   Data   RO          242    .constdata          asciilib.o
    0x00010f08   0x00010f08   0x00000118   Data   RO          243    .constdata          asciilib.o
    0x00011020   0x00011020   0x00000b80   Data   RO          244    .constdata          asciilib.o
    0x00011ba0   0x00011ba0   0x00001e28   Data   RO          245    .constdata          asciilib.o
    0x000139c8   0x000139c8   0x00000090   Data   RO          246    .constdata          asciilib.o
    0x00013a58   0x00013a58   0x00000f02   Data   RO          287    .constdata          use_disp.o
    0x0001495a   0x0001495a   0x00000008   Data   RO          383    .constdata          key.o
    0x00014962   0x00014962   0x00000036   Data   RO          409    .constdata          test.o
    0x00014998   0x00014998   0x00000051   Data   RO          413    .constdata          test.o
    0x000149e9   0x000149e9   0x00000200   Data   RO          676    .constdata          debug_frmwrk.o
    0x00014be9   0x00014be9   0x00000011   Data   RO          880    .constdata          c_w.l(__printf_flags_ss_wp.o)
    0x00014bfa   0x00014bfa   0x00000006   PAD
    0x00014c00   0x00014c00   0x00000088   Data   RO          962    .constdata          m_ws.l(pow.o)
    0x00014c88   0x00014c88   0x00000008   Data   RO          990    .constdata          c_w.l(_printf_wctomb.o)
    0x00014c90   0x00014c90   0x00000028   Data   RO         1019    .constdata          c_w.l(_printf_hex_int_ll_ptr.o)
    0x00014cb8   0x00014cb8   0x00000008   Data   RO         1080    .constdata          m_ws.l(qnan.o)
    0x00014cc0   0x00014cc0   0x00000094   Data   RO         1144    .constdata          c_w.l(bigflt0.o)
    0x00014d54   0x00014d54   0x0000000e   Data   RO          224    .conststring        logo.o
    0x00014d62   0x00014d62   0x00000002   PAD
    0x00014d64   0x00014d64   0x00000009   Data   RO          415    .conststring        test.o
    0x00014d6d   0x00014d6d   0x00000003   PAD
    0x00014d70   0x00014d70   0x00000059   Data   RO          677    .conststring        debug_frmwrk.o
    0x00014dc9   0x00014dc9   0x00000003   PAD
    0x00014dcc   0x00014dcc   0x00000020   Data   RO         1316    Region$$Table       anon$$obj.o
    0x00014dec   0x00014dec   0x0000001c   Data   RO         1168    locale$$data        c_w.l(lc_numeric_c.o)
    0x00014e08   0x00014e08   0x00000110   Data   RO         1191    locale$$data        c_w.l(lc_ctype_c.o)


    Execution Region RW_IRAM1 (Exec base: 0x10000000, Load base: 0x00014f18, Size: 0x000056c8, Max: 0x00010000, ABSOLUTE, COMPRESSED[0x00000034])

    Exec Addr    Load Addr    Size         Type   Attr      Idx    E Section Name        Object

    0x10000000   COMPRESSED   0x00000014   Data   RW          160    .data               timer.o
    0x10000014   COMPRESSED   0x00000008   Data   RW          187    .data               lpc177x_8x_lcd.o
    0x1000001c   COMPRESSED   0x0000001c   Data   RW          225    .data               logo.o
    0x10000038   COMPRESSED   0x00000001   Data   RW          348    .data               use_disp.o
    0x10000039   COMPRESSED   0x00000003   PAD
    0x1000003c   COMPRESSED   0x00000008   Data   RW          384    .data               key.o
    0x10000044   COMPRESSED   0x00000108   Data   RW          416    .data               test.o
    0x1000014c   COMPRESSED   0x00000001   Data   RW          477    .data               globalvalue.o
    0x1000014d   COMPRESSED   0x00000003   Data   RW          479    .data               globalvalue.o
    0x10000150   COMPRESSED   0x00000004   Data   RW          480    .data               globalvalue.o
    0x10000154   COMPRESSED   0x00000004   Data   RW          481    .data               globalvalue.o
    0x10000158   COMPRESSED   0x00000004   Data   RW          482    .data               globalvalue.o
    0x1000015c   COMPRESSED   0x00000001   Data   RW          483    .data               globalvalue.o
    0x1000015d   COMPRESSED   0x00000001   Data   RW          484    .data               globalvalue.o
    0x1000015e   COMPRESSED   0x00000002   PAD
    0x10000160   COMPRESSED   0x00000004   Data   RW          487    .data               globalvalue.o
    0x10000164   COMPRESSED   0x00000010   Data   RW          557    .data               system_lpc177x_8x.o
    0x10000174   COMPRESSED   0x00000044   Data   RW          678    .data               debug_frmwrk.o
    0x100001b8   COMPRESSED   0x00000038   Data   RW          772    .data               usbhost_lpc17xx.o
    0x100001f0   COMPRESSED   0x00000008   Data   RW          806    .data               usbhost_ms.o
    0x100001f8        -       0x0000093c   Zero   RW          407    .bss                test.o
    0x10000b34        -       0x00000100   Zero   RW          467    .bss                globalvalue.o
    0x10000c34        -       0x00003ec4   Zero   RW          468    .bss                globalvalue.o
    0x10004af8        -       0x000002a4   Zero   RW          469    .bss                globalvalue.o
    0x10004d9c        -       0x000000ac   Zero   RW          470    .bss                globalvalue.o
    0x10004e48        -       0x00000060   Zero   RW          471    .bss                globalvalue.o
    0x10004ea8        -       0x00000050   Zero   RW          472    .bss                globalvalue.o
    0x10004ef8        -       0x0000001e   Zero   RW          473    .bss                globalvalue.o
    0x10004f16   COMPRESSED   0x00000002   PAD
    0x10004f18        -       0x00000020   Zero   RW          474    .bss                globalvalue.o
    0x10004f38        -       0x00000030   Zero   RW          475    .bss                globalvalue.o
    0x10004f68        -       0x0000000c   Zero   RW          476    .bss                globalvalue.o
    0x10004f74        -       0x00000040   Zero   RW          518    .bss                iap.o
    0x10004fb4        -       0x000002ab   Zero   RW          675    .bss                debug_frmwrk.o
    0x1000525f   COMPRESSED   0x00000001   PAD
    0x10005260        -       0x00000208   Zero   RW          753    .bss                usbhost_fat.o
    0x10005468        -       0x00000060   Zero   RW         1130    .bss                c_w.l(libspace.o)
    0x100054c8        -       0x00000000   Zero   RW          546    HEAP                startup_lpc177x_8x.o
    0x100054c8        -       0x00000200   Zero   RW          545    STACK               startup_lpc177x_8x.o


==============================================================================

Image component sizes


      Code (inc. data)   RO Data    RW Data    ZI Data      Debug   Object Name

        52          8      14040          0          0       1417   asciilib.o
      2276        214        601         68        683      13951   debug_frmwrk.o
       552         24          0          0          0      28687   ex_sdram.o
         0          0          0         22      17470       8637   globalvalue.o
       364         14          0          0         64       3417   iap.o
      1092         12          8          8          0       6799   key.o
         0          0       1454         28          0        473   logo.o
       216         26          0          0          0       1583   lpc177x_8x_clkpwr.o
       648         14          0          0          0       2113   lpc177x_8x_eeprom.o
       748         28          0          0          0       9306   lpc177x_8x_gpio.o
      2860         72       2309          8          0      21704   lpc177x_8x_lcd.o
       356          4          0          0          0       4330   lpc177x_8x_pinsel.o
      1374         64          0          0          0       6139   lpc177x_8x_rtc.o
      1516         30          0          0          0       9579   lpc177x_8x_uart.o
       560         60          0          0          0      45080   main.o
       104         12          0          0          0        661   rtc.o
        64         26        228          0        512       1100   startup_lpc177x_8x.o
       440         20          0         16          0       1275   system_lpc177x_8x.o
     12764       1212        144        264       2364      57303   test.o
       552         26          0         20          0      19340   timer.o
      2144         18          0          0        520      10120   usbhost_fat.o
      1484         56          0         56          0      26069   usbhost_lpc17xx.o
      1080         20          0          8          0       5287   usbhost_ms.o
     16552       1574       3842          1          0      36650   use_disp.o

    ----------------------------------------------------------------------
     47800       3534      22667        504      21616     321020   Object Totals
         0          0         32          0          0          0   (incl. Generated)
         2          0          9          5          3          0   (incl. Padding)

    ----------------------------------------------------------------------

      Code (inc. data)   RO Data    RW Data    ZI Data      Debug   Library Member Name

        44          6          0          0          0         84   __2sprintf.o
        58          0          0          0          0          0   __dczerorl.o
         8          0          0          0          0         68   __main.o
       392          4         17          0          0         92   __printf_flags_ss_wp.o
        14          0          0          0          0         68   __printf_wp.o
         0          0          0          0          0          0   __rtentry.o
        12          0          0          0          0          0   __rtentry2.o
         6          0          0          0          0          0   __rtentry4.o
        52          8          0          0          0          0   __scatter.o
        28          0          0          0          0          0   __scatter_zi.o
         6          0          0          0          0          0   _printf_a.o
         6          0          0          0          0          0   _printf_c.o
        44          0          0          0          0        108   _printf_char.o
        48          6          0          0          0         96   _printf_char_common.o
        40          0          0          0          0         68   _printf_charcount.o
         6          0          0          0          0          0   _printf_d.o
       120         16          0          0          0         92   _printf_dec.o
         6          0          0          0          0          0   _printf_e.o
         6          0          0          0          0          0   _printf_f.o
      1054          0          0          0          0        216   _printf_fp_dec.o
       128         16          0          0          0         84   _printf_fp_infnan.o
         6          0          0          0          0          0   _printf_g.o
       148          4         40          0          0        160   _printf_hex_int_ll_ptr.o
         6          0          0          0          0          0   _printf_i.o
       178          0          0          0          0         88   _printf_intcommon.o
        10          0          0          0          0          0   _printf_l.o
         6          0          0          0          0          0   _printf_lc.o
        10          0          0          0          0          0   _printf_ll.o
         6          0          0          0          0          0   _printf_lld.o
         6          0          0          0          0          0   _printf_lli.o
         6          0          0          0          0          0   _printf_llo.o
         6          0          0          0          0          0   _printf_llu.o
         6          0          0          0          0          0   _printf_llx.o
       124         16          0          0          0         92   _printf_longlong_dec.o
         6          0          0          0          0          0   _printf_ls.o
         6          0          0          0          0          0   _printf_n.o
         6          0          0          0          0          0   _printf_o.o
       112         10          0          0          0        124   _printf_oct_int_ll.o
         6          0          0          0          0          0   _printf_p.o
        78          0          0          0          0        108   _printf_pad.o
         0          0          0          0          0          0   _printf_percent.o
         4          0          0          0          0          0   _printf_percent_end.o
         6          0          0          0          0          0   _printf_s.o
        82          0          0          0          0         80   _printf_str.o
        36          0          0          0          0         84   _printf_truncate.o
         6          0          0          0          0          0   _printf_u.o
        44          0          0          0          0        108   _printf_wchar.o
       188          6          8          0          0         92   _printf_wctomb.o
         6          0          0          0          0          0   _printf_x.o
        22          0          0          0          0        100   _rserrno.o
        10          0          0          0          0         68   _sputc.o
        64          0          0          0          0         92   _wcrtomb.o
       228          4        148          0          0         96   bigflt0.o
      1936        128          0          0          0        672   btod.o
        36          4          0          0          0         76   c89vsprintf.o
        18          0          0          0          0         80   exit.o
         6          0          0          0          0        152   heapauxi.o
         0          0          0          0          0          0   indicate_semi.o
        44         10        272          0          0         76   lc_ctype_c.o
        44         10         28          0          0         76   lc_numeric_c.o
         2          0          0          0          0          0   libinit.o
        30          0          0          0          0          0   libinit2.o
         2          0          0          0          0          0   libshutdown.o
         2          0          0          0          0          0   libshutdown2.o
         8          4          0          0         96         68   libspace.o
       138          0          0          0          0         80   lludiv10.o
       238          0          0          0          0        100   lludivv7m.o
        16          4          0          0          0         76   rt_ctype_table.o
         8          4          0          0          0         68   rt_errno_addr_intlibspace.o
         8          4          0          0          0         68   rt_locale_intlibspace.o
        78          0          0          0          0         80   rt_memclr_w.o
       138          0          0          0          0         68   rt_memcpy_v6.o
       100          0          0          0          0         80   rt_memcpy_w.o
         2          0          0          0          0          0   rtexit.o
        10          0          0          0          0          0   rtexit2.o
        24          0          0          0          0         68   strcat.o
       128          0          0          0          0         68   strcmpv7m.o
        72          0          0          0          0         80   strcpy.o
        62          0          0          0          0         76   strlen.o
        12          4          0          0          0         68   sys_exit.o
        74          0          0          0          0         80   sys_stackheap_outer.o
         2          0          0          0          0         68   use_no_semi.o
        98          4          0          0          0         92   d2f.o
       826         16          0          0          0        348   daddsub_clz.o
        16          4          0          0          0         68   dcheck1.o
        24          0          0          0          0         68   dcmpi.o
       688        140          0          0          0        208   ddiv.o
        90          4          0          0          0         92   dfixu.o
        84          0          0          0          0        136   dflt_clz.o
       120          4          0          0          0         92   dleqf.o
       340         12          0          0          0        104   dmul.o
       156          4          0          0          0         92   dnaninf.o
        12          0          0          0          0         68   dretinf.o
       108          0          0          0          0         80   drleqf.o
       460         56          0          0          0        120   dsqrt_noumaal.o
        86          4          0          0          0         84   f2d.o
       430          8          0          0          0        168   faddsub_clz.o
        24          0          0          0          0         68   fcmpi.o
       388         76          0          0          0         96   fdiv.o
        54          4          0          0          0         84   ffix.o
        62          4          0          0          0         84   ffixu.o
        86          0          0          0          0        136   fflt_clz.o
       104          4          0          0          0         84   fleqf.o
       258          4          0          0          0         84   fmul.o
       140          4          0          0          0         84   fnaninf.o
        10          0          0          0          0         68   fretinf.o
        98          0          0          0          0         68   frleqf.o
         4          0          0          0          0         68   printf1.o
       100          0          0          0          0         68   retnan.o
        92          0          0          0          0         68   scalbn.o
        48          0          0          0          0         68   trapv.o
         0          0          0          0          0          0   usenofp.o
        62         10          0          0          0        340   dunder.o
        40          0          0          0          0         68   fpclassify.o
       170          0          0          0          0         96   poly.o
      2520        190        136          0          0        324   pow.o
         0          0          8          0          0          0   qnan.o
        76          0          0          0          0         84   sqrt.o

    ----------------------------------------------------------------------
     14654        820        663          0         96       8456   Library Totals
        36          0          6          0          0          0   (incl. Padding)

    ----------------------------------------------------------------------

      Code (inc. data)   RO Data    RW Data    ZI Data      Debug   Library Name

      6744        268        513          0         96       4596   c_w.l
      5006        352          0          0          0       2948   fz_ws.l
      2868        200        144          0          0        912   m_ws.l

    ----------------------------------------------------------------------
     14654        820        663          0         96       8456   Library Totals

    ----------------------------------------------------------------------

==============================================================================


      Code (inc. data)   RO Data    RW Data    ZI Data      Debug   

     62454       4354      23330        504      21712     322036   Grand Totals
     62454       4354      23330         52      21712     322036   ELF Image Totals (compressed)
     62454       4354      23330         52          0          0   ROM Totals

==============================================================================

    Total RO  Size (Code + RO Data)                85784 (  83.77kB)
    Total RW  Size (RW Data + ZI Data)             22216 (  21.70kB)
    Total ROM Size (Code + RO Data + RW Data)      85836 (  83.82kB)

==============================================================================

