Component: ARM Compiler 5.06 update 6 (build 750) Tool: armlink [4d35ed]

==============================================================================

Section Cross References

    ex_sdram.o(.text) refers to timer.o(.text) for delayMs
    ex_sdram.o(.text) refers to system_lpc177x_8x.o(.data) for SystemCoreClock
    main.o(.text) refers to _printf_pad.o(.text) for _printf_pre_padding
    main.o(.text) refers to _printf_percent.o(.ARM.Collect$$_printf_percent$$00000000) for _printf_percent
    main.o(.text) refers to _printf_d.o(.ARM.Collect$$_printf_percent$$00000009) for _printf_d
    main.o(.text) refers to _printf_dec.o(.text) for _printf_int_dec
    main.o(.text) refers to lpc177x_8x_gpio.o(.text) for GPIO_GetIntStatus
    main.o(.text) refers to lpc177x_8x_clkpwr.o(.text) for CLKPWR_GetCLK
    main.o(.text) refers to key.o(.text) for HW_keyInt
    main.o(.text) refers to ex_sdram.o(.text) for SDRAM_Init
    main.o(.text) refers to lpc177x_8x_lcd.o(.text) for GLCD_Ctrl
    main.o(.text) refers to __2sprintf.o(.text) for __2sprintf
    main.o(.text) refers to test.o(.text) for Soft_Turnon
    main.o(.text) refers to usbhost_fat.o(.text) for FILE_Open
    main.o(.text) refers to globalvalue.o(.data) for softswitch
    main.o(.text) refers to globalvalue.o(.data) for SystemStatus
    main.o(.text) refers to logo.o(.data) for LogoPic
    main.o(.text) refers to test.o(.data) for keynum
    main.o(.text) refers to usbhost_lpc17xx.o(.data) for UserBuffer
    timer.o(.text) refers to system_lpc177x_8x.o(.data) for PeripheralClock
    timer.o(.text) refers to timer.o(.data) for .data
    lpc177x_8x_lcd.o(.text) refers to asciilib.o(.text) for GetASCIICode
    lpc177x_8x_lcd.o(.text) refers to system_lpc177x_8x.o(.data) for PeripheralClock
    lpc177x_8x_lcd.o(.text) refers to lpc177x_8x_lcd.o(.constdata) for .constdata
    lpc177x_8x_lcd.o(.text) refers to lpc177x_8x_lcd.o(.data) for .data
    lpc177x_8x_lcd.o(.text) refers to asciilib.o(.constdata) for _num
    lpc177x_8x_lcd.o(.text) refers to globalvalue.o(.bss) for DispBuf
    logo.o(.data) refers to logo.o(.constdata) for LogoStream
    logo.o(.data) refers to logo.o(.conststring) for .conststring
    asciilib.o(.text) refers to rt_memcpy_v6.o(.text) for __aeabi_memcpy
    asciilib.o(.text) refers to asciilib.o(.constdata) for .constdata
    touchpanel.o(.text) refers to lpc177x_8x_ssp.o(.text) for SSP_ReadWrite
    touchpanel.o(.text) refers to lpc177x_8x_pinsel.o(.text) for PINSEL_ConfigPin
    touchpanel.o(.text) refers to lpc177x_8x_gpio.o(.text) for GPIO_SetDir
    touchpanel.o(.text) refers to rt_memclr_w.o(.text) for __aeabi_memclr4
    touchpanel.o(.text) refers to dflt_clz.o(x$fpl$dflt) for __aeabi_i2d
    touchpanel.o(.text) refers to deqf.o(x$fpl$deqf) for __aeabi_cdcmpeq
    touchpanel.o(.text) refers to dflt_clz.o(x$fpl$dfltu) for __aeabi_ui2d
    touchpanel.o(.text) refers to dmul.o(x$fpl$dmul) for __aeabi_dmul
    touchpanel.o(.text) refers to daddsub_clz.o(x$fpl$dadd) for __aeabi_dadd
    touchpanel.o(.text) refers to ddiv.o(x$fpl$ddiv) for __aeabi_ddiv
    touchpanel.o(.text) refers to dfixu.o(x$fpl$dfixu) for __aeabi_d2uiz
    touchpanel.o(.text) refers to touchpanel.o(.bss) for .bss
    touchpanel.o(.text) refers to touchpanel.o(.data) for .data
    touchpanel.o(.text) refers to lpc177x_8x_lcd.o(.text) for lcd_Clear
    use_disp.o(.text) refers to lpc177x_8x_lcd.o(.text) for LCD_DrawRect
    use_disp.o(.text) refers to lpc177x_8x_lcd.o(.data) for Colour
    use_disp.o(.text) refers to use_disp.o(.constdata) for .constdata
    use_disp.o(.text) refers to globalvalue.o(.bss) for Save_Res
    use_disp.o(.text) refers to asciilib.o(.constdata) for Out_Assic
    use_disp.o(.text) refers to globalvalue.o(.bss) for SaveData
    use_disp.o(.text) refers to globalvalue.o(.bss) for DispBuf
    use_disp.o(.text) refers to ffix.o(x$fpl$ffix) for __aeabi_f2iz
    use_disp.o(.text) refers to test.o(.text) for V_BCD_Int
    use_disp.o(.text) refers to globalvalue.o(.bss) for RTC_TIME_DISP
    use_disp.o(.text) refers to fflt_clz.o(x$fpl$ffltu) for __aeabi_ui2f
    use_disp.o(.text) refers to fmul.o(x$fpl$fmul) for __aeabi_fmul
    use_disp.o(.text) refers to dflt_clz.o(x$fpl$dfltu) for __aeabi_ui2d
    use_disp.o(.text) refers to pow.o(i.pow) for pow
    use_disp.o(.text) refers to f2d.o(x$fpl$f2d) for __aeabi_f2d
    use_disp.o(.text) refers to ddiv.o(x$fpl$ddiv) for __aeabi_ddiv
    use_disp.o(.text) refers to d2f.o(x$fpl$d2f) for __aeabi_d2f
    use_disp.o(.text) refers to fdiv.o(x$fpl$fdiv) for __aeabi_fdiv
    use_disp.o(.text) refers to ffixu.o(x$fpl$ffixu) for __aeabi_f2uiz
    use_disp.o(.text) refers to rt_memcpy_w.o(.text) for __aeabi_memcpy4
    use_disp.o(.text) refers to dfixu.o(x$fpl$dfixu) for __aeabi_d2uiz
    use_disp.o(.text) refers to asciilib.o(.constdata) for _C
    use_disp.o(.text) refers to asciilib.o(.constdata) for _p
    use_disp.o(.text) refers to key.o(.text) for HW_KeyScsn
[...]
    Uart_Process                             0x00005fb3   Thumb Code    88  test.o(.text)
    Test_Process                             0x0000600b   Thumb Code  1668  test.o(.text)
    File_Process                             0x0000668f   Thumb Code    46  test.o(.text)
    Disp_NumKeyboard_Set                     0x000066bd   Thumb Code   734  test.o(.text)
    Disp_Set_CompNum                         0x0000699b   Thumb Code    74  test.o(.text)
    Disp_Set_Num                             0x000069e5   Thumb Code    72  test.o(.text)
    Setup_Process                            0x00006a2d   Thumb Code   896  test.o(.text)
    Data_StoreProcess                        0x00006dad   Thumb Code    44  test.o(.text)
    Test_Comp                                0x00006dd9   Thumb Code   256  test.o(.text)
    Range_Process                            0x00006ed9   Thumb Code   298  test.o(.text)
    Inttofloat                               0x00007003   Thumb Code   100  test.o(.text)
    Set_Compbcd_float                        0x00007067   Thumb Code   258  test.o(.text)
    Range_CountProcess                       0x00007169   Thumb Code   322  test.o(.text)
    ItemProcess                              0x000072ab   Thumb Code   346  test.o(.text)
    Freq_Set_Num                             0x00007405   Thumb Code    40  test.o(.text)
    Use_ITEMSetProcess                       0x0000742d   Thumb Code   544  test.o(.text)
    Input_compvalue                          0x0000764d   Thumb Code   824  test.o(.text)
    Disp_Set_InputpreNum                     0x00007985   Thumb Code    94  test.o(.text)
    Disp_Set_InputNum                        0x000079e3   Thumb Code    74  test.o(.text)
    Use_LimitSetProcess                      0x00007a2d   Thumb Code   700  test.o(.text)
    Sys_Process                              0x00007ce9   Thumb Code   168  test.o(.text)
    Soft_Turnon                              0x00007d91   Thumb Code   110  test.o(.text)
    Use_SysSetProcess                        0x00007dff   Thumb Code  1214  test.o(.text)
    input_num                                0x000082bd   Thumb Code   552  test.o(.text)
    Use_DebugProcess                         0x000084e5   Thumb Code   640  test.o(.text)
    Fac_DebugProcess                         0x00008765   Thumb Code    40  test.o(.text)
    Uart3_Process                            0x0000878d   Thumb Code    54  test.o(.text)
    PackStandFrame                           0x000087c3   Thumb Code    36  test.o(.text)
    Avg_Set_Num                              0x000087e7   Thumb Code   154  test.o(.text)
    Set_daot                                 0x00008881   Thumb Code    50  test.o(.text)
    Input_int                                0x000088b3   Thumb Code    36  test.o(.text)
    V_BCD_Int                                0x000088d7   Thumb Code    60  test.o(.text)
    input_password                           0x00008913   Thumb Code   738  test.o(.text)
    SelSector                                0x00008c69   Thumb Code    30  iap.o(.text)
    RamToFlash                               0x00008c87   Thumb Code    34  iap.o(.text)
    EraseSector                              0x00008ca9   Thumb Code    36  iap.o(.text)
    BlankCHK                                 0x00008ccd   Thumb Code    36  iap.o(.text)
    ReadParID                                0x00008cf1   Thumb Code    30  iap.o(.text)
    BootCodeID                               0x00008d0f   Thumb Code    30  iap.o(.text)
    Compare                                  0x00008d2d   Thumb Code    30  iap.o(.text)
    Reinvoke_ISP                             0x00008d4b   Thumb Code    14  iap.o(.text)
    WriteFlash                               0x00008d59   Thumb Code    86  iap.o(.text)
    SystemCoreClockUpdate                    0x00008db9   Thumb Code   284  system_lpc177x_8x.o(.text)
    SystemInit                               0x00008ed5   Thumb Code   136  system_lpc177x_8x.o(.text)
    GPIO_SetDir                              0x00009007   Thumb Code    28  lpc177x_8x_gpio.o(.text)
    GPIO_SetValue                            0x00009023   Thumb Code    16  lpc177x_8x_gpio.o(.text)
    GPIO_ClearValue                          0x00009033   Thumb Code    16  lpc177x_8x_gpio.o(.text)
    GPIO_OutputValue                         0x00009043   Thumb Code     6  lpc177x_8x_gpio.o(.text)
    GPIO_ReadValue                           0x00009049   Thumb Code    14  lpc177x_8x_gpio.o(.text)
    GPIO_IntCmd                              0x00009057   Thumb Code    56  lpc177x_8x_gpio.o(.text)
    GPIO_GetIntStatus                        0x0000908f   Thumb Code    62  lpc177x_8x_gpio.o(.text)
    GPIO_ClearInt                            0x000090cd   Thumb Code    22  lpc177x_8x_gpio.o(.text)
    FIO_SetDir                               0x000090e3   Thumb Code     2  lpc177x_8x_gpio.o(.text)
    FIO_SetValue                             0x000090e5   Thumb Code     2  lpc177x_8x_gpio.o(.text)
    FIO_ClearValue                           0x000090e7   Thumb Code     2  lpc177x_8x_gpio.o(.text)
    FIO_ReadValue                            0x000090e9   Thumb Code     2  lpc177x_8x_gpio.o(.text)
    FIO_IntCmd                               0x000090eb   Thumb Code     2  lpc177x_8x_gpio.o(.text)
    FIO_GetIntStatus                         0x000090ed   Thumb Code     2  lpc177x_8x_gpio.o(.text)
    FIO_ClearInt                             0x000090ef   Thumb Code     2  lpc177x_8x_gpio.o(.text)
    FIO_SetMask                              0x000090f1   Thumb Code    28  lpc177x_8x_gpio.o(.text)
    FIO_HalfWordSetDir                       0x0000910d   Thumb Code    50  lpc177x_8x_gpio.o(.text)
    FIO_HalfWordSetMask                      0x0000913f   Thumb Code    50  lpc177x_8x_gpio.o(.text)
    FIO_HalfWordSetValue                     0x00009171   Thumb Code    24  lpc177x_8x_gpio.o(.text)
    FIO_HalfWordClearValue                   0x00009189   Thumb Code    24  lpc177x_8x_gpio.o(.text)
    FIO_HalfWordReadValue                    0x000091a1   Thumb Code    22  lpc177x_8x_gpio.o(.text)
    FIO_ByteSetDir                           0x000091b7   Thumb Code    40  lpc177x_8x_gpio.o(.text)
    FIO_ByteSetMask                          0x000091df   Thumb Code    44  lpc177x_8x_gpio.o(.text)
    FIO_ByteSetValue                         0x0000920b   Thumb Code    24  lpc177x_8x_gpio.o(.text)
    FIO_ByteClearValue                       0x00009223   Thumb Code    24  lpc177x_8x_gpio.o(.text)
    FIO_ByteReadValue                        0x0000923b   Thumb Code    24  lpc177x_8x_gpio.o(.text)
    CLKPWR_SetCLKDiv                         0x0000925d   Thumb Code    62  lpc177x_8x_clkpwr.o(.text)
    CLKPWR_GetCLK                            0x0000929b   Thumb Code    34  lpc177x_8x_clkpwr.o(.text)
    CLKPWR_ConfigPPWR                        0x000092bd   Thumb Code    28  lpc177x_8x_clkpwr.o(.text)
    CLKPWR_Sleep                             0x000092d9   Thumb Code    12  lpc177x_8x_clkpwr.o(.text)
    CLKPWR_DeepSleep                         0x000092e5   Thumb Code    18  lpc177x_8x_clkpwr.o(.text)
    CLKPWR_PowerDown                         0x000092f7   Thumb Code    18  lpc177x_8x_clkpwr.o(.text)
    CLKPWR_DeepPowerDown                     0x00009309   Thumb Code    18  lpc177x_8x_clkpwr.o(.text)
    UART_Init                                0x00009451   Thumb Code   234  lpc177x_8x_uart.o(.text)
    UART_TxCmd                               0x0000953b   Thumb Code    26  lpc177x_8x_uart.o(.text)
    UART_DeInit                              0x00009555   Thumb Code    74  lpc177x_8x_uart.o(.text)
    UART_ConfigStructInit                    0x0000959f   Thumb Code    12  lpc177x_8x_uart.o(.text)
    UART_SendByte                            0x000095ab   Thumb Code     6  lpc177x_8x_uart.o(.text)
    UART_ReceiveByte                         0x000095b1   Thumb Code     6  lpc177x_8x_uart.o(.text)
    UART_Send                                0x000095b7   Thumb Code   114  lpc177x_8x_uart.o(.text)
    UART_Receive                             0x00009629   Thumb Code    82  lpc177x_8x_uart.o(.text)
    UART_ForceBreak                          0x0000967b   Thumb Code    12  lpc177x_8x_uart.o(.text)
    UART_IntConfig                           0x00009687   Thumb Code    84  lpc177x_8x_uart.o(.text)
    UART_GetLineStatus                       0x000096db   Thumb Code    14  lpc177x_8x_uart.o(.text)
    UART_GetIntId                            0x000096e9   Thumb Code    10  lpc177x_8x_uart.o(.text)
    UART_CheckBusy                           0x000096f3   Thumb Code    14  lpc177x_8x_uart.o(.text)
    UART_FIFOConfig                          0x00009701   Thumb Code    64  lpc177x_8x_uart.o(.text)
    UART_FIFOConfigStructInit                0x00009741   Thumb Code    14  lpc177x_8x_uart.o(.text)
    UART_ABCmd                               0x0000974f   Thumb Code   102  lpc177x_8x_uart.o(.text)
    UART_ABClearIntPending                   0x000097b5   Thumb Code    10  lpc177x_8x_uart.o(.text)
    UART_IrDAInvtInputCmd                    0x000097bf   Thumb Code    30  lpc177x_8x_uart.o(.text)
    UART_IrDACmd                             0x000097dd   Thumb Code    38  lpc177x_8x_uart.o(.text)
    UART_IrDAPulseDivConfig                  0x00009803   Thumb Code    24  lpc177x_8x_uart.o(.text)
    UART_FullModemForcePinState              0x0000981b   Thumb Code    36  lpc177x_8x_uart.o(.text)
    UART_FullModemConfigMode                 0x0000983f   Thumb Code    42  lpc177x_8x_uart.o(.text)
    UART_FullModemGetStatus                  0x00009869   Thumb Code     4  lpc177x_8x_uart.o(.text)
    UART_RS485Config                         0x0000986d   Thumb Code    88  lpc177x_8x_uart.o(.text)
    UART_RS485ReceiverCmd                    0x000098c5   Thumb Code    22  lpc177x_8x_uart.o(.text)
    UART_RS485Send                           0x000098db   Thumb Code    46  lpc177x_8x_uart.o(.text)
    UART_RS485SendSlvAddr                    0x00009909   Thumb Code    14  lpc177x_8x_uart.o(.text)
    UART_RS485SendData                       0x00009917   Thumb Code     4  lpc177x_8x_uart.o(.text)
    UARTPutChar                              0x00009921   Thumb Code    14  debug_frmwrk.o(.text)
    UARTGetChar                              0x0000992f   Thumb Code    24  debug_frmwrk.o(.text)
    UARTPuts                                 0x00009947   Thumb Code    30  debug_frmwrk.o(.text)
    UARTGetValue                             0x00009965   Thumb Code   244  debug_frmwrk.o(.text)
    UART3SEND                                0x00009a59   Thumb Code    28  debug_frmwrk.o(.text)
    UARTPuts_                                0x00009a75   Thumb Code    18  debug_frmwrk.o(.text)
    UARTPutDec                               0x00009a87   Thumb Code    72  debug_frmwrk.o(.text)
    UARTPutDec16                             0x00009acf   Thumb Code   126  debug_frmwrk.o(.text)
    UARTPutDec32                             0x00009b4d   Thumb Code   258  debug_frmwrk.o(.text)
    UARTPutHex_                              0x00009c4f   Thumb Code    42  debug_frmwrk.o(.text)
    UARTPutHex                               0x00009c79   Thumb Code    48  debug_frmwrk.o(.text)
    UARTPutHex16_                            0x00009ca9   Thumb Code    42  debug_frmwrk.o(.text)
    UARTPutHex16                             0x00009cd3   Thumb Code    48  debug_frmwrk.o(.text)
    UARTPutHex32_                            0x00009d03   Thumb Code    42  debug_frmwrk.o(.text)
    UARTPutHex32                             0x00009d2d   Thumb Code    48  debug_frmwrk.o(.text)
    _printf                                  0x00009d5d   Thumb Code    30  debug_frmwrk.o(.text)
    debug_frmwrk_init                        0x00009d7b   Thumb Code   290  debug_frmwrk.o(.text)
    Uart3_init                               0x00009e9d   Thumb Code   108  debug_frmwrk.o(.text)
    Uart0RecTimeOut                          0x00009f09   Thumb Code    36  debug_frmwrk.o(.text)
    UART0_IRQHandler                         0x00009f2d   Thumb Code   108  debug_frmwrk.o(.text)
    BEBufToUint16                            0x00009f99   Thumb Code     6  debug_frmwrk.o(.text)
    CRC16                                    0x00009f9f   Thumb Code    38  debug_frmwrk.o(.text)
    MODS_SendWithCRC                         0x00009fc5   Thumb Code    52  debug_frmwrk.o(.text)
    UART3_IRQHandler                         0x00009ff9   Thumb Code    50  debug_frmwrk.o(.text)
    RecHandle                                0x0000a19f   Thumb Code    36  debug_frmwrk.o(.text)
    PINSEL_ConfigPin                         0x0000a205   Thumb Code    20  lpc177x_8x_pinsel.o(.text)
    PINSEL_SetPinMode                        0x0000a219   Thumb Code    20  lpc177x_8x_pinsel.o(.text)
    PINSEL_SetHysMode                        0x0000a22d   Thumb Code    26  lpc177x_8x_pinsel.o(.text)
    PINSEL_SetSlewMode                       0x0000a247   Thumb Code    26  lpc177x_8x_pinsel.o(.text)
    PINSEL_SetInBufMode                      0x0000a261   Thumb Code    26  lpc177x_8x_pinsel.o(.text)
    PINSEL_SetI2CMode                        0x0000a27b   Thumb Code    22  lpc177x_8x_pinsel.o(.text)
    PINSEL_SetOpenDrainMode                  0x0000a291   Thumb Code    26  lpc177x_8x_pinsel.o(.text)
    PINSEL_SetAnalogPinMode                  0x0000a2ab   Thumb Code    90  lpc177x_8x_pinsel.o(.text)
    PINSEL_DacEnable                         0x0000a305   Thumb Code    36  lpc177x_8x_pinsel.o(.text)
    PINSEL_SetFilter                         0x0000a329   Thumb Code    48  lpc177x_8x_pinsel.o(.text)
    EEPROM_Init                              0x0000a369   Thumb Code   100  lpc177x_8x_eeprom.o(.text)
    EEPROM_Write                             0x0000a3cd   Thumb Code   238  lpc177x_8x_eeprom.o(.text)
    EEPROM_Read                              0x0000a4bb   Thumb Code   208  lpc177x_8x_eeprom.o(.text)
    EEPROM_Erase                             0x0000a58b   Thumb Code    72  lpc177x_8x_eeprom.o(.text)
    EEPROM_PowerDown                         0x0000a5d3   Thumb Code    16  lpc177x_8x_eeprom.o(.text)
    RTC_Init                                 0x0000a5f1   Thumb Code    28  lpc177x_8x_rtc.o(.text)
    RTC_DeInit                               0x0000a60d   Thumb Code    12  lpc177x_8x_rtc.o(.text)
    RTC_ResetClockTickCounter                0x0000a619   Thumb Code    18  lpc177x_8x_rtc.o(.text)
    RTC_Cmd                                  0x0000a62b   Thumb Code    20  lpc177x_8x_rtc.o(.text)
    RTC_CntIncrIntConfig                     0x0000a63f   Thumb Code   166  lpc177x_8x_rtc.o(.text)
    RTC_AlarmIntConfig                       0x0000a6e5   Thumb Code   166  lpc177x_8x_rtc.o(.text)
    RTC_SetTime                              0x0000a78b   Thumb Code   198  lpc177x_8x_rtc.o(.text)
    RTC_GetTime                              0x0000a851   Thumb Code    88  lpc177x_8x_rtc.o(.text)
    RTC_SetFullTime                          0x0000a8a9   Thumb Code    76  lpc177x_8x_rtc.o(.text)
    RTC_GetFullTime                          0x0000a8f5   Thumb Code    76  lpc177x_8x_rtc.o(.text)
    RTC_SetAlarmTime                         0x0000a941   Thumb Code   200  lpc177x_8x_rtc.o(.text)
    RTC_GetAlarmTime                         0x0000aa09   Thumb Code    92  lpc177x_8x_rtc.o(.text)
    RTC_SetFullAlarmTime                     0x0000aa65   Thumb Code    78  lpc177x_8x_rtc.o(.text)
    RTC_GetFullAlarmTime                     0x0000aab3   Thumb Code    78  lpc177x_8x_rtc.o(.text)
    RTC_GetIntPending                        0x0000ab01   Thumb Code    10  lpc177x_8x_rtc.o(.text)
    RTC_ClearIntPending                      0x0000ab0b   Thumb Code     8  lpc177x_8x_rtc.o(.text)
    RTC_CalibCounterCmd                      0x0000ab13   Thumb Code    20  lpc177x_8x_rtc.o(.text)
    RTC_CalibConfig                          0x0000ab27   Thumb Code    24  lpc177x_8x_rtc.o(.text)
    RTC_WriteGPREG                           0x0000ab3f   Thumb Code     8  lpc177x_8x_rtc.o(.text)
    RTC_ReadGPREG                            0x0000ab47   Thumb Code     8  lpc177x_8x_rtc.o(.text)
    FAT_GetFATType                           0x0000ab51   Thumb Code    32  usbhost_fat.o(.text)
    FAT_Init                                 0x0000ab71   Thumb Code   240  usbhost_fat.o(.text)
    FAT_PutSFN                               0x0000ac61   Thumb Code   142  usbhost_fat.o(.text)
    FAT_ChkEntType                           0x0000acef   Thumb Code    32  usbhost_fat.o(.text)
    FAT_GetFreeEntry                         0x0000ad0f   Thumb Code    90  usbhost_fat.o(.text)
    FAT_StrCaseCmp                           0x0000ad69   Thumb Code    52  usbhost_fat.o(.text)
    FAT_GetSfnExt                            0x0000ad9d   Thumb Code    40  usbhost_fat.o(.text)
    FAT_GetSfnName                           0x0000adc5   Thumb Code    32  usbhost_fat.o(.text)
    FAT_GetSFN                               0x0000ade5   Thumb Code    62  usbhost_fat.o(.text)
    FAT_FindEntry                            0x0000ae23   Thumb Code   146  usbhost_fat.o(.text)
    FAT_CreateEntry                          0x0000aeb5   Thumb Code    36  usbhost_fat.o(.text)
    FILE_Open                                0x0000aed9   Thumb Code    66  usbhost_fat.o(.text)
    FAT_ClusRead                             0x0000af1b   Thumb Code   202  usbhost_fat.o(.text)
    FAT_GetNextClus                          0x0000afe5   Thumb Code    56  usbhost_fat.o(.text)
    FILE_Read                                0x0000b01d   Thumb Code   162  usbhost_fat.o(.text)
    FAT_UpdateFAT                            0x0000b0bf   Thumb Code    64  usbhost_fat.o(.text)
    FAT_GetFreeClus                          0x0000b0ff   Thumb Code    84  usbhost_fat.o(.text)
    FAT_ClusWrite                            0x0000b153   Thumb Code   218  usbhost_fat.o(.text)
    FAT_GetEndClus                           0x0000b22d   Thumb Code    22  usbhost_fat.o(.text)
    FILE_Write                               0x0000b243   Thumb Code   220  usbhost_fat.o(.text)
    FAT_UpdateEntry                          0x0000b31f   Thumb Code    48  usbhost_fat.o(.text)
    FILE_Close                               0x0000b34f   Thumb Code    70  usbhost_fat.o(.text)
    Host_DelayUS                             0x0000b39d   Thumb Code    18  usbhost_lpc17xx.o(.text)
    Host_DelayMS                             0x0000b3af   Thumb Code    32  usbhost_lpc17xx.o(.text)
    Host_HCCAInit                            0x0000b3cf   Thumb Code    26  usbhost_lpc17xx.o(.text)
    Host_TDInit                              0x0000b3e9   Thumb Code    12  usbhost_lpc17xx.o(.text)
    Host_EDInit                              0x0000b3f5   Thumb Code    12  usbhost_lpc17xx.o(.text)
    Host_Init                                0x0000b401   Thumb Code   342  usbhost_lpc17xx.o(.text)
    USB_IRQHandler                           0x0000b557   Thumb Code   208  usbhost_lpc17xx.o(.text)
    Host_WDHWait                             0x0000b627   Thumb Code    14  usbhost_lpc17xx.o(.text)
    Host_ProcessTD                           0x0000b635   Thumb Code   146  usbhost_lpc17xx.o(.text)
    WriteLE16U                               0x0000b6c7   Thumb Code    16  usbhost_lpc17xx.o(.text)
    Host_FillSetup                           0x0000b6d7   Thumb Code    62  usbhost_lpc17xx.o(.text)
    Host_CtrlSend                            0x0000b715   Thumb Code    68  usbhost_lpc17xx.o(.text)
    ReadLE16U                                0x0000b759   Thumb Code    20  usbhost_lpc17xx.o(.text)
    Host_CtrlRecv                            0x0000b76d   Thumb Code    68  usbhost_lpc17xx.o(.text)
    Host_EnumDev                             0x0000b7b1   Thumb Code   316  usbhost_lpc17xx.o(.text)
    ReadLE32U                                0x0000b8ed   Thumb Code    28  usbhost_lpc17xx.o(.text)
    WriteLE32U                               0x0000b909   Thumb Code    16  usbhost_lpc17xx.o(.text)
    ReadBE32U                                0x0000b919   Thumb Code    28  usbhost_lpc17xx.o(.text)
    WriteBE32U                               0x0000b935   Thumb Code    16  usbhost_lpc17xx.o(.text)
    ReadBE16U                                0x0000b945   Thumb Code    20  usbhost_lpc17xx.o(.text)
    WriteBE16U                               0x0000b959   Thumb Code    16  usbhost_lpc17xx.o(.text)
    Fill_MSCommand                           0x0000b969   Thumb Code   144  usbhost_ms.o(.text)
    MS_Inquire                               0x0000b9f9   Thumb Code   124  usbhost_ms.o(.text)
    MS_ReadCapacity                          0x0000ba75   Thumb Code   124  usbhost_ms.o(.text)
    MS_GetSenseInfo                          0x0000baf1   Thumb Code    96  usbhost_ms.o(.text)
    MS_TestUnitReady                         0x0000bb51   Thumb Code    76  usbhost_ms.o(.text)
    MS_GetMaxLUN                             0x0000bb9d   Thumb Code    26  usbhost_ms.o(.text)
    MS_Init                                  0x0000bbb7   Thumb Code    66  usbhost_ms.o(.text)
    MS_ParseConfiguration                    0x0000bbf9   Thumb Code   170  usbhost_ms.o(.text)
    MS_BulkRecv                              0x0000bca3   Thumb Code   126  usbhost_ms.o(.text)
    MS_BulkSend                              0x0000bd21   Thumb Code   128  usbhost_ms.o(.text)
    RTC_IRQHandler                           0x0000bda1   Thumb Code    44  rtc.o(.text)
    RTC_INT                                  0x0000bdcd   Thumb Code    48  rtc.o(.text)
    __aeabi_uldivmod                         0x0000be09   Thumb Code     0  lludivv7m.o(.text)
    _ll_udiv                                 0x0000be09   Thumb Code   238  lludivv7m.o(.text)
    __2sprintf                               0x0000bef9   Thumb Code    38  __2sprintf.o(.text)
    _printf_pre_padding                      0x0000bf25   Thumb Code    44  _printf_pad.o(.text)
    _printf_post_padding                     0x0000bf51   Thumb Code    34  _printf_pad.o(.text)
    _printf_int_dec                          0x0000bf75   Thumb Code   104  _printf_dec.o(.text)
    __printf                                 0x0000bfed   Thumb Code   388  __printf_flags_ss_wp.o(.text)
    strcpy                                   0x0000c175   Thumb Code    72  strcpy.o(.text)
    __aeabi_memcpy                           0x0000c1bd   Thumb Code     0  rt_memcpy_v6.o(.text)
    __rt_memcpy                              0x0000c1bd   Thumb Code   138  rt_memcpy_v6.o(.text)
    _memcpy_lastbytes                        0x0000c223   Thumb Code     0  rt_memcpy_v6.o(.text)
    __aeabi_memcpy4                          0x0000c247   Thumb Code     0  rt_memcpy_w.o(.text)
    __aeabi_memcpy8                          0x0000c247   Thumb Code     0  rt_memcpy_w.o(.text)
    __rt_memcpy_w                            0x0000c247   Thumb Code   100  rt_memcpy_w.o(.text)
    _memcpy_lastbytes_aligned                0x0000c28f   Thumb Code     0  rt_memcpy_w.o(.text)
    __aeabi_memclr4                          0x0000c2ab   Thumb Code     0  rt_memclr_w.o(.text)
    __aeabi_memclr8                          0x0000c2ab   Thumb Code     0  rt_memclr_w.o(.text)
    __rt_memclr_w                            0x0000c2ab   Thumb Code    78  rt_memclr_w.o(.text)
    _memset_w                                0x0000c2af   Thumb Code     0  rt_memclr_w.o(.text)
    strcmp                                   0x0000c2f9   Thumb Code   128  strcmpv7m.o(.text)
    __read_errno                             0x0000c379   Thumb Code    10  _rserrno.o(.text)
    __set_errno                              0x0000c383   Thumb Code    12  _rserrno.o(.text)
    _printf_truncate_signed                  0x0000c38f   Thumb Code    18  _printf_truncate.o(.text)
    _printf_truncate_unsigned                0x0000c3a1   Thumb Code    18  _printf_truncate.o(.text)
    _printf_str                              0x0000c3b3   Thumb Code    82  _printf_str.o(.text)
    _printf_int_common                       0x0000c405   Thumb Code   178  _printf_intcommon.o(.text)
    _printf_charcount                        0x0000c4b7   Thumb Code    40  _printf_charcount.o(.text)
    _printf_char_common                      0x0000c4eb   Thumb Code    32  _printf_char_common.o(.text)
    _sputc                                   0x0000c511   Thumb Code    10  _sputc.o(.text)
    _printf_wctomb                           0x0000c51d   Thumb Code   182  _printf_wctomb.o(.text)
    _printf_longlong_dec                     0x0000c5d9   Thumb Code   108  _printf_longlong_dec.o(.text)
    _printf_longlong_oct                     0x0000c655   Thumb Code    66  _printf_oct_int_ll.o(.text)
    _printf_int_oct                          0x0000c697   Thumb Code    24  _printf_oct_int_ll.o(.text)
    _printf_ll_oct                           0x0000c6af   Thumb Code    12  _printf_oct_int_ll.o(.text)
    _printf_longlong_hex                     0x0000c6c5   Thumb Code    86  _printf_hex_int_ll_ptr.o(.text)
    _printf_int_hex                          0x0000c71b   Thumb Code    28  _printf_hex_int_ll_ptr.o(.text)
    _printf_ll_hex                           0x0000c737   Thumb Code    12  _printf_hex_int_ll_ptr.o(.text)
    _printf_hex_ptr                          0x0000c743   Thumb Code    18  _printf_hex_int_ll_ptr.o(.text)
    __aeabi_errno_addr                       0x0000c759   Thumb Code     8  rt_errno_addr_intlibspace.o(.text)
    __errno$intlibspace                      0x0000c759   Thumb Code     0  rt_errno_addr_intlibspace.o(.text)
    __rt_errno_addr$intlibspace              0x0000c759   Thumb Code     0  rt_errno_addr_intlibspace.o(.text)
    _ll_udiv10                               0x0000c761   Thumb Code   138  lludiv10.o(.text)
    __lib_sel_fp_printf                      0x0000c7eb   Thumb Code     2  _printf_fp_dec.o(.text)
    _printf_fp_dec_real                      0x0000c99d   Thumb Code   620  _printf_fp_dec.o(.text)
    _printf_cs_common                        0x0000cc09   Thumb Code    20  _printf_char.o(.text)
    _printf_char                             0x0000cc1d   Thumb Code    16  _printf_char.o(.text)
    _printf_string                           0x0000cc2d   Thumb Code     8  _printf_char.o(.text)
    _printf_lcs_common                       0x0000cc35   Thumb Code    20  _printf_wchar.o(.text)
    _printf_wchar                            0x0000cc49   Thumb Code    16  _printf_wchar.o(.text)
    _printf_wstring                          0x0000cc59   Thumb Code     8  _printf_wchar.o(.text)
    _wcrtomb                                 0x0000cc61   Thumb Code    64  _wcrtomb.o(.text)
    __user_libspace                          0x0000cca1   Thumb Code     8  libspace.o(.text)
    __user_perproc_libspace                  0x0000cca1   Thumb Code     0  libspace.o(.text)
    __user_perthread_libspace                0x0000cca1   Thumb Code     0  libspace.o(.text)
    __user_setup_stackheap                   0x0000cca9   Thumb Code    74  sys_stackheap_outer.o(.text)
    __rt_ctype_table                         0x0000ccf5   Thumb Code    16  rt_ctype_table.o(.text)
    __rt_locale                              0x0000cd05   Thumb Code     8  rt_locale_intlibspace.o(.text)
    _printf_fp_infnan                        0x0000cd0d   Thumb Code   112  _printf_fp_infnan.o(.text)
    _btod_etento                             0x0000cd8d   Thumb Code   224  bigflt0.o(.text)
    exit                                     0x0000ce71   Thumb Code    18  exit.o(.text)
    _sys_exit                                0x0000ce85   Thumb Code     8  sys_exit.o(.text)
    __semihosting_library_function           0x0000ce91   Thumb Code     0  indicate_semi.o(.text)
    _btod_d2e                                0x0000ce91   Thumb Code    62  btod.o(CL$$btod_d2e)
    _d2e_denorm_low                          0x0000cecf   Thumb Code    70  btod.o(CL$$btod_d2e_denorm_low)
    _d2e_norm_op1                            0x0000cf15   Thumb Code    96  btod.o(CL$$btod_d2e_norm_op1)
    __btod_div_common                        0x0000cf75   Thumb Code   696  btod.o(CL$$btod_div_common)
    _e2e                                     0x0000d2ad   Thumb Code   220  btod.o(CL$$btod_e2e)
    _btod_ediv                               0x0000d389   Thumb Code    42  btod.o(CL$$btod_ediv)
    _btod_emul                               0x0000d3b3   Thumb Code    42  btod.o(CL$$btod_emul)
    __btod_mult_common                       0x0000d3dd   Thumb Code   580  btod.o(CL$$btod_mult_common)
    __ARM_fpclassify                         0x0000d621   Thumb Code    40  fpclassify.o(i.__ARM_fpclassify)
    __kernel_poly                            0x0000d649   Thumb Code   170  poly.o(i.__kernel_poly)
    __mathlib_dbl_divzero                    0x0000d6f5   Thumb Code    12  dunder.o(i.__mathlib_dbl_divzero)
    __mathlib_dbl_infnan2                    0x0000d705   Thumb Code     4  dunder.o(i.__mathlib_dbl_infnan2)
    __mathlib_dbl_invalid                    0x0000d709   Thumb Code    12  dunder.o(i.__mathlib_dbl_invalid)
    __mathlib_dbl_overflow                   0x0000d715   Thumb Code    14  dunder.o(i.__mathlib_dbl_overflow)
    __mathlib_dbl_underflow                  0x0000d725   Thumb Code    10  dunder.o(i.__mathlib_dbl_underflow)
    _is_digit                                0x0000d735   Thumb Code    14  __printf_wp.o(i._is_digit)
    pow                                      0x0000d745   Thumb Code  2512  pow.o(i.pow)
    sqrt                                     0x0000e11d   Thumb Code    76  sqrt.o(i.sqrt)
    _get_lc_numeric                          0x0000e169   Thumb Code    44  lc_numeric_c.o(locale$$code)
    _get_lc_ctype                            0x0000e195   Thumb Code    44  lc_ctype_c.o(locale$$code)
    __aeabi_d2f                              0x0000e1c1   Thumb Code     0  d2f.o(x$fpl$d2f)
    _d2f                                     0x0000e1c1   Thumb Code    98  d2f.o(x$fpl$d2f)
    __aeabi_dadd                             0x0000e225   Thumb Code     0  daddsub_clz.o(x$fpl$dadd)
    _dadd                                    0x0000e225   Thumb Code   332  daddsub_clz.o(x$fpl$dadd)
    __fpl_dcheck_NaN1                        0x0000e375   Thumb Code    10  dcheck1.o(x$fpl$dcheck1)
    __fpl_dcmp_Inf                           0x0000e385   Thumb Code    24  dcmpi.o(x$fpl$dcmpinf)
    __aeabi_ddiv                             0x0000e39d   Thumb Code     0  ddiv.o(x$fpl$ddiv)
    _ddiv                                    0x0000e39d   Thumb Code   552  ddiv.o(x$fpl$ddiv)
    __aeabi_d2uiz                            0x0000e64d   Thumb Code     0  dfixu.o(x$fpl$dfixu)
    _dfixu                                   0x0000e64d   Thumb Code    90  dfixu.o(x$fpl$dfixu)
    __aeabi_i2d                              0x0000e6a7   Thumb Code     0  dflt_clz.o(x$fpl$dflt)
    _dflt                                    0x0000e6a7   Thumb Code    46  dflt_clz.o(x$fpl$dflt)
    __aeabi_ui2d                             0x0000e6d5   Thumb Code     0  dflt_clz.o(x$fpl$dfltu)
    _dfltu                                   0x0000e6d5   Thumb Code    38  dflt_clz.o(x$fpl$dfltu)
    __aeabi_cdcmple                          0x0000e6fd   Thumb Code     0  dleqf.o(x$fpl$dleqf)
    _dcmple                                  0x0000e6fd   Thumb Code   120  dleqf.o(x$fpl$dleqf)
    __fpl_dcmple_InfNaN                      0x0000e75f   Thumb Code     0  dleqf.o(x$fpl$dleqf)
    __aeabi_dmul                             0x0000e775   Thumb Code     0  dmul.o(x$fpl$dmul)
    _dmul                                    0x0000e775   Thumb Code   332  dmul.o(x$fpl$dmul)
    __fpl_dnaninf                            0x0000e8c9   Thumb Code   156  dnaninf.o(x$fpl$dnaninf)
    __fpl_dretinf                            0x0000e965   Thumb Code    12  dretinf.o(x$fpl$dretinf)
    __aeabi_cdrcmple                         0x0000e971   Thumb Code     0  drleqf.o(x$fpl$drleqf)
    _drcmple                                 0x0000e971   Thumb Code   108  drleqf.o(x$fpl$drleqf)
    __aeabi_drsub                            0x0000e9dd   Thumb Code     0  daddsub_clz.o(x$fpl$drsb)
    _drsb                                    0x0000e9dd   Thumb Code    22  daddsub_clz.o(x$fpl$drsb)
    _dsqrt                                   0x0000e9f5   Thumb Code   456  dsqrt_noumaal.o(x$fpl$dsqrt)
    __aeabi_dsub                             0x0000ebc1   Thumb Code     0  daddsub_clz.o(x$fpl$dsub)
    _dsub                                    0x0000ebc1   Thumb Code   464  daddsub_clz.o(x$fpl$dsub)
    __aeabi_f2d                              0x0000ed95   Thumb Code     0  f2d.o(x$fpl$f2d)
    _f2d                                     0x0000ed95   Thumb Code    86  f2d.o(x$fpl$f2d)
    __aeabi_fadd                             0x0000eded   Thumb Code     0  faddsub_clz.o(x$fpl$fadd)
    _fadd                                    0x0000eded   Thumb Code   196  faddsub_clz.o(x$fpl$fadd)
    __fpl_fcmp_Inf                           0x0000eeb1   Thumb Code    24  fcmpi.o(x$fpl$fcmpinf)
    __aeabi_fdiv                             0x0000eec9   Thumb Code     0  fdiv.o(x$fpl$fdiv)
    _fdiv                                    0x0000eec9   Thumb Code   384  fdiv.o(x$fpl$fdiv)
    __aeabi_f2iz                             0x0000f04d   Thumb Code     0  ffix.o(x$fpl$ffix)
    _ffix                                    0x0000f04d   Thumb Code    54  ffix.o(x$fpl$ffix)
    __aeabi_f2uiz                            0x0000f085   Thumb Code     0  ffixu.o(x$fpl$ffixu)
    _ffixu                                   0x0000f085   Thumb Code    62  ffixu.o(x$fpl$ffixu)
    __aeabi_i2f                              0x0000f0c5   Thumb Code     0  fflt_clz.o(x$fpl$fflt)
    _fflt                                    0x0000f0c5   Thumb Code    48  fflt_clz.o(x$fpl$fflt)
    __aeabi_ui2f                             0x0000f0f5   Thumb Code     0  fflt_clz.o(x$fpl$ffltu)
    _ffltu                                   0x0000f0f5   Thumb Code    38  fflt_clz.o(x$fpl$ffltu)
    __aeabi_cfcmple                          0x0000f11d   Thumb Code     0  fleqf.o(x$fpl$fleqf)
    _fcmple                                  0x0000f11d   Thumb Code   104  fleqf.o(x$fpl$fleqf)
    __fpl_fcmple_InfNaN                      0x0000f16f   Thumb Code     0  fleqf.o(x$fpl$fleqf)
    __aeabi_fmul                             0x0000f185   Thumb Code     0  fmul.o(x$fpl$fmul)
    _fmul                                    0x0000f185   Thumb Code   258  fmul.o(x$fpl$fmul)
    __fpl_fnaninf                            0x0000f287   Thumb Code   140  fnaninf.o(x$fpl$fnaninf)
    __fpl_fretinf                            0x0000f313   Thumb Code    10  fretinf.o(x$fpl$fretinf)
    __aeabi_cfrcmple                         0x0000f31d   Thumb Code     0  frleqf.o(x$fpl$frleqf)
    _frcmple                                 0x0000f31d   Thumb Code    98  frleqf.o(x$fpl$frleqf)
    __aeabi_fsub                             0x0000f381   Thumb Code     0  faddsub_clz.o(x$fpl$fsub)
    _fsub                                    0x0000f381   Thumb Code   234  faddsub_clz.o(x$fpl$fsub)
    _printf_fp_dec                           0x0000f46b   Thumb Code     4  printf1.o(x$fpl$printf1)
    __fpl_return_NaN                         0x0000f46f   Thumb Code   100  retnan.o(x$fpl$retnan)
    __ARM_scalbn                             0x0000f4d3   Thumb Code    92  scalbn.o(x$fpl$scalbn)
    __fpl_cmpreturn                          0x0000f52f   Thumb Code    48  trapv.o(x$fpl$trapveneer)
    GB_21                                    0x0000f55e   Data          65  lpc177x_8x_lcd.o(.constdata)
    __I$use$fp                               0x0000f55e   Number         0  usenofp.o(x$fpl$usenofp)
    GB_16                                    0x0000f59f   Data        2040  lpc177x_8x_lcd.o(.constdata)
    LogoStream                               0x0000fd98   Data        1440  logo.o(.constdata)
    _C                                       0x00010da8   Data         280  asciilib.o(.constdata)
    _p                                       0x00010ec0   Data         280  asciilib.o(.constdata)
    _num                                     0x00010fd8   Data        2944  asciilib.o(.constdata)
    Out_Assic                                0x00011b58   Data        7720  asciilib.o(.constdata)
    nBitmapDot                               0x00013980   Data         144  asciilib.o(.constdata)
    Debug_Dot                                0x00013a18   Data           6  use_disp.o(.constdata)
    User_LimitList_Value                     0x00013a1e   Data           8  use_disp.o(.constdata)
    Num_1                                    0x00013a26   Data          81  use_disp.o(.constdata)
    Test_Setitem                             0x00013a77   Data          60  use_disp.o(.constdata)
    Test_Setitem_E                           0x00013ab3   Data          90  use_disp.o(.constdata)
    Test_Tirpvalue                           0x00013b0d   Data          14  use_disp.o(.constdata)
    Test_Tirpvalue_E                         0x00013b1b   Data          14  use_disp.o(.constdata)
    Test_Speedvalue                          0x00013b29   Data          14  use_disp.o(.constdata)
    Test_Speedvalue_E                        0x00013b37   Data          14  use_disp.o(.constdata)
    Test_Compvalue                           0x00013b45   Data          14  use_disp.o(.constdata)
    Test_Compvalue_E                         0x00013b53   Data          14  use_disp.o(.constdata)
    Disp_VR                                  0x00013b61   Data          21  use_disp.o(.constdata)
    Disp_VR_E                                0x00013b76   Data          21  use_disp.o(.constdata)
    User_FUNC                                0x00013b8b   Data         216  use_disp.o(.constdata)
    RangeDisp_Main                           0x00013c63   Data          92  use_disp.o(.constdata)
    RangeDisp_Second                         0x00013cbf   Data          92  use_disp.o(.constdata)
    Fun_SelectValue                          0x00013d1b   Data          28  use_disp.o(.constdata)
    User_Freq                                0x00013d37   Data         451  use_disp.o(.constdata)
    Setup_Beep                               0x00013efa   Data          28  use_disp.o(.constdata)
    Setup_Beep_E                             0x00013f16   Data          48  use_disp.o(.constdata)
    Setup_Beep1                              0x00013f46   Data          32  use_disp.o(.constdata)
    Setup_Beep1_E                            0x00013f66   Data          48  use_disp.o(.constdata)
    User_Level                               0x00013f96   Data          33  use_disp.o(.constdata)
    User_Range                               0x00013fb7   Data          66  use_disp.o(.constdata)
    BiasButton_Tip                           0x00013ff9   Data          16  use_disp.o(.constdata)
    User_Speed                               0x00014009   Data          33  use_disp.o(.constdata)
    User_Comp                                0x0001402a   Data          22  use_disp.o(.constdata)
    Limit_Scan_Fun                           0x00014040   Data          10  use_disp.o(.constdata)
    Limit_Scan_Page                          0x0001404a   Data          14  use_disp.o(.constdata)
    Limit_Scan_Page_E                        0x00014058   Data          14  use_disp.o(.constdata)
    Switch_Value                             0x00014066   Data          10  use_disp.o(.constdata)
    Range_Item                               0x00014070   Data          56  use_disp.o(.constdata)
    Range_Item_E                             0x000140a8   Data          56  use_disp.o(.constdata)
    Set_testitem                             0x000140e0   Data         180  use_disp.o(.constdata)
    Set_testitem_E                           0x00014194   Data         180  use_disp.o(.constdata)
    Sys_Sys                                  0x00014248   Data          84  use_disp.o(.constdata)
    Sys_Sys_E                                0x0001429c   Data          84  use_disp.o(.constdata)
    Sys_Sys1                                 0x000142f0   Data          84  use_disp.o(.constdata)
    Sys_Sys1_E                               0x00014344   Data          84  use_disp.o(.constdata)
    Sys_Setitem                              0x00014398   Data          88  use_disp.o(.constdata)
    Sys_Setitem_E                            0x000143f0   Data          88  use_disp.o(.constdata)
    All_TopName                              0x00014448   Data         242  use_disp.o(.constdata)
    All_TopName_E                            0x0001453a   Data         242  use_disp.o(.constdata)
    Range_Count_Item                         0x0001462c   Data          21  use_disp.o(.constdata)
    Range_Count_Item_E                       0x00014641   Data          21  use_disp.o(.constdata)
    User_Check_main                          0x00014656   Data          39  use_disp.o(.constdata)
    User_Check_main_E                        0x0001467d   Data          39  use_disp.o(.constdata)
    User_Check_Item                          0x000146a4   Data          78  use_disp.o(.constdata)
    User_LimitList_Item                      0x000146f2   Data          48  use_disp.o(.constdata)
    User_LimitList_Item_E                    0x00014722   Data          48  use_disp.o(.constdata)
    User_LimitList_Item2                     0x00014752   Data          44  use_disp.o(.constdata)
    User_ListScan_Item                       0x0001477e   Data          63  use_disp.o(.constdata)
    User_ListScan_Item_E                     0x000147bd   Data          63  use_disp.o(.constdata)
    Sys_Language_Value                       0x000147fc   Data          16  use_disp.o(.constdata)
    Sys_Buard_Value                          0x0001480c   Data          56  use_disp.o(.constdata)
    Set_Unit                                 0x00014844   Data          60  use_disp.o(.constdata)
    Disp_Unit                                0x00014880   Data          21  use_disp.o(.constdata)
    Disp_Range_Main_NUm                      0x00014895   Data          24  use_disp.o(.constdata)
    Disp_Range_Main_Disp                     0x000148ad   Data          18  use_disp.o(.constdata)
    Debug_Comp_ad                            0x000148c0   Data          24  use_disp.o(.constdata)
    Debug_Comp                               0x000148d8   Data          24  use_disp.o(.constdata)
    Scan_Value                               0x00014912   Data           8  key.o(.constdata)
    USB_dISPVALUE                            0x0001491a   Data          54  test.o(.constdata)
    Disp_Main_Ord                            0x00014950   Data          81  test.o(.constdata)
    s_CRCLo                                  0x00014aa1   Data         256  debug_frmwrk.o(.constdata)
    __mathlib_zero                           0x00014c70   Data           8  qnan.o(.constdata)
    Region$$Table$$Base                      0x00014d84   Number         0  anon$$obj.o(Region$$Table)
    Region$$Table$$Limit                     0x00014da4   Number         0  anon$$obj.o(Region$$Table)
    __ctype                                  0x00014dcd   Data           0  lc_ctype_c.o(locale$$data)
    timer0_counter                           0x10000000   Data           4  timer.o(.data)
    timer1_counter                           0x10000004   Data           4  timer.o(.data)
    timer2_counter                           0x10000008   Data           4  timer.o(.data)
    timer3_counter                           0x1000000c   Data           4  timer.o(.data)
    stable_counter                           0x10000010   Data           4  timer.o(.data)
    Colour                                   0x10000014   Data           8  lpc177x_8x_lcd.o(.data)
    LogoPic                                  0x1000001c   Data          28  logo.o(.data)
    negvalm                                  0x10000038   Data           1  use_disp.o(.data)
    SysTickCnt                               0x10000040   Data           4  key.o(.data)
    nodisp_v_flag                            0x10000044   Data           1  test.o(.data)
    u3sendflag                               0x10000045   Data           1  test.o(.data)
    g_mods_timeout                           0x10000046   Data           1  test.o(.data)
    powerontest                              0x10000047   Data           1  test.o(.data)
    upflag                                   0x10000048   Data           1  test.o(.data)
    stabletime                               0x1000004c   Data           2  test.o(.data)
    PASSWORD                                 0x10000050   Data           4  test.o(.data)
    Tick_10ms                                0x10000054   Data           4  test.o(.data)
    rwatch                                   0x10000064   Data           4  test.o(.data)
    vwatch                                   0x10000068   Data           4  test.o(.data)
    OldTick                                  0x1000006c   Data           4  test.o(.data)
    keynum                                   0x10000070   Data           4  test.o(.data)
    returnwatch                              0x10000074   Data           4  test.o(.data)
    Rtc_intflag                              0x10000078   Data           1  globalvalue.o(.data)
    Test_Unit                                0x10000079   Data           3  globalvalue.o(.data)
    clear_flag                               0x1000007c   Data           4  globalvalue.o(.data)
    Usb_Open_flag                            0x10000080   Data           4  globalvalue.o(.data)
    softswitch                               0x10000084   Data           4  globalvalue.o(.data)
    Uart_Send_Flag                           0x10000088   Data           1  globalvalue.o(.data)
    usb_oenflag                              0x10000089   Data           1  globalvalue.o(.data)
    SystemStatus                             0x1000008c   Data           4  globalvalue.o(.data)
    SystemCoreClock                          0x10000090   Data           4  system_lpc177x_8x.o(.data)
    PeripheralClock                          0x10000094   Data           4  system_lpc177x_8x.o(.data)
    EMCClock                                 0x10000098   Data           4  system_lpc177x_8x.o(.data)
    USBClock                                 0x1000009c   Data           4  system_lpc177x_8x.o(.data)
    vflag                                    0x100000a1   Data           1  debug_frmwrk.o(.data)
    _db_msg                                  0x100000ac   Data           4  debug_frmwrk.o(.data)
    _db_msg_                                 0x100000b0   Data           4  debug_frmwrk.o(.data)
    _db_char                                 0x100000b4   Data           4  debug_frmwrk.o(.data)
    _db_dec                                  0x100000b8   Data           4  debug_frmwrk.o(.data)
    _db_dec_16                               0x100000bc   Data           4  debug_frmwrk.o(.data)
    _db_dec_32                               0x100000c0   Data           4  debug_frmwrk.o(.data)
    _db_hex                                  0x100000c4   Data           4  debug_frmwrk.o(.data)
    _db_hex_16                               0x100000c8   Data           4  debug_frmwrk.o(.data)
    _db_hex_32                               0x100000cc   Data           4  debug_frmwrk.o(.data)
    _db_hex_                                 0x100000d0   Data           4  debug_frmwrk.o(.data)
    _db_hex_16_                              0x100000d4   Data           4  debug_frmwrk.o(.data)
    _db_hex_32_                              0x100000d8   Data           4  debug_frmwrk.o(.data)
    _db_get_char                             0x100000dc   Data           4  debug_frmwrk.o(.data)
    _db_get_val                              0x100000e0   Data           4  debug_frmwrk.o(.data)
    HOST_TDControlStatus                     0x100000e4   Data           1  usbhost_lpc17xx.o(.data)
    HOST_RhscIntr                            0x100000e8   Data           4  usbhost_lpc17xx.o(.data)
    HOST_WdhIntr                             0x100000ec   Data           4  usbhost_lpc17xx.o(.data)
    UnrecoverableIntCount                    0x100000f0   Data           4  usbhost_lpc17xx.o(.data)
    gUSBConnected                            0x100000f4   Data           4  usbhost_lpc17xx.o(.data)
    EDCtrl                                   0x100000f8   Data           4  usbhost_lpc17xx.o(.data)
    EDBulkIn                                 0x100000fc   Data           4  usbhost_lpc17xx.o(.data)
    EDBulkOut                                0x10000100   Data           4  usbhost_lpc17xx.o(.data)
    TDHead                                   0x10000104   Data           4  usbhost_lpc17xx.o(.data)
    TDTail                                   0x10000108   Data           4  usbhost_lpc17xx.o(.data)
    Hcca                                     0x1000010c   Data           4  usbhost_lpc17xx.o(.data)
    TDBuffer                                 0x10000110   Data           4  usbhost_lpc17xx.o(.data)
    FATBuffer                                0x10000114   Data           4  usbhost_lpc17xx.o(.data)
    UserBuffer                               0x10000118   Data           4  usbhost_lpc17xx.o(.data)
    MS_BlkSize                               0x10000120   Data           4  usbhost_ms.o(.data)
    g_tModS                                  0x10000124   Data         163  test.o(.bss)
    testwatch                                0x100001c8   Data        2000  test.o(.bss)
    Save_Res                                 0x10000998   Data         256  globalvalue.o(.bss)
    SaveData                                 0x10000a98   Data       16068  globalvalue.o(.bss)
    Saveeeprom                               0x1000495c   Data         676  globalvalue.o(.bss)
    Test_Dispvalue                           0x10004c00   Data         172  globalvalue.o(.bss)
    Comp_Testvalue                           0x10004cac   Data          96  globalvalue.o(.bss)
    Comp_Change                              0x10004d0c   Data          80  globalvalue.o(.bss)
    Send_buff2                               0x10004d5c   Data          30  globalvalue.o(.bss)
    RTC_TIME_DISP                            0x10004d7c   Data          32  globalvalue.o(.bss)
    Count_buff                               0x10004d9c   Data          48  globalvalue.o(.bss)
    DispBuf                                  0x10004dcc   Data          12  globalvalue.o(.bss)
    paramin                                  0x10004dd8   Data          32  iap.o(.bss)
    paramout                                 0x10004df8   Data          32  iap.o(.bss)
    ComBuf                                   0x10005019   Data          85  debug_frmwrk.o(.bss)
    ComBuf3                                  0x1000506e   Data          85  debug_frmwrk.o(.bss)
    __libspace_start                         0x100052cc   Data          96  libspace.o(.bss)
    __temporary_stack_top$libspace           0x1000532c   Data           0  libspace.o(.bss)



==============================================================================

Memory Map of the image

  Image Entry point : 0x000000e5

  Load Region LR_IROM1 (Base: 0x00000000, Size: 0x00014ff4, Max: 0x00018000, ABSOLUTE)

    Execution Region ER_IROM1 (Exec base: 0x00000000, Load base: 0x00000000, Size: 0x00014ed0, Max: 0x00018000, ABSOLUTE)

    Exec Addr    Load Addr    Size         Type   Attr      Idx    E Section Name        Object

    0x00000000   0x00000000   0x000000e4   Data   RO          600    RESET               startup_lpc177x_8x.o
    0x000000e4   0x000000e4   0x00000008   Code   RO          958  * !!!main             c_w.l(__main.o)
    0x000000ec   0x000000ec   0x00000034   Code   RO         1376    !!!scatter          c_w.l(__scatter.o)
    0x00000120   0x00000120   0x0000001a   Code   RO         1378    !!handler_copy      c_w.l(__scatter_copy.o)
    0x0000013a   0x0000013a   0x00000002   PAD
    0x0000013c   0x0000013c   0x0000001c   Code   RO         1380    !!handler_zi        c_w.l(__scatter_zi.o)
    0x00000158   0x00000158   0x00000000   Code   RO          943    .ARM.Collect$$_printf_percent$$00000000  c_w.l(_printf_percent.o)
    0x00000158   0x00000158   0x00000006   Code   RO         1081    .ARM.Collect$$_printf_percent$$00000001  c_w.l(_printf_n.o)
    0x0000015e   0x0000015e   0x00000006   Code   RO         1083    .ARM.Collect$$_printf_percent$$00000002  c_w.l(_printf_p.o)
    0x00000164   0x00000164   0x00000006   Code   RO         1087    .ARM.Collect$$_printf_percent$$00000003  c_w.l(_printf_f.o)
    0x0000016a   0x0000016a   0x00000006   Code   RO         1088    .ARM.Collect$$_printf_percent$$00000004  c_w.l(_printf_e.o)
    0x00000170   0x00000170   0x00000006   Code   RO         1089    .ARM.Collect$$_printf_percent$$00000005  c_w.l(_printf_g.o)
    0x00000176   0x00000176   0x00000006   Code   RO         1090    .ARM.Collect$$_printf_percent$$00000006  c_w.l(_printf_a.o)
    0x0000017c   0x0000017c   0x0000000a   Code   RO         1095    .ARM.Collect$$_printf_percent$$00000007  c_w.l(_printf_ll.o)
    0x00000186   0x00000186   0x00000006   Code   RO         1085    .ARM.Collect$$_printf_percent$$00000008  c_w.l(_printf_i.o)
    0x0000018c   0x0000018c   0x00000006   Code   RO          942    .ARM.Collect$$_printf_percent$$00000009  c_w.l(_printf_d.o)
    0x00000192   0x00000192   0x00000006   Code   RO         1086    .ARM.Collect$$_printf_percent$$0000000A  c_w.l(_printf_u.o)
    0x00000198   0x00000198   0x00000006   Code   RO         1084    .ARM.Collect$$_printf_percent$$0000000B  c_w.l(_printf_o.o)
    0x0000019e   0x0000019e   0x00000006   Code   RO         1082    .ARM.Collect$$_printf_percent$$0000000C  c_w.l(_printf_x.o)
    0x000001a4   0x000001a4   0x00000006   Code   RO         1092    .ARM.Collect$$_printf_percent$$0000000D  c_w.l(_printf_lli.o)
    0x000001aa   0x000001aa   0x00000006   Code   RO         1093    .ARM.Collect$$_printf_percent$$0000000E  c_w.l(_printf_lld.o)
    0x000001b0   0x000001b0   0x00000006   Code   RO         1094    .ARM.Collect$$_printf_percent$$0000000F  c_w.l(_printf_llu.o)
    0x000001b6   0x000001b6   0x00000006   Code   RO         1099    .ARM.Collect$$_printf_percent$$00000010  c_w.l(_printf_llo.o)
    0x000001bc   0x000001bc   0x00000006   Code   RO         1100    .ARM.Collect$$_printf_percent$$00000011  c_w.l(_printf_llx.o)
    0x000001c2   0x000001c2   0x0000000a   Code   RO         1096    .ARM.Collect$$_printf_percent$$00000012  c_w.l(_printf_l.o)
    0x000001cc   0x000001cc   0x00000006   Code   RO         1079    .ARM.Collect$$_printf_percent$$00000013  c_w.l(_printf_c.o)
    0x000001d2   0x000001d2   0x00000006   Code   RO         1080    .ARM.Collect$$_printf_percent$$00000014  c_w.l(_printf_s.o)
    0x000001d8   0x000001d8   0x00000006   Code   RO         1097    .ARM.Collect$$_printf_percent$$00000015  c_w.l(_printf_lc.o)
    0x000001de   0x000001de   0x00000006   Code   RO         1098    .ARM.Collect$$_printf_percent$$00000016  c_w.l(_printf_ls.o)
    0x000001e4   0x000001e4   0x00000004   Code   RO         1091    .ARM.Collect$$_printf_percent$$00000017  c_w.l(_printf_percent_end.o)
    0x000001e8   0x000001e8   0x00000002   Code   RO         1240    .ARM.Collect$$libinit$$00000000  c_w.l(libinit.o)
    0x000001ea   0x000001ea   0x00000000   Code   RO         1257    .ARM.Collect$$libinit$$00000002  c_w.l(libinit2.o)
    0x000001ea   0x000001ea   0x00000000   Code   RO         1259    .ARM.Collect$$libinit$$00000004  c_w.l(libinit2.o)
    0x000001ea   0x000001ea   0x00000000   Code   RO         1262    .ARM.Collect$$libinit$$0000000A  c_w.l(libinit2.o)
    0x000001ea   0x000001ea   0x00000000   Code   RO         1264    .ARM.Collect$$libinit$$0000000C  c_w.l(libinit2.o)
    0x000001ea   0x000001ea   0x00000000   Code   RO         1266    .ARM.Collect$$libinit$$0000000E  c_w.l(libinit2.o)
    0x000001ea   0x000001ea   0x00000006   Code   RO         1267    .ARM.Collect$$libinit$$0000000F  c_w.l(libinit2.o)
    0x000001f0   0x000001f0   0x00000000   Code   RO         1269    .ARM.Collect$$libinit$$00000011  c_w.l(libinit2.o)
    0x000001f0   0x000001f0   0x0000000c   Code   RO         1270    .ARM.Collect$$libinit$$00000012  c_w.l(libinit2.o)
    0x000001fc   0x000001fc   0x00000000   Code   RO         1271    .ARM.Collect$$libinit$$00000013  c_w.l(libinit2.o)
    0x000001fc   0x000001fc   0x00000000   Code   RO         1273    .ARM.Collect$$libinit$$00000015  c_w.l(libinit2.o)
    0x000001fc   0x000001fc   0x0000000a   Code   RO         1274    .ARM.Collect$$libinit$$00000016  c_w.l(libinit2.o)
    0x00000206   0x00000206   0x00000000   Code   RO         1275    .ARM.Collect$$libinit$$00000017  c_w.l(libinit2.o)
    0x00000206   0x00000206   0x00000000   Code   RO         1277    .ARM.Collect$$libinit$$00000019  c_w.l(libinit2.o)
    0x00000206   0x00000206   0x00000000   Code   RO         1279    .ARM.Collect$$libinit$$0000001B  c_w.l(libinit2.o)
    0x00000206   0x00000206   0x00000000   Code   RO         1281    .ARM.Collect$$libinit$$0000001D  c_w.l(libinit2.o)
    0x00000206   0x00000206   0x00000000   Code   RO         1283    .ARM.Collect$$libinit$$0000001F  c_w.l(libinit2.o)
    0x00000206   0x00000206   0x00000000   Code   RO         1285    .ARM.Collect$$libinit$$00000021  c_w.l(libinit2.o)
    0x00000206   0x00000206   0x00000000   Code   RO         1287    .ARM.Collect$$libinit$$00000023  c_w.l(libinit2.o)
    0x00000206   0x00000206   0x00000000   Code   RO         1289    .ARM.Collect$$libinit$$00000025  c_w.l(libinit2.o)
    0x00000206   0x00000206   0x00000000   Code   RO         1293    .ARM.Collect$$libinit$$0000002C  c_w.l(libinit2.o)
    0x00000206   0x00000206   0x00000000   Code   RO         1295    .ARM.Collect$$libinit$$0000002E  c_w.l(libinit2.o)
    0x00000206   0x00000206   0x00000000   Code   RO         1297    .ARM.Collect$$libinit$$00000030  c_w.l(libinit2.o)
    0x00000206   0x00000206   0x00000000   Code   RO         1299    .ARM.Collect$$libinit$$00000032  c_w.l(libinit2.o)
    0x00000206   0x00000206   0x00000002   Code   RO         1300    .ARM.Collect$$libinit$$00000033  c_w.l(libinit2.o)
    0x00000208   0x00000208   0x00000002   Code   RO         1333    .ARM.Collect$$libshutdown$$00000000  c_w.l(libshutdown.o)
    0x0000020a   0x0000020a   0x00000000   Code   RO         1359    .ARM.Collect$$libshutdown$$00000002  c_w.l(libshutdown2.o)
    0x0000020a   0x0000020a   0x00000000   Code   RO         1361    .ARM.Collect$$libshutdown$$00000004  c_w.l(libshutdown2.o)
    0x0000020a   0x0000020a   0x00000000   Code   RO         1364    .ARM.Collect$$libshutdown$$00000007  c_w.l(libshutdown2.o)
    0x0000020a   0x0000020a   0x00000000   Code   RO         1367    .ARM.Collect$$libshutdown$$0000000A  c_w.l(libshutdown2.o)
    0x0000020a   0x0000020a   0x00000000   Code   RO         1369    .ARM.Collect$$libshutdown$$0000000C  c_w.l(libshutdown2.o)
    0x0000020a   0x0000020a   0x00000000   Code   RO         1372    .ARM.Collect$$libshutdown$$0000000F  c_w.l(libshutdown2.o)
    0x0000020a   0x0000020a   0x00000002   Code   RO         1373    .ARM.Collect$$libshutdown$$00000010  c_w.l(libshutdown2.o)
    0x0000020c   0x0000020c   0x00000000   Code   RO         1028    .ARM.Collect$$rtentry$$00000000  c_w.l(__rtentry.o)
    0x0000020c   0x0000020c   0x00000000   Code   RO         1148    .ARM.Collect$$rtentry$$00000002  c_w.l(__rtentry2.o)
    0x0000020c   0x0000020c   0x00000006   Code   RO         1160    .ARM.Collect$$rtentry$$00000004  c_w.l(__rtentry4.o)
    0x00000212   0x00000212   0x00000000   Code   RO         1150    .ARM.Collect$$rtentry$$00000009  c_w.l(__rtentry2.o)
    0x00000212   0x00000212   0x00000004   Code   RO         1151    .ARM.Collect$$rtentry$$0000000A  c_w.l(__rtentry2.o)
    0x00000216   0x00000216   0x00000000   Code   RO         1153    .ARM.Collect$$rtentry$$0000000C  c_w.l(__rtentry2.o)
    0x00000216   0x00000216   0x00000008   Code   RO         1154    .ARM.Collect$$rtentry$$0000000D  c_w.l(__rtentry2.o)
    0x0000021e   0x0000021e   0x00000002   Code   RO         1245    .ARM.Collect$$rtexit$$00000000  c_w.l(rtexit.o)
    0x00000220   0x00000220   0x00000000   Code   RO         1306    .ARM.Collect$$rtexit$$00000002  c_w.l(rtexit2.o)
    0x00000220   0x00000220   0x00000004   Code   RO         1307    .ARM.Collect$$rtexit$$00000003  c_w.l(rtexit2.o)
    0x00000224   0x00000224   0x00000006   Code   RO         1308    .ARM.Collect$$rtexit$$00000004  c_w.l(rtexit2.o)
    0x0000022a   0x0000022a   0x00000002   PAD
    0x0000022c   0x0000022c   0x0000001c   Code   RO          569    .emb_text           iap.o
    0x00000248   0x00000248   0x00000034   Code   RO          267    .text               asciilib.o
    0x0000027c   0x0000027c   0x0000003c   Code   RO          602    .text               startup_lpc177x_8x.o
    0x000002b8   0x000002b8   0x00000024   Code   RO          910    .text               c_w.l(c89vsprintf.o)
    0x000002dc   0x000002dc   0x00000018   Code   RO          946    .text               c_w.l(strcat.o)
    0x000002f4   0x000002f4   0x00000006   Code   RO          956    .text               c_w.l(heapauxi.o)
    0x000002fa   0x000002fa   0x00000002   Code   RO         1322    .text               c_w.l(use_no_semi.o)
    0x000002fc   0x000002fc   0x00000004   Code   RO          601    .ARM.__at_0x02FC    startup_lpc177x_8x.o
    0x00000300   0x00000300   0x00000228   Code   RO            2    .text               ex_sdram.o
    0x00000528   0x00000528   0x0000022c   Code   RO           54    .text               main.o
    0x00000754   0x00000754   0x00000228   Code   RO          175    .text               timer.o
    0x0000097c   0x0000097c   0x00000b2c   Code   RO          208    .text               lpc177x_8x_lcd.o
    0x000014a8   0x000014a8   0x00004228   Code   RO          329    .text               use_disp.o
    0x000056d0   0x000056d0   0x00000444   Code   RO          425    .text               key.o
    0x00005b14   0x00005b14   0x00003154   Code   RO          449    .text               test.o
    0x00008c68   0x00008c68   0x00000150   Code   RO          570    .text               iap.o
    0x00008db8   0x00008db8   0x000001b8   Code   RO          609    .text               system_lpc177x_8x.o
    0x00008f70   0x00008f70   0x000002ec   Code   RO          637    .text               lpc177x_8x_gpio.o
    0x0000925c   0x0000925c   0x000000d8   Code   RO          673    .text               lpc177x_8x_clkpwr.o
    0x00009334   0x00009334   0x000005ec   Code   RO          710    .text               lpc177x_8x_uart.o
    0x00009920   0x00009920   0x000008e4   Code   RO          727    .text               debug_frmwrk.o
    0x0000a204   0x0000a204   0x00000164   Code   RO          757    .text               lpc177x_8x_pinsel.o
    0x0000a368   0x0000a368   0x00000288   Code   RO          773    .text               lpc177x_8x_eeprom.o
    0x0000a5f0   0x0000a5f0   0x0000055e   Code   RO          789    .text               lpc177x_8x_rtc.o
    0x0000ab4e   0x0000ab4e   0x00000002   PAD
    0x0000ab50   0x0000ab50   0x0000084c   Code   RO          805    .text               usbhost_fat.o
    0x0000b39c   0x0000b39c   0x000005cc   Code   RO          828    .text               usbhost_lpc17xx.o
    0x0000b968   0x0000b968   0x00000438   Code   RO          862    .text               usbhost_ms.o
    0x0000bda0   0x0000bda0   0x00000068   Code   RO          888    .text               rtc.o
    0x0000be08   0x0000be08   0x000000ee   Code   RO          908    .text               c_w.l(lludivv7m.o)
    0x0000bef6   0x0000bef6   0x00000002   PAD
    0x0000bef8   0x0000bef8   0x0000002c   Code   RO          912    .text               c_w.l(__2sprintf.o)
    0x0000bf24   0x0000bf24   0x0000004e   Code   RO          918    .text               c_w.l(_printf_pad.o)
    0x0000bf72   0x0000bf72   0x00000002   PAD
    0x0000bf74   0x0000bf74   0x00000078   Code   RO          920    .text               c_w.l(_printf_dec.o)
    0x0000bfec   0x0000bfec   0x00000188   Code   RO          939    .text               c_w.l(__printf_flags_ss_wp.o)
    0x0000c174   0x0000c174   0x00000048   Code   RO          944    .text               c_w.l(strcpy.o)
    0x0000c1bc   0x0000c1bc   0x0000008a   Code   RO          948    .text               c_w.l(rt_memcpy_v6.o)
    0x0000c246   0x0000c246   0x00000064   Code   RO          950    .text               c_w.l(rt_memcpy_w.o)
    0x0000c2aa   0x0000c2aa   0x0000004e   Code   RO          952    .text               c_w.l(rt_memclr_w.o)
    0x0000c2f8   0x0000c2f8   0x00000080   Code   RO          954    .text               c_w.l(strcmpv7m.o)
    0x0000c378   0x0000c378   0x00000016   Code   RO         1033    .text               c_w.l(_rserrno.o)
    0x0000c38e   0x0000c38e   0x00000024   Code   RO         1035    .text               c_w.l(_printf_truncate.o)
    0x0000c3b2   0x0000c3b2   0x00000052   Code   RO         1037    .text               c_w.l(_printf_str.o)
    0x0000c404   0x0000c404   0x000000b2   Code   RO         1039    .text               c_w.l(_printf_intcommon.o)
    0x0000c4b6   0x0000c4b6   0x00000028   Code   RO         1041    .text               c_w.l(_printf_charcount.o)
    0x0000c4de   0x0000c4de   0x00000002   PAD
    0x0000c4e0   0x0000c4e0   0x00000030   Code   RO         1043    .text               c_w.l(_printf_char_common.o)
    0x0000c510   0x0000c510   0x0000000a   Code   RO         1045    .text               c_w.l(_sputc.o)
    0x0000c51a   0x0000c51a   0x00000002   PAD
    0x0000c51c   0x0000c51c   0x000000bc   Code   RO         1047    .text               c_w.l(_printf_wctomb.o)
    0x0000c5d8   0x0000c5d8   0x0000007c   Code   RO         1050    .text               c_w.l(_printf_longlong_dec.o)
    0x0000c654   0x0000c654   0x00000070   Code   RO         1056    .text               c_w.l(_printf_oct_int_ll.o)
    0x0000c6c4   0x0000c6c4   0x00000094   Code   RO         1076    .text               c_w.l(_printf_hex_int_ll_ptr.o)
    0x0000c758   0x0000c758   0x00000008   Code   RO         1167    .text               c_w.l(rt_errno_addr_intlibspace.o)
    0x0000c760   0x0000c760   0x0000008a   Code   RO         1169    .text               c_w.l(lludiv10.o)
    0x0000c7ea   0x0000c7ea   0x0000041e   Code   RO         1171    .text               c_w.l(_printf_fp_dec.o)
    0x0000cc08   0x0000cc08   0x0000002c   Code   RO         1175    .text               c_w.l(_printf_char.o)
    0x0000cc34   0x0000cc34   0x0000002c   Code   RO         1177    .text               c_w.l(_printf_wchar.o)
    0x0000cc60   0x0000cc60   0x00000040   Code   RO         1179    .text               c_w.l(_wcrtomb.o)
    0x0000cca0   0x0000cca0   0x00000008   Code   RO         1187    .text               c_w.l(libspace.o)
    0x0000cca8   0x0000cca8   0x0000004a   Code   RO         1190    .text               c_w.l(sys_stackheap_outer.o)
    0x0000ccf2   0x0000ccf2   0x00000002   PAD
    0x0000ccf4   0x0000ccf4   0x00000010   Code   RO         1192    .text               c_w.l(rt_ctype_table.o)
    0x0000cd04   0x0000cd04   0x00000008   Code   RO         1197    .text               c_w.l(rt_locale_intlibspace.o)
    0x0000cd0c   0x0000cd0c   0x00000080   Code   RO         1199    .text               c_w.l(_printf_fp_infnan.o)
    0x0000cd8c   0x0000cd8c   0x000000e4   Code   RO         1201    .text               c_w.l(bigflt0.o)
    0x0000ce70   0x0000ce70   0x00000012   Code   RO         1229    .text               c_w.l(exit.o)
    0x0000ce82   0x0000ce82   0x00000002   PAD
    0x0000ce84   0x0000ce84   0x0000000c   Code   RO         1303    .text               c_w.l(sys_exit.o)
    0x0000ce90   0x0000ce90   0x00000000   Code   RO         1324    .text               c_w.l(indicate_semi.o)
    0x0000ce90   0x0000ce90   0x0000003e   Code   RO         1204    CL$$btod_d2e        c_w.l(btod.o)
    0x0000cece   0x0000cece   0x00000046   Code   RO         1206    CL$$btod_d2e_denorm_low  c_w.l(btod.o)
    0x0000cf14   0x0000cf14   0x00000060   Code   RO         1205    CL$$btod_d2e_norm_op1  c_w.l(btod.o)
    0x0000cf74   0x0000cf74   0x00000338   Code   RO         1214    CL$$btod_div_common  c_w.l(btod.o)
    0x0000d2ac   0x0000d2ac   0x000000dc   Code   RO         1211    CL$$btod_e2e        c_w.l(btod.o)
    0x0000d388   0x0000d388   0x0000002a   Code   RO         1208    CL$$btod_ediv       c_w.l(btod.o)
    0x0000d3b2   0x0000d3b2   0x0000002a   Code   RO         1207    CL$$btod_emul       c_w.l(btod.o)
    0x0000d3dc   0x0000d3dc   0x00000244   Code   RO         1213    CL$$btod_mult_common  c_w.l(btod.o)
    0x0000d620   0x0000d620   0x00000028   Code   RO         1134    i.__ARM_fpclassify  m_ws.l(fpclassify.o)
    0x0000d648   0x0000d648   0x000000aa   Code   RO         1136    i.__kernel_poly     m_ws.l(poly.o)
    0x0000d6f2   0x0000d6f2   0x00000002   PAD
    0x0000d6f4   0x0000d6f4   0x00000010   Code   RO         1120    i.__mathlib_dbl_divzero  m_ws.l(dunder.o)
    0x0000d704   0x0000d704   0x00000004   Code   RO         1122    i.__mathlib_dbl_infnan2  m_ws.l(dunder.o)
    0x0000d708   0x0000d708   0x0000000c   Code   RO         1123    i.__mathlib_dbl_invalid  m_ws.l(dunder.o)
    0x0000d714   0x0000d714   0x0000000e   Code   RO         1124    i.__mathlib_dbl_overflow  m_ws.l(dunder.o)
    0x0000d722   0x0000d722   0x00000002   PAD
    0x0000d724   0x0000d724   0x00000010   Code   RO         1126    i.__mathlib_dbl_underflow  m_ws.l(dunder.o)
    0x0000d734   0x0000d734   0x0000000e   Code   RO          932    i._is_digit         c_w.l(__printf_wp.o)
    0x0000d742   0x0000d742   0x00000002   PAD
    0x0000d744   0x0000d744   0x000009d8   Code   RO         1019    i.pow               m_ws.l(pow.o)
    0x0000e11c   0x0000e11c   0x0000004c   Code   RO         1140    i.sqrt              m_ws.l(sqrt.o)
    0x0000e168   0x0000e168   0x0000002c   Code   RO         1227    locale$$code        c_w.l(lc_numeric_c.o)
    0x0000e194   0x0000e194   0x0000002c   Code   RO         1250    locale$$code        c_w.l(lc_ctype_c.o)
    0x0000e1c0   0x0000e1c0   0x00000062   Code   RO          960    x$fpl$d2f           fz_ws.l(d2f.o)
    0x0000e222   0x0000e222   0x00000002   PAD
    0x0000e224   0x0000e224   0x00000150   Code   RO          962    x$fpl$dadd          fz_ws.l(daddsub_clz.o)
    0x0000e374   0x0000e374   0x00000010   Code   RO         1181    x$fpl$dcheck1       fz_ws.l(dcheck1.o)
    0x0000e384   0x0000e384   0x00000018   Code   RO         1101    x$fpl$dcmpinf       fz_ws.l(dcmpi.o)
    0x0000e39c   0x0000e39c   0x000002b0   Code   RO          969    x$fpl$ddiv          fz_ws.l(ddiv.o)
    0x0000e64c   0x0000e64c   0x0000005a   Code   RO          974    x$fpl$dfixu         fz_ws.l(dfixu.o)
    0x0000e6a6   0x0000e6a6   0x0000002e   Code   RO          979    x$fpl$dflt          fz_ws.l(dflt_clz.o)
    0x0000e6d4   0x0000e6d4   0x00000026   Code   RO          978    x$fpl$dfltu         fz_ws.l(dflt_clz.o)
    0x0000e6fa   0x0000e6fa   0x00000002   PAD
    0x0000e6fc   0x0000e6fc   0x00000078   Code   RO         1183    x$fpl$dleqf         fz_ws.l(dleqf.o)
    0x0000e774   0x0000e774   0x00000154   Code   RO          984    x$fpl$dmul          fz_ws.l(dmul.o)
    0x0000e8c8   0x0000e8c8   0x0000009c   Code   RO         1103    x$fpl$dnaninf       fz_ws.l(dnaninf.o)
    0x0000e964   0x0000e964   0x0000000c   Code   RO         1105    x$fpl$dretinf       fz_ws.l(dretinf.o)
    0x0000e970   0x0000e970   0x0000006c   Code   RO         1107    x$fpl$drleqf        fz_ws.l(drleqf.o)
    0x0000e9dc   0x0000e9dc   0x00000016   Code   RO          963    x$fpl$drsb          fz_ws.l(daddsub_clz.o)
    0x0000e9f2   0x0000e9f2   0x00000002   PAD
    0x0000e9f4   0x0000e9f4   0x000001cc   Code   RO         1185    x$fpl$dsqrt         fz_ws.l(dsqrt_noumaal.o)
    0x0000ebc0   0x0000ebc0   0x000001d4   Code   RO          964    x$fpl$dsub          fz_ws.l(daddsub_clz.o)
    0x0000ed94   0x0000ed94   0x00000056   Code   RO          986    x$fpl$f2d           fz_ws.l(f2d.o)
    0x0000edea   0x0000edea   0x00000002   PAD
    0x0000edec   0x0000edec   0x000000c4   Code   RO          988    x$fpl$fadd          fz_ws.l(faddsub_clz.o)
    0x0000eeb0   0x0000eeb0   0x00000018   Code   RO         1109    x$fpl$fcmpinf       fz_ws.l(fcmpi.o)
    0x0000eec8   0x0000eec8   0x00000184   Code   RO          995    x$fpl$fdiv          fz_ws.l(fdiv.o)
    0x0000f04c   0x0000f04c   0x00000036   Code   RO          998    x$fpl$ffix          fz_ws.l(ffix.o)
    0x0000f082   0x0000f082   0x00000002   PAD
    0x0000f084   0x0000f084   0x0000003e   Code   RO         1002    x$fpl$ffixu         fz_ws.l(ffixu.o)
    0x0000f0c2   0x0000f0c2   0x00000002   PAD
    0x0000f0c4   0x0000f0c4   0x00000030   Code   RO         1007    x$fpl$fflt          fz_ws.l(fflt_clz.o)
    0x0000f0f4   0x0000f0f4   0x00000026   Code   RO         1006    x$fpl$ffltu         fz_ws.l(fflt_clz.o)
    0x0000f11a   0x0000f11a   0x00000002   PAD
    0x0000f11c   0x0000f11c   0x00000068   Code   RO         1012    x$fpl$fleqf         fz_ws.l(fleqf.o)
    0x0000f184   0x0000f184   0x00000102   Code   RO         1014    x$fpl$fmul          fz_ws.l(fmul.o)
    0x0000f286   0x0000f286   0x0000008c   Code   RO         1111    x$fpl$fnaninf       fz_ws.l(fnaninf.o)
    0x0000f312   0x0000f312   0x0000000a   Code   RO         1113    x$fpl$fretinf       fz_ws.l(fretinf.o)
    0x0000f31c   0x0000f31c   0x00000062   Code   RO         1016    x$fpl$frleqf        fz_ws.l(frleqf.o)
    0x0000f37e   0x0000f37e   0x00000002   PAD
    0x0000f380   0x0000f380   0x000000ea   Code   RO          990    x$fpl$fsub          fz_ws.l(faddsub_clz.o)
    0x0000f46a   0x0000f46a   0x00000004   Code   RO         1115    x$fpl$printf1       fz_ws.l(printf1.o)
    0x0000f46e   0x0000f46e   0x00000064   Code   RO         1243    x$fpl$retnan        fz_ws.l(retnan.o)
    0x0000f4d2   0x0000f4d2   0x0000005c   Code   RO         1117    x$fpl$scalbn        fz_ws.l(scalbn.o)
    0x0000f52e   0x0000f52e   0x00000030   Code   RO         1301    x$fpl$trapveneer    fz_ws.l(trapv.o)
    0x0000f55e   0x0000f55e   0x00000000   Code   RO         1119    x$fpl$usenofp       fz_ws.l(usenofp.o)
    0x0000f55e   0x0000f55e   0x00000839   Data   RO          209    .constdata          lpc177x_8x_lcd.o
    0x0000fd97   0x0000fd97   0x00000001   PAD
    0x0000fd98   0x0000fd98   0x000005a0   Data   RO          246    .constdata          logo.o
    0x00010338   0x00010338   0x00000a70   Data   RO          268    .constdata          asciilib.o
    0x00010da8   0x00010da8   0x00000118   Data   RO          269    .constdata          asciilib.o
    0x00010ec0   0x00010ec0   0x00000118   Data   RO          270    .constdata          asciilib.o
    0x00010fd8   0x00010fd8   0x00000b80   Data   RO          271    .constdata          asciilib.o
    0x00011b58   0x00011b58   0x00001e28   Data   RO          272    .constdata          asciilib.o
    0x00013980   0x00013980   0x00000090   Data   RO          273    .constdata          asciilib.o
    0x00013a10   0x00013a10   0x00000f02   Data   RO          330    .constdata          use_disp.o
    0x00014912   0x00014912   0x00000008   Data   RO          426    .constdata          key.o
    0x0001491a   0x0001491a   0x00000036   Data   RO          452    .constdata          test.o
    0x00014950   0x00014950   0x00000051   Data   RO          456    .constdata          test.o
    0x000149a1   0x000149a1   0x00000200   Data   RO          729    .constdata          debug_frmwrk.o
    0x00014ba1   0x00014ba1   0x00000011   Data   RO          940    .constdata          c_w.l(__printf_flags_ss_wp.o)
    0x00014bb2   0x00014bb2   0x00000006   PAD
    0x00014bb8   0x00014bb8   0x00000088   Data   RO         1020    .constdata          m_ws.l(pow.o)
    0x00014c40   0x00014c40   0x00000008   Data   RO         1048    .constdata          c_w.l(_printf_wctomb.o)
    0x00014c48   0x00014c48   0x00000028   Data   RO         1077    .constdata          c_w.l(_printf_hex_int_ll_ptr.o)
    0x00014c70   0x00014c70   0x00000008   Data   RO         1138    .constdata          m_ws.l(qnan.o)
    0x00014c78   0x00014c78   0x00000094   Data   RO         1202    .constdata          c_w.l(bigflt0.o)
    0x00014d0c   0x00014d0c   0x0000000e   Data   RO          247    .conststring        logo.o
    0x00014d1a   0x00014d1a   0x00000002   PAD
    0x00014d1c   0x00014d1c   0x00000009   Data   RO          458    .conststring        test.o
    0x00014d25   0x00014d25   0x00000003   PAD
    0x00014d28   0x00014d28   0x00000059   Data   RO          730    .conststring        debug_frmwrk.o
    0x00014d81   0x00014d81   0x00000003   PAD
    0x00014d84   0x00014d84   0x00000020   Data   RO         1374    Region$$Table       anon$$obj.o
    0x00014da4   0x00014da4   0x0000001c   Data   RO         1226    locale$$data        c_w.l(lc_numeric_c.o)
    0x00014dc0   0x00014dc0   0x00000110   Data   RO         1249    locale$$data        c_w.l(lc_ctype_c.o)


    Execution Region RW_IRAM1 (Exec base: 0x10000000, Load base: 0x00014ed0, Size: 0x00005530, Max: 0x00010000, ABSOLUTE)

    Exec Addr    Load Addr    Size         Type   Attr      Idx    E Section Name        Object

    0x10000000   0x00014ed0   0x00000014   Data   RW          176    .data               timer.o
    0x10000014   0x00014ee4   0x00000008   Data   RW          210    .data               lpc177x_8x_lcd.o
    0x1000001c   0x00014eec   0x0000001c   Data   RW          248    .data               logo.o
    0x10000038   0x00014f08   0x00000001   Data   RW          391    .data               use_disp.o
    0x10000039   0x00014f09   0x00000003   PAD
    0x1000003c   0x00014f0c   0x00000008   Data   RW          427    .data               key.o
    0x10000044   0x00014f14   0x00000034   Data   RW          459    .data               test.o
    0x10000078   0x00014f48   0x00000001   Data   RW          530    .data               globalvalue.o
    0x10000079   0x00014f49   0x00000003   Data   RW          532    .data               globalvalue.o
    0x1000007c   0x00014f4c   0x00000004   Data   RW          533    .data               globalvalue.o
    0x10000080   0x00014f50   0x00000004   Data   RW          534    .data               globalvalue.o
    0x10000084   0x00014f54   0x00000004   Data   RW          535    .data               globalvalue.o
    0x10000088   0x00014f58   0x00000001   Data   RW          536    .data               globalvalue.o
    0x10000089   0x00014f59   0x00000001   Data   RW          537    .data               globalvalue.o
    0x1000008a   0x00014f5a   0x00000002   PAD
    0x1000008c   0x00014f5c   0x00000004   Data   RW          540    .data               globalvalue.o
    0x10000090   0x00014f60   0x00000010   Data   RW          610    .data               system_lpc177x_8x.o
    0x100000a0   0x00014f70   0x00000044   Data   RW          731    .data               debug_frmwrk.o
    0x100000e4   0x00014fb4   0x00000038   Data   RW          829    .data               usbhost_lpc17xx.o
    0x1000011c   0x00014fec   0x00000008   Data   RW          863    .data               usbhost_ms.o
    0x10000124        -       0x00000874   Zero   RW          450    .bss                test.o
    0x10000998        -       0x00000100   Zero   RW          520    .bss                globalvalue.o
    0x10000a98        -       0x00003ec4   Zero   RW          521    .bss                globalvalue.o
    0x1000495c        -       0x000002a4   Zero   RW          522    .bss                globalvalue.o
    0x10004c00        -       0x000000ac   Zero   RW          523    .bss                globalvalue.o
    0x10004cac        -       0x00000060   Zero   RW          524    .bss                globalvalue.o
    0x10004d0c        -       0x00000050   Zero   RW          525    .bss                globalvalue.o
    0x10004d5c        -       0x0000001e   Zero   RW          526    .bss                globalvalue.o
    0x10004d7a   0x00014ff4   0x00000002   PAD
    0x10004d7c        -       0x00000020   Zero   RW          527    .bss                globalvalue.o
    0x10004d9c        -       0x00000030   Zero   RW          528    .bss                globalvalue.o
    0x10004dcc        -       0x0000000c   Zero   RW          529    .bss                globalvalue.o
    0x10004dd8        -       0x00000040   Zero   RW          571    .bss                iap.o
    0x10004e18        -       0x000002ab   Zero   RW          728    .bss                debug_frmwrk.o
    0x100050c3   0x00014ff4   0x00000001   PAD
    0x100050c4        -       0x00000208   Zero   RW          806    .bss                usbhost_fat.o
    0x100052cc        -       0x00000060   Zero   RW         1188    .bss                c_w.l(libspace.o)
    0x1000532c   0x00014ff4   0x00000004   PAD
    0x10005330        -       0x00000000   Zero   RW          599    HEAP                startup_lpc177x_8x.o
    0x10005330        -       0x00000200   Zero   RW          598    STACK               startup_lpc177x_8x.o


==============================================================================

Image component sizes


      Code (inc. data)   RO Data    RW Data    ZI Data      Debug   Object Name

        52          8      14040          0          0       1417   asciilib.o
      2276        214        601         68        683      13951   debug_frmwrk.o
       552         24          0          0          0      28687   ex_sdram.o
         0          0          0         22      17470       8613   globalvalue.o
       364         14          0          0         64       3417   iap.o
      1092         12          8          8          0       6799   key.o
         0          0       1454         28          0       1854   logo.o
       216         26          0          0          0       1583   lpc177x_8x_clkpwr.o
       648         14          0          0          0       2113   lpc177x_8x_eeprom.o
       748         28          0          0          0       9306   lpc177x_8x_gpio.o
      2860         72       2105          8          0      21680   lpc177x_8x_lcd.o
       356          4          0          0          0       4330   lpc177x_8x_pinsel.o
      1374         64          0          0          0       6139   lpc177x_8x_rtc.o
      1516         30          0          0          0       9579   lpc177x_8x_uart.o
       556         60          0          0          0      49922   main.o
       104         12          0          0          0        661   rtc.o
        64         26        228          0        512       1100   startup_lpc177x_8x.o
       440         20          0         16          0       1275   system_lpc177x_8x.o
     12628       1200        144         52       2164      56628   test.o
       552         26          0         20          0      29677   timer.o
         0          0          0          0          0       8284   touchpanel.o
      2124         16          0          0        520       9954   usbhost_fat.o
      1484         56          0         56          0      26069   usbhost_lpc17xx.o
      1080         20          0          8          0       5287   usbhost_ms.o
     16936       1592       3842          1          0      36770   use_disp.o

    ----------------------------------------------------------------------
     48024       3538      22463        292      21416     345095   Object Totals
         0          0         32          0          0          0   (incl. Generated)
         2          0          9          5          3          0   (incl. Padding)

    ----------------------------------------------------------------------

      Code (inc. data)   RO Data    RW Data    ZI Data      Debug   Library Member Name

        44          6          0          0          0         84   __2sprintf.o
         8          0          0          0          0         68   __main.o
       392          4         17          0          0         92   __printf_flags_ss_wp.o
        14          0          0          0          0         68   __printf_wp.o
         0          0          0          0          0          0   __rtentry.o
        12          0          0          0          0          0   __rtentry2.o
         6          0          0          0          0          0   __rtentry4.o
        52          8          0          0          0          0   __scatter.o
        26          0          0          0          0          0   __scatter_copy.o
        28          0          0          0          0          0   __scatter_zi.o
         6          0          0          0          0          0   _printf_a.o
         6          0          0          0          0          0   _printf_c.o
        44          0          0          0          0        108   _printf_char.o
        48          6          0          0          0         96   _printf_char_common.o
        40          0          0          0          0         68   _printf_charcount.o
         6          0          0          0          0          0   _printf_d.o
       120         16          0          0          0         92   _printf_dec.o
         6          0          0          0          0          0   _printf_e.o
         6          0          0          0          0          0   _printf_f.o
      1054          0          0          0          0        216   _printf_fp_dec.o
       128         16          0          0          0         84   _printf_fp_infnan.o
         6          0          0          0          0          0   _printf_g.o
       148          4         40          0          0        160   _printf_hex_int_ll_ptr.o
         6          0          0          0          0          0   _printf_i.o
       178          0          0          0          0         88   _printf_intcommon.o
        10          0          0          0          0          0   _printf_l.o
         6          0          0          0          0          0   _printf_lc.o
        10          0          0          0          0          0   _printf_ll.o
         6          0          0          0          0          0   _printf_lld.o
         6          0          0          0          0          0   _printf_lli.o
         6          0          0          0          0          0   _printf_llo.o
         6          0          0          0          0          0   _printf_llu.o
         6          0          0          0          0          0   _printf_llx.o
       124         16          0          0          0         92   _printf_longlong_dec.o
         6          0          0          0          0          0   _printf_ls.o
         6          0          0          0          0          0   _printf_n.o
         6          0          0          0          0          0   _printf_o.o
       112         10          0          0          0        124   _printf_oct_int_ll.o
         6          0          0          0          0          0   _printf_p.o
        78          0          0          0          0        108   _printf_pad.o
         0          0          0          0          0          0   _printf_percent.o
         4          0          0          0          0          0   _printf_percent_end.o
         6          0          0          0          0          0   _printf_s.o
        82          0          0          0          0         80   _printf_str.o
        36          0          0          0          0         84   _printf_truncate.o
         6          0          0          0          0          0   _printf_u.o
        44          0          0          0          0        108   _printf_wchar.o
       188          6          8          0          0         92   _printf_wctomb.o
         6          0          0          0          0          0   _printf_x.o
        22          0          0          0          0        100   _rserrno.o
        10          0          0          0          0         68   _sputc.o
        64          0          0          0          0         92   _wcrtomb.o
       228          4        148          0          0         96   bigflt0.o
      1936        128          0          0          0        672   btod.o
        36          4          0          0          0         76   c89vsprintf.o
        18          0          0          0          0         80   exit.o
         6          0          0          0          0        152   heapauxi.o
         0          0          0          0          0          0   indicate_semi.o
        44         10        272          0          0         76   lc_ctype_c.o
        44         10         28          0          0         76   lc_numeric_c.o
         2          0          0          0          0          0   libinit.o
        30          0          0          0          0          0   libinit2.o
         2          0          0          0          0          0   libshutdown.o
         2          0          0          0          0          0   libshutdown2.o
         8          4          0          0         96         68   libspace.o
       138          0          0          0          0         80   lludiv10.o
       238          0          0          0          0        100   lludivv7m.o
        16          4          0          0          0         76   rt_ctype_table.o
         8          4          0          0          0         68   rt_errno_addr_intlibspace.o
         8          4          0          0          0         68   rt_locale_intlibspace.o
        78          0          0          0          0         80   rt_memclr_w.o
       138          0          0          0          0         68   rt_memcpy_v6.o
       100          0          0          0          0         80   rt_memcpy_w.o
         2          0          0          0          0          0   rtexit.o
        10          0          0          0          0          0   rtexit2.o
        24          0          0          0          0         68   strcat.o
       128          0          0          0          0         68   strcmpv7m.o
        72          0          0          0          0         80   strcpy.o
        12          4          0          0          0         68   sys_exit.o
        74          0          0          0          0         80   sys_stackheap_outer.o
         2          0          0          0          0         68   use_no_semi.o
        98          4          0          0          0         92   d2f.o
       826         16          0          0          0        348   daddsub_clz.o
        16          4          0          0          0         68   dcheck1.o
        24          0          0          0          0         68   dcmpi.o
       688        140          0          0          0        208   ddiv.o
        90          4          0          0          0         92   dfixu.o
        84          0          0          0          0        136   dflt_clz.o
       120          4          0          0          0         92   dleqf.o
       340         12          0          0          0        104   dmul.o
       156          4          0          0          0         92   dnaninf.o
        12          0          0          0          0         68   dretinf.o
       108          0          0          0          0         80   drleqf.o
       460         56          0          0          0        120   dsqrt_noumaal.o
        86          4          0          0          0         84   f2d.o
       430          8          0          0          0        168   faddsub_clz.o
        24          0          0          0          0         68   fcmpi.o
       388         76          0          0          0         96   fdiv.o
        54          4          0          0          0         84   ffix.o
        62          4          0          0          0         84   ffixu.o
        86          0          0          0          0        136   fflt_clz.o
       104          4          0          0          0         84   fleqf.o
       258          4          0          0          0         84   fmul.o
       140          4          0          0          0         84   fnaninf.o
        10          0          0          0          0         68   fretinf.o
        98          0          0          0          0         68   frleqf.o
         4          0          0          0          0         68   printf1.o
       100          0          0          0          0         68   retnan.o
        92          0          0          0          0         68   scalbn.o
        48          0          0          0          0         68   trapv.o
         0          0          0          0          0          0   usenofp.o
        62         10          0          0          0        340   dunder.o
        40          0          0          0          0         68   fpclassify.o
       170          0          0          0          0         96   poly.o
      2520        190        136          0          0        324   pow.o
         0          0          8          0          0          0   qnan.o
        76          0          0          0          0         84   sqrt.o

    ----------------------------------------------------------------------
     14562        820        663          0        100       8380   Library Totals
        38          0          6          0          4          0   (incl. Padding)

    ----------------------------------------------------------------------

      Code (inc. data)   RO Data    RW Data    ZI Data      Debug   Library Name

      6650        268        513          0         96       4520   c_w.l
      5006        352          0          0          0       2948   fz_ws.l
      2868        200        144          0          0        912   m_ws.l

    ----------------------------------------------------------------------
     14562        820        663          0        100       8380   Library Totals

    ----------------------------------------------------------------------

==============================================================================


      Code (inc. data)   RO Data    RW Data    ZI Data      Debug   

     62586       4358      23126        292      21516     346087   Grand Totals
     62586       4358      23126        292      21516     346087   ELF Image Totals
     62586       4358      23126        292          0          0   ROM Totals

==============================================================================

    Total RO  Size (Code + RO Data)                85712 (  83.70kB)
    Total RW  Size (RW Data + ZI Data)             21808 (  21.30kB)
    Total ROM Size (Code + RO Data + RW Data)      86004 (  83.99kB)

==============================================================================

